Archive member included to satisfy reference by file (symbol)

.pio\build\teensy41\libc5c\libSdFat.a(FatFile.cpp.o)
                              .pio\build\teensy41\src\EBTKS.cpp.o (FatFile::close())
.pio\build\teensy41\libc5c\libSdFat.a(FatFileLFN.cpp.o)
                              .pio\build\teensy41\libc5c\libSdFat.a(FatFile.cpp.o) (FatFile::lfnChecksum(unsigned char*))
.pio\build\teensy41\libc5c\libSdFat.a(FatFilePrint.cpp.o)
                              .pio\build\teensy41\src\EBTKS_AUXROM_SD_Services.cpp.o (FatFile::ls(Print*, unsigned char, unsigned char))
.pio\build\teensy41\libc5c\libSdFat.a(FatFileSFN.cpp.o)
                              .pio\build\teensy41\libc5c\libSdFat.a(FatFileLFN.cpp.o) (FatFile::getSFN(char*))
.pio\build\teensy41\libc5c\libSdFat.a(FatPartition.cpp.o)
                              .pio\build\teensy41\libc5c\libSdFat.a(FatFile.cpp.o) (FatCache::read(unsigned long, unsigned char))
.pio\build\teensy41\libc5c\libSdFat.a(FatVolume.cpp.o)
                              .pio\build\teensy41\src\EBTKS_AUXROM_SD_Services.cpp.o (FatVolume::chdir(char const*))
.pio\build\teensy41\libc5c\libSdFat.a(SdSpiCard.cpp.o)
                              .pio\build\teensy41\src\EBTKS.cpp.o (vtable for SdSpiCard)
.pio\build\teensy41\libc5c\libSdFat.a(SdioTeensy.cpp.o)
                              .pio\build\teensy41\src\EBTKS.cpp.o (SdioCard::errorCode() const)
.pio\build\teensy41\libc5c\libSdFat.a(SdSpiChipSelect.cpp.o)
                              .pio\build\teensy41\libc5c\libSdFat.a(SdSpiCard.cpp.o) (sdCsInit(unsigned char))
.pio\build\teensy41\libc5c\libSdFat.a(SdSpiTeensy3.cpp.o)
                              .pio\build\teensy41\libc5c\libSdFat.a(SdSpiCard.cpp.o) (SdSpiArduinoDriver::activate())
.pio\build\teensy41\libc5c\libSdFat.a(FmtNumber.cpp.o)
                              .pio\build\teensy41\libc5c\libSdFat.a(FatFilePrint.cpp.o) (fmtBase10(char*, unsigned long))
.pio\build\teensy41\libc5c\libSdFat.a(FsDateTime.cpp.o)
                              .pio\build\teensy41\src\EBTKS.cpp.o (FsDateTime::setCallback(void (*)(unsigned short*, unsigned short*, unsigned char*)))
.pio\build\teensy41\libbeb\libBase64.a(Base64.cpp.o)
                              .pio\build\teensy41\src\EBTKS.cpp.o (Base64Class::encode(char*, char*, int))
.pio\build\teensy41\liba0e\libTime.a(Time.cpp.o)
                              .pio\build\teensy41\src\EBTKS_Utilities.cpp.o (now())
.pio\build\teensy41\libFrameworkArduino.a(HardwareSerial.cpp.o)
                              .pio\build\teensy41\src\EBTKS.cpp.o (HardwareSerial::available())
.pio\build\teensy41\libFrameworkArduino.a(HardwareSerial2.cpp.o)
                              .pio\build\teensy41\src\EBTKS.cpp.o (Serial2)
.pio\build\teensy41\libFrameworkArduino.a(Print.cpp.o)
                              .pio\build\teensy41\src\EBTKS.cpp.o (Print::write(unsigned char const*, unsigned int))
.pio\build\teensy41\libFrameworkArduino.a(Stream.cpp.o)
                              .pio\build\teensy41\src\EBTKS_Utilities.cpp.o (Stream::setTimeout(unsigned long))
.pio\build\teensy41\libFrameworkArduino.a(WString.cpp.o)
                              .pio\build\teensy41\src\EBTKS.cpp.o (String::~String())
.pio\build\teensy41\libFrameworkArduino.a(bootdata.c.o)
                              (ImageVectorTable)
.pio\build\teensy41\libFrameworkArduino.a(clockspeed.c.o)
                              .pio\build\teensy41\src\EBTKS.cpp.o (F_CPU_ACTUAL)
.pio\build\teensy41\libFrameworkArduino.a(delay.c.o)
                              .pio\build\teensy41\src\EBTKS.cpp.o (delay)
.pio\build\teensy41\libFrameworkArduino.a(digital.c.o)
                              .pio\build\teensy41\libc5c\libSdFat.a(SdSpiChipSelect.cpp.o) (digitalWrite)
.pio\build\teensy41\libFrameworkArduino.a(interrupt.c.o)
                              .pio\build\teensy41\src\EBTKS_Bus_Interface_ISR.cpp.o (attachInterrupt)
.pio\build\teensy41\libFrameworkArduino.a(main.cpp.o)
                              c:/users/philip freidin/.platformio/packages/toolchain-gccarmnoneeabi/bin/../lib/gcc/arm-none-eabi/5.4.1/../../../../arm-none-eabi/lib/armv7e-m/fpu/fpv5-d16/crt0.o (main)
.pio\build\teensy41\libFrameworkArduino.a(memcpy-armv7m.S.o)
                              .pio\build\teensy41\src\EBTKS.cpp.o (memcpy)
.pio\build\teensy41\libFrameworkArduino.a(new.cpp.o)
                              .pio\build\teensy41\src\EBTKS_SD.cpp.o (operator new(unsigned int))
.pio\build\teensy41\libFrameworkArduino.a(nonstd.c.o)
                              .pio\build\teensy41\libFrameworkArduino.a(WString.cpp.o) (ultoa)
.pio\build\teensy41\libFrameworkArduino.a(pwm.c.o)
                              .pio\build\teensy41\libFrameworkArduino.a(HardwareSerial.cpp.o) (xbar_connect)
.pio\build\teensy41\libFrameworkArduino.a(rtc.c.o)
                              .pio\build\teensy41\src\EBTKS_Utilities.cpp.o (rtc_get)
.pio\build\teensy41\libFrameworkArduino.a(serialEvent2.cpp.o)
[...]
Memory Configuration

Name             Origin             Length             Attributes
ITCM             0x00000000         0x00080000         xrw
DTCM             0x20000000         0x00080000         xrw
RAM              0x20200000         0x00080000         xrw
FLASH            0x60000000         0x007c0000         xrw
ERAM             0x70000000         0x00800000         xrw
*default*        0x00000000         0xffffffff

Linker script and memory map

LOAD c:/users/philip freidin/.platformio/packages/toolchain-gccarmnoneeabi/bin/../lib/gcc/arm-none-eabi/5.4.1/armv7e-m/fpu/fpv5-d16/crti.o
LOAD c:/users/philip freidin/.platformio/packages/toolchain-gccarmnoneeabi/bin/../lib/gcc/arm-none-eabi/5.4.1/armv7e-m/fpu/fpv5-d16/crtbegin.o
LOAD c:/users/philip freidin/.platformio/packages/toolchain-gccarmnoneeabi/bin/../lib/gcc/arm-none-eabi/5.4.1/../../../../arm-none-eabi/lib/armv7e-m/fpu/fpv5-d16/crt0.o
                0x6080296e                __rtc_localtime = 0x6080296e
LOAD .pio\build\teensy41\src\EBTKS.cpp.o
LOAD .pio\build\teensy41\src\EBTKS_1MB5.cpp.o
LOAD .pio\build\teensy41\src\EBTKS_AUXROM.cpp.o
LOAD .pio\build\teensy41\src\EBTKS_AUXROM_SD_Services.cpp.o
LOAD .pio\build\teensy41\src\EBTKS_Bank_Switched_ROM.cpp.o
LOAD .pio\build\teensy41\src\EBTKS_Bus_Interface_ISR.cpp.o
LOAD .pio\build\teensy41\src\EBTKS_CRT.cpp.o
LOAD .pio\build\teensy41\src\EBTKS_DMA.cpp.o
LOAD .pio\build\teensy41\src\EBTKS_Logging.cpp.o
LOAD .pio\build\teensy41\src\EBTKS_SD.cpp.o
LOAD .pio\build\teensy41\src\EBTKS_Tape_Drive.cpp.o
LOAD .pio\build\teensy41\src\EBTKS_Utilities.cpp.o
LOAD .pio\build\teensy41\src\EBTKS_sysmon.cpp.o
START GROUP
LOAD .pio\build\teensy41\lib04e\libSPI.a
LOAD .pio\build\teensy41\lib23a\libArduinoJson.a
LOAD .pio\build\teensy41\libc5c\libSdFat.a
LOAD .pio\build\teensy41\libbeb\libBase64.a
LOAD .pio\build\teensy41\liba0e\libTime.a
LOAD .pio\build\teensy41\libFrameworkArduino.a
LOAD c:/users/philip freidin/.platformio/packages/toolchain-gccarmnoneeabi/bin/../lib/gcc/arm-none-eabi/5.4.1/../../../../arm-none-eabi/lib\libarm_cortexM7lfsp_math.a
LOAD c:/users/philip freidin/.platformio/packages/toolchain-gccarmnoneeabi/bin/../lib/gcc/arm-none-eabi/5.4.1/../../../../arm-none-eabi/lib/armv7e-m/fpu/fpv5-d16\libstdc++.a
END GROUP
LOAD c:/users/philip freidin/.platformio/packages/toolchain-gccarmnoneeabi/bin/../lib/gcc/arm-none-eabi/5.4.1/../../../../arm-none-eabi/lib/armv7e-m/fpu/fpv5-d16\libstdc++.a
LOAD c:/users/philip freidin/.platformio/packages/toolchain-gccarmnoneeabi/bin/../lib/gcc/arm-none-eabi/5.4.1/../../../../arm-none-eabi/lib/armv7e-m/fpu/fpv5-d16\libm.a
START GROUP
LOAD c:/users/philip freidin/.platformio/packages/toolchain-gccarmnoneeabi/bin/../lib/gcc/arm-none-eabi/5.4.1/armv7e-m/fpu/fpv5-d16\libgcc.a
LOAD c:/users/philip freidin/.platformio/packages/toolchain-gccarmnoneeabi/bin/../lib/gcc/arm-none-eabi/5.4.1/../../../../arm-none-eabi/lib/armv7e-m/fpu/fpv5-d16\libc.a
END GROUP
LOAD c:/users/philip freidin/.platformio/packages/toolchain-gccarmnoneeabi/bin/../lib/gcc/arm-none-eabi/5.4.1/armv7e-m/fpu/fpv5-d16/crtend.o
LOAD c:/users/philip freidin/.platformio/packages/toolchain-gccarmnoneeabi/bin/../lib/gcc/arm-none-eabi/5.4.1/armv7e-m/fpu/fpv5-d16/crtn.o

.text.progmem   0x60000000     0x1b70
 *(.flashconfig)
 .flashconfig   0x60000000      0x200 .pio\build\teensy41\libFrameworkArduino.a(bootdata.c.o)
                0x60000000                FlexSPI_NOR_Config
 FILL mask 0xff
                0x60001000                . = (ORIGIN (FLASH) + 0x1000)
 *fill*         0x60000200      0xe00 ff
 *(.ivt)
 .ivt           0x60001000       0x20 .pio\build\teensy41\libFrameworkArduino.a(bootdata.c.o)
                0x60001000                ImageVectorTable
 *(.bootdata)
 .bootdata      0x60001020        0xc .pio\build\teensy41\libFrameworkArduino.a(bootdata.c.o)
                0x60001020                BootData
 *(.vectors)
 .vectors       0x6000102c        0x8 .pio\build\teensy41\libFrameworkArduino.a(bootdata.c.o)
                0x6000102c                vector_table
 *(.startup)
 .startup       0x60001034      0x274 .pio\build\teensy41\libFrameworkArduino.a(startup.c.o)
                0x60001034                ResetHandler
 *(.flashmem*)
 .flashmem      0x600012a8      0x4d8 .pio\build\teensy41\libFrameworkArduino.a(startup.c.o)
                0x600012a8                configure_cache
                0x600013a0                configure_external_ram
                0x6000171c                usb_pll_start
 .flashmem      0x60001780      0x138 .pio\build\teensy41\libFrameworkArduino.a(tempmon.c.o)
                0x60001780                tempmon_init
 .flashmem      0x600018b8       0xec .pio\build\teensy41\libFrameworkArduino.a(usb.c.o)
                0x600018b8                usb_init
 .flashmem      0x600019a4       0x58 .pio\build\teensy41\libFrameworkArduino.a(analog.c.o)
                0x600019a4                analog_init
 *(.progmem*)
 .progmem       0x600019fc       0x41 .pio\build\teensy41\libbeb\libBase64.a(Base64.cpp.o)
 .progmem       0x60001a3d        0x1 .pio\build\teensy41\libFrameworkArduino.a(serialEvent2.cpp.o)
                0x60001a3d                _serialEvent2_default
 *fill*         0x60001a3e        0x2 ff
 .progmem       0x60001a40       0xc6 .pio\build\teensy41\libFrameworkArduino.a(usb_desc.c.o)
                0x60001a40                usb_string_product_name_default
                0x60001a40                usb_string_product_name
                0x60001a58                usb_string_manufacturer_name
                0x60001a58                usb_string_manufacturer_name_default
                0x60001a70                string0
                0x60001a74                usb_config_descriptor_12
                0x60001ab8                usb_config_descriptor_480
 .progmem       0x60001b06        0x1 .pio\build\teensy41\libFrameworkArduino.a(serialEvent.cpp.o)
                0x60001b06                _serialEvent_default
                0x60001b08                . = ALIGN (0x4)
 *fill*         0x60001b07        0x1 ff
 *(.init)
 .init          0x60001b08        0x4 c:/users/philip freidin/.platformio/packages/toolchain-gccarmnoneeabi/bin/../lib/gcc/arm-none-eabi/5.4.1/armv7e-m/fpu/fpv5-d16/crti.o
                0x60001b08                _init
 .init          0x60001b0c        0x8 c:/users/philip freidin/.platformio/packages/toolchain-gccarmnoneeabi/bin/../lib/gcc/arm-none-eabi/5.4.1/armv7e-m/fpu/fpv5-d16/crtn.o
 *fill*         0x60001b14        0x4 ff
 .init.__stub   0x60001b18       0x48 linker stubs
                0x60001b60                __preinit_array_start = .
 *(.preinit_array)
                0x60001b60                __preinit_array_end = .
                0x60001b60                __init_array_start = .
 *(.init_array)
 .init_array    0x60001b60        0x4 c:/users/philip freidin/.platformio/packages/toolchain-gccarmnoneeabi/bin/../lib/gcc/arm-none-eabi/5.4.1/armv7e-m/fpu/fpv5-d16/crtbegin.o
 .init_array    0x60001b64        0x4 .pio\build\teensy41\src\EBTKS.cpp.o
 .init_array    0x60001b68        0x4 .pio\build\teensy41\src\EBTKS_AUXROM_SD_Services.cpp.o
                0x60001b6c                __init_array_end = .
                0x60001b70                . = ALIGN (0x10)
 *fill*         0x60001b6c        0x4 ff

.text.itcm      0x00000000    0x1fba0 load address 0x60001b70
                0x00000020                . = (. + 0x20)
 *fill*         0x00000000       0x20 
 *(.fastrun)
 .fastrun       0x00000020      0x798 .pio\build\teensy41\src\EBTKS_Bus_Interface_ISR.cpp.o
                0x00000020                pinChange_isr()
 .fastrun       0x000007b8      0x244 .pio\build\teensy41\src\EBTKS_Tape_Drive.cpp.o
                0x000007b8                readTapeStatus()
                0x000009a0                readTapeData()
                0x000009c8                writeTapeData(unsigned char)
                0x000009d4                writeTapeCtrl(unsigned char)
 .fastrun       0x000009fc       0xbc .pio\build\teensy41\libFrameworkArduino.a(interrupt.c.o)
                0x000009fc                irq_gpio6789
 *(.text*)
 .text          0x00000ab8       0x5c c:/users/philip freidin/.platformio/packages/toolchain-gccarmnoneeabi/bin/../lib/gcc/arm-none-eabi/5.4.1/armv7e-m/fpu/fpv5-d16/crtbegin.o
 .text._ZN5Print17availableForWriteEv
                0x00000b14        0x4 .pio\build\teensy41\src\EBTKS.cpp.o
                0x00000b14                Print::availableForWrite()
 .text._ZN5Print5flushEv
                0x00000b18        0x4 .pio\build\teensy41\src\EBTKS.cpp.o
                0x00000b18                Print::flush()
 .text._ZN15SdCardInterface6statusEv
                0x00000b1c        0x8 .pio\build\teensy41\src\EBTKS.cpp.o
                0x00000b1c                SdCardInterface::status()
 .text._ZN14Print_Splitter17availableForWriteEv
                0x00000b24        0x4 .pio\build\teensy41\src\EBTKS.cpp.o
                0x00000b24                Print_Splitter::availableForWrite()
 .text._ZN14Print_Splitter5writeEh
                0x00000b28       0x2c .pio\build\teensy41\src\EBTKS.cpp.o
                0x00000b28                Print_Splitter::write(unsigned char)
 .text._ZN7SdFat32D2Ev
                0x00000b54        0x4 .pio\build\teensy41\src\EBTKS.cpp.o
                0x00000b54                SdFat32::~SdFat32()
                0x00000b54                SdFat32::~SdFat32()
 .text._ZN10StreamFileI7FatFilemE9availableEv
                0x00000b58       0x20 .pio\build\teensy41\src\EBTKS.cpp.o
                0x00000b58                StreamFile<FatFile, unsigned long>::available()
 .text._Z8dateTimePtS_Ph
                0x00000b78       0x9c .pio\build\teensy41\src\EBTKS.cpp.o
                0x00000b78                dateTime(unsigned short*, unsigned short*, unsigned char*)
 .text._ZN10StreamFileI7FatFilemE4readEv
                0x00000c14       0x24 .pio\build\teensy41\src\EBTKS.cpp.o
                0x00000c14                StreamFile<FatFile, unsigned long>::read()
 .text._ZN10StreamFileI7FatFilemE4peekEv
                0x00000c38        0x8 .pio\build\teensy41\src\EBTKS.cpp.o
                0x00000c38                StreamFile<FatFile, unsigned long>::peek()
 .text._ZN10StreamFileI7FatFilemE5flushEv
                0x00000c40        0x8 .pio\build\teensy41\src\EBTKS.cpp.o
                0x00000c40                StreamFile<FatFile, unsigned long>::flush()
 .text._ZN10StreamFileI7FatFilemE5writeEPKhj
                0x00000c48        0x8 .pio\build\teensy41\src\EBTKS.cpp.o
                0x00000c48                StreamFile<FatFile, unsigned long>::write(unsigned char const*, unsigned int)
 .text._ZN10StreamFileI7FatFilemE5writeEh
                0x00000c50       0x1c .pio\build\teensy41\src\EBTKS.cpp.o
                0x00000c50                StreamFile<FatFile, unsigned long>::write(unsigned char)
 .text.setup    0x00000c6c      0x87c .pio\build\teensy41\src\EBTKS.cpp.o
                0x00000c6c                setup
 .text._Z20Boot_Messages_to_CRTv
                0x000014e8       0xb0 .pio\build\teensy41\src\EBTKS.cpp.o
                0x000014e8                Boot_Messages_to_CRT()
 .text._ZN18ArduinoJson6173_91orIPKcEENS_9enable_ifIXntsrNS_9IsVariantIT_EE5valueENS_9VariantAsIS5_E4typeEE4typeERKNS_11MemberProxyINSC_IRNS_12JsonDocumentES2_EES2_EES5_
                0x00001598      0x10c .pio\build\teensy41\src\EBTKS.cpp.o
                0x00001598                ArduinoJson6173_91::enable_if<!ArduinoJson6173_91::IsVariant<char const*>::value, ArduinoJson6173_91::VariantAs<char const*>::type>::type ArduinoJson6173_91::operator|<char const*>(ArduinoJson6173_91::MemberProxy<ArduinoJson6173_91::MemberProxy<ArduinoJson6173_91::JsonDocument&, char const*>, char const*> const&, char const*)
 .text._ZN18ArduinoJson6173_9112JsonDocument18createNestedObjectIKcEENS_9ObjectRefEPT_
                0x000016a4       0xac .pio\build\teensy41\src\EBTKS.cpp.o
                0x000016a4                ArduinoJson6173_91::ObjectRef ArduinoJson6173_91::JsonDocument::createNestedObject<char const>(char const*)
 .text._ZN18ArduinoJson6173_9116JsonDeserializerINS_6ReaderIPcvEENS_11StringMoverEE12parseVariantINS_14AllowAllFilterEEEbRNS_11VariantDataET_NS_12NestingLimitE
                0x00001750      0xe58 .pio\build\teensy41\src\EBTKS.cpp.o
                0x00001750                bool ArduinoJson6173_91::JsonDeserializer<ArduinoJson6173_91::Reader<char*, void>, ArduinoJson6173_91::StringMover>::parseVariant<ArduinoJson6173_91::AllowAllFilter>(ArduinoJson6173_91::VariantData&, ArduinoJson6173_91::AllowAllFilter, ArduinoJson6173_91::NestingLimit)
 .text._ZN18ArduinoJson6173_9114CollectionData14getOrAddMemberINS_21ConstRamStringAdapterEEEPNS_11VariantDataET_PNS_10MemoryPoolE
                0x000025a8       0x74 .pio\build\teensy41\src\EBTKS.cpp.o
                0x000025a8                ArduinoJson6173_91::VariantData* ArduinoJson6173_91::CollectionData::getOrAddMember<ArduinoJson6173_91::ConstRamStringAdapter>(ArduinoJson6173_91::ConstRamStringAdapter, ArduinoJson6173_91::MemoryPool*)
 .text._ZNK18ArduinoJson6173_9111VariantData10asIntegralIiEET_v
                0x0000261c      0x2b8 .pio\build\teensy41\src\EBTKS.cpp.o
                0x0000261c                int ArduinoJson6173_91::VariantData::asIntegral<int>() const
 .text._ZN18ArduinoJson6173_91orIiEENS_9enable_ifIXntsrNS_9IsVariantIT_EE5valueENS_9VariantAsIS3_E4typeEE4typeERKNS_11MemberProxyINSA_IRNS_12JsonDocumentEPKcEESE_EES3_
                0x000028d4      0x3ac .pio\build\teensy41\src\EBTKS.cpp.o
                0x000028d4                ArduinoJson6173_91::enable_if<!ArduinoJson6173_91::IsVariant<int>::value, ArduinoJson6173_91::VariantAs<int>::type>::type ArduinoJson6173_91::operator|<int>(ArduinoJson6173_91::MemberProxy<ArduinoJson6173_91::MemberProxy<ArduinoJson6173_91::JsonDocument&, char const*>, char const*> const&, int)
 .text._ZNK18ArduinoJson6173_9111VariantData6acceptINS_14JsonSerializerINS_6WriterI14HardwareSerialvEEEEEENT_11result_typeERS7_
                0x00002c80      0x5d0 .pio\build\teensy41\src\EBTKS.cpp.o
                0x00002c80                ArduinoJson6173_91::JsonSerializer<ArduinoJson6173_91::Writer<HardwareSerial, void> >::result_type ArduinoJson6173_91::VariantData::accept<ArduinoJson6173_91::JsonSerializer<ArduinoJson6173_91::Writer<HardwareSerial, void> > >(ArduinoJson6173_91::JsonSerializer<ArduinoJson6173_91::Writer<HardwareSerial, void> >&) const
 .text._ZN8ESPComms10processMsgEv
                0x00003250     0x1374 .pio\build\teensy41\src\EBTKS.cpp.o
                0x00003250                ESPComms::processMsg()
 .text.startup._GLOBAL__sub_I_AUXROM_RAM_Window
                0x000045c4       0xd0 .pio\build\teensy41\src\EBTKS.cpp.o
 .text.loop     0x00004694      0x1f8 .pio\build\teensy41\src\EBTKS.cpp.o
                0x00004694                loop
 .text._Z12onReadStatusv
                0x0000488c       0x48 .pio\build\teensy41\src\EBTKS_1MB5.cpp.o
                0x0000488c                onReadStatus()
 .text._Z8onReadIBv
                0x000048d4       0xb0 .pio\build\teensy41\src\EBTKS_1MB5.cpp.o
                0x000048d4                onReadIB()
 .text._Z10onWriteCCRh
                0x00004984       0x18 .pio\build\teensy41\src\EBTKS_1MB5.cpp.o
                0x00004984                onWriteCCR(unsigned char)
 .text._Z15onReadInterruptv
                0x0000499c       0x78 .pio\build\teensy41\src\EBTKS_1MB5.cpp.o
                0x0000499c                onReadInterrupt()
 .text._Z9onWriteObh
                0x00004a14       0x74 .pio\build\teensy41\src\EBTKS_1MB5.cpp.o
                0x00004a14                onWriteOb(unsigned char)
 .text._Z10HPIBOutputhhb.part.11
                0x00004a88       0x60 .pio\build\teensy41\src\EBTKS_1MB5.cpp.o
 .text._Z14initTranslatori
                0x00004ae8       0xac .pio\build\teensy41\src\EBTKS_1MB5.cpp.o
                0x00004ae8                initTranslator(int)
 .text._Z15get_Select_Codev
                0x00004b94        0xc .pio\build\teensy41\src\EBTKS_1MB5.cpp.o
                0x00004b94                get_Select_Code()
 .text._Z10HPIBOutputhhb
                0x00004ba0       0x38 .pio\build\teensy41\src\EBTKS_1MB5.cpp.o
                0x00004ba0                HPIBOutput(unsigned char, unsigned char, bool)
 .text._Z10HPIBAtnOuthh
                0x00004bd8       0x74 .pio\build\teensy41\src\EBTKS_1MB5.cpp.o
                0x00004bd8                HPIBAtnOut(unsigned char, unsigned char)
 .text._Z9processOBv
                0x00004c4c      0x378 .pio\build\teensy41\src\EBTKS_1MB5.cpp.o
                0x00004c4c                processOB()
 .text._Z14loopTranslatorv
                0x00004fc4      0x124 .pio\build\teensy41\src\EBTKS_1MB5.cpp.o
                0x00004fc4                loopTranslator()
 .text._Z19ioWriteAuxROM_Alerth
                0x000050e8       0x14 .pio\build\teensy41\src\EBTKS_AUXROM.cpp.o
                0x000050e8                ioWriteAuxROM_Alert(unsigned char)
 .text._Z18onReadAuxROM_Alertv
                0x000050fc       0x2c .pio\build\teensy41\src\EBTKS_AUXROM.cpp.o
                0x000050fc                onReadAuxROM_Alert()
 .text._Z11AUXROM_Pollv
                0x00005128      0x190 .pio\build\teensy41\src\EBTKS_AUXROM.cpp.o
                0x00005128                AUXROM_Poll()
 .text._Z20cvt_R12_int_to_int32Ph
                0x000052b8       0x60 .pio\build\teensy41\src\EBTKS_AUXROM.cpp.o
                0x000052b8                cvt_R12_int_to_int32(unsigned char*)
 .text._Z28cvt_HP85_real_to_IEEE_doublePh
                0x00005318      0x168 .pio\build\teensy41\src\EBTKS_AUXROM.cpp.o
                0x00005318                cvt_HP85_real_to_IEEE_double(unsigned char*)
 .text._Z23initialize_SD_functionsv
                0x00005480       0x24 .pio\build\teensy41\src\EBTKS_AUXROM_SD_Services.cpp.o
                0x00005480                initialize_SD_functions()
 .text._Z12AUXROM_CLOCKv
                0x000054a4        0x4 .pio\build\teensy41\src\EBTKS_AUXROM_SD_Services.cpp.o
                0x000054a4                AUXROM_CLOCK()
 .text._Z11AUXROM_HELPv
                0x000054a8       0x44 .pio\build\teensy41\src\EBTKS_AUXROM_SD_Services.cpp.o
                0x000054a8                AUXROM_HELP()
 .text._Z14AUXROM_SDCLOSEv
                0x000054ec       0xdc .pio\build\teensy41\src\EBTKS_AUXROM_SD_Services.cpp.o
                0x000054ec                AUXROM_SDCLOSE()
 .text._Z12AUXROM_SDCURv
                0x000055c8       0x60 .pio\build\teensy41\src\EBTKS_AUXROM_SD_Services.cpp.o
                0x000055c8                AUXROM_SDCUR()
 .text._Z14AUXROM_SDFLUSHv
                0x00005628       0xb0 .pio\build\teensy41\src\EBTKS_AUXROM_SD_Services.cpp.o
                0x00005628                AUXROM_SDFLUSH()
 .text._Z9parse_MSUPc
                0x000056d8       0xdc .pio\build\teensy41\src\EBTKS_AUXROM_SD_Services.cpp.o
                0x000056d8                parse_MSU(char*)
 .text._Z10AUXROM_SPFv
                0x000057b4      0x488 .pio\build\teensy41\src\EBTKS_AUXROM_SD_Services.cpp.o
                0x000057b4                AUXROM_SPF()
 .text._Z11AUXROM_WROMv
                0x00005c3c       0x78 .pio\build\teensy41\src\EBTKS_AUXROM_SD_Services.cpp.o
                0x00005c3c                AUXROM_WROM()
 .text._Z13AUXROM_MEMCPYv
                0x00005cb4        0x4 .pio\build\teensy41\src\EBTKS_AUXROM_SD_Services.cpp.o
                0x00005cb4                AUXROM_MEMCPY()
 .text._Z13AUXROM_SETLEDv
                0x00005cb8       0x58 .pio\build\teensy41\src\EBTKS_AUXROM_SD_Services.cpp.o
                0x00005cb8                AUXROM_SETLED()
 .text._Z15AUXROM_EBTKSREVv
                0x00005d10       0x60 .pio\build\teensy41\src\EBTKS_AUXROM_SD_Services.cpp.o
                0x00005d10                AUXROM_EBTKSREV()
 .text._Z28initialize_RMIDLE_processingv
                0x00005d70       0x14 .pio\build\teensy41\src\EBTKS_AUXROM_SD_Services.cpp.o
                0x00005d70                initialize_RMIDLE_processing()
 .text._Z20load_text_for_RMIDLEPc
                0x00005d84       0x10 .pio\build\teensy41\src\EBTKS_AUXROM_SD_Services.cpp.o
                0x00005d84                load_text_for_RMIDLE(char*)
 .text._Z16open_RMIDLE_filePc
                0x00005d94       0xe8 .pio\build\teensy41\src\EBTKS_AUXROM_SD_Services.cpp.o
                0x00005d94                open_RMIDLE_file(char*)
 .text._Z13AUXROM_RMIDLEv
                0x00005e7c       0xd0 .pio\build\teensy41\src\EBTKS_AUXROM_SD_Services.cpp.o
                0x00005e7c                AUXROM_RMIDLE()
 .text._Z11AUXROM_BOOTv
                0x00005f4c        0x4 .pio\build\teensy41\src\EBTKS_AUXROM_SD_Services.cpp.o
                0x00005f4c                AUXROM_BOOT()
 .text._Z12Resolve_PathPc
                0x00005f50      0x150 .pio\build\teensy41\src\EBTKS_AUXROM_SD_Services.cpp.o
                0x00005f50                Resolve_Path(char*)
 .text._Z25LineAtATime_ls_Init_SDCATPc
                0x000060a0       0x74 .pio\build\teensy41\src\EBTKS_AUXROM_SD_Services.cpp.o
                0x000060a0                LineAtATime_ls_Init_SDCAT(char*)
 .text._Z25LineAtATime_ls_Next_SDCATv
                0x00006114       0x64 .pio\build\teensy41\src\EBTKS_AUXROM_SD_Services.cpp.o
                0x00006114                LineAtATime_ls_Next_SDCAT()
 .text._Z25LineAtATime_ls_Init_SDDELPc
                0x00006178       0x74 .pio\build\teensy41\src\EBTKS_AUXROM_SD_Services.cpp.o
                0x00006178                LineAtATime_ls_Init_SDDEL(char*)
 .text._Z25post_custom_error_messagePKct
                0x000061ec       0x5c .pio\build\teensy41\src\EBTKS_AUXROM_SD_Services.cpp.o
                0x000061ec                post_custom_error_message(char const*, unsigned short)
 .text._Z12AUXROM_SDDELv
                0x00006248      0x27c .pio\build\teensy41\src\EBTKS_AUXROM_SD_Services.cpp.o
                0x00006248                AUXROM_SDDEL()
 .text._Z12AUXROM_MEDIAv
                0x000064c4       0xf0 .pio\build\teensy41\src\EBTKS_AUXROM_SD_Services.cpp.o
                0x000064c4                AUXROM_MEDIA()
 .text._Z14AUXROM_SDMKDIRv
                0x000065b4       0x88 .pio\build\teensy41\src\EBTKS_AUXROM_SD_Services.cpp.o
                0x000065b4                AUXROM_SDMKDIR()
 .text._Z13AUXROM_SDOPENv
                0x0000663c      0x110 .pio\build\teensy41\src\EBTKS_AUXROM_SD_Services.cpp.o
                0x0000663c                AUXROM_SDOPEN()
 .text._Z13AUXROM_SDREADv
                0x0000674c       0x7c .pio\build\teensy41\src\EBTKS_AUXROM_SD_Services.cpp.o
                0x0000674c                AUXROM_SDREAD()
 .text._Z12AUXROM_SDRENv
                0x000067c8      0x198 .pio\build\teensy41\src\EBTKS_AUXROM_SD_Services.cpp.o
                0x000067c8                AUXROM_SDREN()
 .text._Z13AUXROM_SDSEEKv
                0x00006960      0x11c .pio\build\teensy41\src\EBTKS_AUXROM_SD_Services.cpp.o
                0x00006960                AUXROM_SDSEEK()
 .text._Z14AUXROM_SDWRITEv
                0x00006a7c       0x84 .pio\build\teensy41\src\EBTKS_AUXROM_SD_Services.cpp.o
                0x00006a7c                AUXROM_SDWRITE()
 .text._Z14AUXROM_UNMOUNTv
                0x00006b00      0x194 .pio\build\teensy41\src\EBTKS_AUXROM_SD_Services.cpp.o
                0x00006b00                AUXROM_UNMOUNT()
 .text._Z12AUXROM_SDEOFv
                0x00006c94       0x98 .pio\build\teensy41\src\EBTKS_AUXROM_SD_Services.cpp.o
                0x00006c94                AUXROM_SDEOF()
 .text._Z15AUXROM_SDEXISTSv
                0x00006d2c       0x90 .pio\build\teensy41\src\EBTKS_AUXROM_SD_Services.cpp.o
                0x00006d2c                AUXROM_SDEXISTS()
 .text._Z12AUXROM_FLAGSv
                0x00006dbc      0x120 .pio\build\teensy41\src\EBTKS_AUXROM_SD_Services.cpp.o
                0x00006dbc                AUXROM_FLAGS()
 .text._Z11AUXROM_SDCDv
                0x00006edc      0x14c .pio\build\teensy41\src\EBTKS_AUXROM_SD_Services.cpp.o
                0x00006edc                AUXROM_SDCD()
 .text._Z14AUXROM_SDBATCHv
                0x00007028       0x9c .pio\build\teensy41\src\EBTKS_AUXROM_SD_Services.cpp.o
                0x00007028                AUXROM_SDBATCH()
 .text._Z12AUXROM_SDCATv
                0x000070c4      0x330 .pio\build\teensy41\src\EBTKS_AUXROM_SD_Services.cpp.o
                0x000070c4                AUXROM_SDCAT()
 .text._Z14AUXROM_SDRMDIRv
                0x000073f4      0x1c8 .pio\build\teensy41\src\EBTKS_AUXROM_SD_Services.cpp.o
                0x000073f4                AUXROM_SDRMDIR()
 .text._Z12copy_sd_filePKcS0_
                0x000075bc      0x1f0 .pio\build\teensy41\src\EBTKS_AUXROM_SD_Services.cpp.o
                0x000075bc                copy_sd_file(char const*, char const*)
 .text._Z13AUXROM_SDCOPYv
                0x000077ac      0x204 .pio\build\teensy41\src\EBTKS_AUXROM_SD_Services.cpp.o
                0x000077ac                AUXROM_SDCOPY()
 .text.startup._GLOBAL__sub_I_file
                0x000079b0      0x104 .pio\build\teensy41\src\EBTKS_AUXROM_SD_Services.cpp.o
 .text._Z12AUXROM_MOUNTv
                0x00007ab4      0x37c .pio\build\teensy41\src\EBTKS_AUXROM_SD_Services.cpp.o
                0x00007ab4                AUXROM_MOUNT()
 .text._Z13ioWriteRSELECh
                0x00007e30       0x1c .pio\build\teensy41\src\EBTKS_Bank_Switched_ROM.cpp.o
                0x00007e30                ioWriteRSELEC(unsigned char)
 .text._Z8initRomsv
                0x00007e4c       0x24 .pio\build\teensy41\src\EBTKS_Bank_Switched_ROM.cpp.o
                0x00007e4c                initRoms()
 .text._Z9getRselecv
                0x00007e70        0xc .pio\build\teensy41\src\EBTKS_Bank_Switched_ROM.cpp.o
                0x00007e70                getRselec()
 .text._Z9setRomMaphh
                0x00007e7c       0x18 .pio\build\teensy41\src\EBTKS_Bank_Switched_ROM.cpp.o
                0x00007e7c                setRomMap(unsigned char, unsigned char)
 .text._Z11getROMEntryh
                0x00007e94        0xc .pio\build\teensy41\src\EBTKS_Bank_Switched_ROM.cpp.o
                0x00007e94                getROMEntry(unsigned char)
 .text._Z13getRomSlotPtri
                0x00007ea0        0xc .pio\build\teensy41\src\EBTKS_Bank_Switched_ROM.cpp.o
                0x00007ea0                getRomSlotPtr(int)
 .text._Z11readBankRomt
                0x00007eac       0x48 .pio\build\teensy41\src\EBTKS_Bank_Switched_ROM.cpp.o
                0x00007eac                readBankRom(unsigned short)
 .text._Z14ioReadNullFuncv
                0x00007ef4        0x4 .pio\build\teensy41\src\EBTKS_Bus_Interface_ISR.cpp.o
                0x00007ef4                ioReadNullFunc()
 .text._Z15ioWriteNullFunch
                0x00007ef8        0x4 .pio\build\teensy41\src\EBTKS_Bus_Interface_ISR.cpp.o
                0x00007ef8                ioWriteNullFunc(unsigned char)
 .text._Z10onWriteGIEh
                0x00007efc        0xc .pio\build\teensy41\src\EBTKS_Bus_Interface_ISR.cpp.o
                0x00007efc                onWriteGIE(unsigned char)
 .text._Z16onWriteInterrupth
                0x00007f08        0xc .pio\build\teensy41\src\EBTKS_Bus_Interface_ISR.cpp.o
                0x00007f08                onWriteInterrupt(unsigned char)
 .text._Z5emc_rv
                0x00007f14      0x13c .pio\build\teensy41\src\EBTKS_Bus_Interface_ISR.cpp.o
                0x00007f14                emc_r()
 .text._Z5emc_wh
                0x00008050       0x9c .pio\build\teensy41\src\EBTKS_Bus_Interface_ISR.cpp.o
                0x00008050                emc_w(unsigned char)
 .text._Z15initIOfuncTablev
                0x000080ec       0x48 .pio\build\teensy41\src\EBTKS_Bus_Interface_ISR.cpp.o
                0x000080ec                initIOfuncTable()
 .text._Z13setIOReadFunchPFbvE
                0x00008134        0xc .pio\build\teensy41\src\EBTKS_Bus_Interface_ISR.cpp.o
                0x00008134                setIOReadFunc(unsigned char, bool (*)())
 .text._Z14setIOWriteFunchPFvhE
                0x00008140        0xc .pio\build\teensy41\src\EBTKS_Bus_Interface_ISR.cpp.o
                0x00008140                setIOWriteFunc(unsigned char, void (*)(unsigned char))
 .text._Z12enHP85RamExpb
                0x0000814c        0xc .pio\build\teensy41\src\EBTKS_Bus_Interface_ISR.cpp.o
                0x0000814c                enHP85RamExp(bool)
 .text._Z13getHP85RamExpv
                0x00008158        0xc .pio\build\teensy41\src\EBTKS_Bus_Interface_ISR.cpp.o
                0x00008158                getHP85RamExp()
 .text._Z14setupPinChangev
                0x00008164       0x38 .pio\build\teensy41\src\EBTKS_Bus_Interface_ISR.cpp.o
                0x00008164                setupPinChange()
 .text._Z13mySystick_isrv
                0x0000819c       0x20 .pio\build\teensy41\src\EBTKS_Bus_Interface_ISR.cpp.o
                0x0000819c                mySystick_isr()
 .text._Z8emc_initv
                0x000081bc       0x74 .pio\build\teensy41\src\EBTKS_Bus_Interface_ISR.cpp.o
                0x000081bc                emc_init()
 .text._Z13ioWriteCrtSadh
                0x00008230       0x40 .pio\build\teensy41\src\EBTKS_CRT.cpp.o
                0x00008230                ioWriteCrtSad(unsigned char)
 .text._Z13ioWriteCrtBadh
                0x00008270       0x50 .pio\build\teensy41\src\EBTKS_CRT.cpp.o
                0x00008270                ioWriteCrtBad(unsigned char)
 .text._Z14ioWriteCrtCtrlh
                0x000082c0       0x14 .pio\build\teensy41\src\EBTKS_CRT.cpp.o
                0x000082c0                ioWriteCrtCtrl(unsigned char)
 .text._Z13ioWriteCrtDath
                0x000082d4       0x6c .pio\build\teensy41\src\EBTKS_CRT.cpp.o
                0x000082d4                ioWriteCrtDat(unsigned char)
 .text._Z10initCrtEmuv
                0x00008340       0x48 .pio\build\teensy41\src\EBTKS_CRT.cpp.o
                0x00008340                initCrtEmu()
 .text._Z18Write_on_CRT_AlphattPKc
                0x00008388       0xc0 .pio\build\teensy41\src\EBTKS_CRT.cpp.o
                0x00008388                Write_on_CRT_Alpha(unsigned short, unsigned short, char const*)
 .text._Z17CRT_Timing_Test_1v
                0x00008448       0x90 .pio\build\teensy41\src\EBTKS_CRT.cpp.o
                0x00008448                CRT_Timing_Test_1()
 .text._Z17CRT_Timing_Test_2v
                0x000084d8       0xf4 .pio\build\teensy41\src\EBTKS_CRT.cpp.o
                0x000084d8                CRT_Timing_Test_2()
 .text._Z17CRT_Timing_Test_3v
                0x000085cc       0x24 .pio\build\teensy41\src\EBTKS_CRT.cpp.o
                0x000085cc                CRT_Timing_Test_3()
 .text._Z10writePixeliii
                0x000085f0       0x78 .pio\build\teensy41\src\EBTKS_CRT.cpp.o
                0x000085f0                writePixel(int, int, int)
 .text._Z9writeLineiiiii
                0x00008668       0xac .pio\build\teensy41\src\EBTKS_CRT.cpp.o
                0x00008668                writeLine(int, int, int, int, int)
 .text._Z18dumpCrtAlphaAsJSONPh
                0x00008714       0x30 .pio\build\teensy41\src\EBTKS_CRT.cpp.o
                0x00008714                dumpCrtAlphaAsJSON(unsigned char*)
 .text._Z18CRT_capture_screenv
                0x00008744       0x18 .pio\build\teensy41\src\EBTKS_CRT.cpp.o
                0x00008744                CRT_capture_screen()
 .text._Z18CRT_restore_screenv
                0x0000875c       0xc4 .pio\build\teensy41\src\EBTKS_CRT.cpp.o
                0x0000875c                CRT_restore_screen()
 .text._Z17CRT_Timing_Test_4v
                0x00008820       0xd0 .pio\build\teensy41\src\EBTKS_CRT.cpp.o
                0x00008820                CRT_Timing_Test_4()
 .text._ZL26DMA_Logic_Analyzer_SupportPhmi.part.0
                0x000088f0       0xdc .pio\build\teensy41\src\EBTKS_DMA.cpp.o
 .text._Z25EBTKS_delay_for_LMA_startv
                0x000089cc       0x24 .pio\build\teensy41\src\EBTKS_DMA.cpp.o
                0x000089cc                EBTKS_delay_for_LMA_start()
 .text._ZL12DMA_Preamblet
                0x000089f0      0x100 .pio\build\teensy41\src\EBTKS_DMA.cpp.o
 .text._ZL14DMA_Read_BurstPhm
                0x00008af0       0x90 .pio\build\teensy41\src\EBTKS_DMA.cpp.o
 .text._ZL15DMA_Write_BurstPhm
                0x00008b80       0xcc .pio\build\teensy41\src\EBTKS_DMA.cpp.o
 .text._Z14DMA_Read_BlockmPhm.part.1
                0x00008c4c       0xb4 .pio\build\teensy41\src\EBTKS_DMA.cpp.o
 .text._Z15DMA_Write_BlockmPhm.part.2
                0x00008d00       0xc0 .pio\build\teensy41\src\EBTKS_DMA.cpp.o
 .text._Z18assert_DMA_Requestv
                0x00008dc0       0x18 .pio\build\teensy41\src\EBTKS_DMA.cpp.o
                0x00008dc0                assert_DMA_Request()
 .text._Z14DMA_Read_BlockmPhm
                0x00008dd8       0x18 .pio\build\teensy41\src\EBTKS_DMA.cpp.o
                0x00008dd8                DMA_Read_Block(unsigned long, unsigned char*, unsigned long)
 .text._Z15DMA_Write_BlockmPhm
                0x00008df0       0x18 .pio\build\teensy41\src\EBTKS_DMA.cpp.o
                0x00008df0                DMA_Write_Block(unsigned long, unsigned char*, unsigned long)
 .text._Z19release_DMA_requestv
                0x00008e08       0xe8 .pio\build\teensy41\src\EBTKS_DMA.cpp.o
                0x00008e08                release_DMA_request()
 .text._Z9DMA_Peek8m
                0x00008ef0       0x48 .pio\build\teensy41\src\EBTKS_DMA.cpp.o
                0x00008ef0                DMA_Peek8(unsigned long)
 .text._Z9DMA_Poke8mh
                0x00008f38       0x48 .pio\build\teensy41\src\EBTKS_DMA.cpp.o
                0x00008f38                DMA_Poke8(unsigned long, unsigned char)
 .text._Z10DMA_Poke16mt
                0x00008f80       0x48 .pio\build\teensy41\src\EBTKS_DMA.cpp.o
                0x00008f80                DMA_Poke16(unsigned long, unsigned short)
 .text._Z12open_logfilev
                0x00008fc8       0x84 .pio\build\teensy41\src\EBTKS_Logging.cpp.o
                0x00008fc8                open_logfile()
 .text._Z17append_to_logfilePKc
                0x0000904c       0x28 .pio\build\teensy41\src\EBTKS_Logging.cpp.o
                0x0000904c                append_to_logfile(char const*)
 .text._Z13flush_logfilev
                0x00009074       0x18 .pio\build\teensy41\src\EBTKS_Logging.cpp.o
                0x00009074                flush_logfile()
 .text._Z13close_logfilev
                0x0000908c       0x1c .pio\build\teensy41\src\EBTKS_Logging.cpp.o
                0x0000908c                close_logfile()
 .text._Z13clean_logfilev
                0x000090a8       0x8c .pio\build\teensy41\src\EBTKS_Logging.cpp.o
                0x000090a8                clean_logfile()
 .text._ZN8HpibDisk8identifyEv
                0x00009134       0x24 .pio\build\teensy41\src\EBTKS_SD.cpp.o
                0x00009134                HpibDisk::identify()
 .text._ZN8HpibDisk11getFilenameEi
                0x00009158       0x1c .pio\build\teensy41\src\EBTKS_SD.cpp.o
                0x00009158                HpibDisk::getFilename(int)
 .text._ZN8HpibDisk12parallelPollEv
                0x00009174       0x10 .pio\build\teensy41\src\EBTKS_SD.cpp.o
                0x00009174                HpibDisk::parallelPoll()
 .text._ZN8HpibDisk5inputEv
                0x00009184       0x10 .pio\build\teensy41\src\EBTKS_SD.cpp.o
                0x00009184                HpibDisk::input()
 .text._ZN8HpibDisk7setFileEPKc
                0x00009194        0x4 .pio\build\teensy41\src\EBTKS_SD.cpp.o
                0x00009194                HpibDisk::setFile(char const*)
 .text._ZN9HpibPrint8identifyEv
                0x00009198        0x4 .pio\build\teensy41\src\EBTKS_SD.cpp.o
                0x00009198                HpibPrint::identify()
 .text._ZN9HpibPrint12onBurstWriteEPhi
                0x0000919c        0x4 .pio\build\teensy41\src\EBTKS_SD.cpp.o
                0x0000919c                HpibPrint::onBurstWrite(unsigned char*, int)
 .text._ZN9HpibPrint5inputEv
                0x000091a0        0x4 .pio\build\teensy41\src\EBTKS_SD.cpp.o
                0x000091a0                HpibPrint::input()
 .text._ZN9HpibPrint11getFilenameEi
                0x000091a4       0x10 .pio\build\teensy41\src\EBTKS_SD.cpp.o
                0x000091a4                HpibPrint::getFilename(int)
 .text._ZN9HpibPrint12parallelPollEv
                0x000091b4        0x4 .pio\build\teensy41\src\EBTKS_SD.cpp.o
                0x000091b4                HpibPrint::parallelPoll()
 .text._ZN9HpibPrint7setFileEiPKcb
                0x000091b8        0x4 .pio\build\teensy41\src\EBTKS_SD.cpp.o
                0x000091b8                HpibPrint::setFile(int, char const*, bool)
 .text._ZN9HpibPrint7addDiskEi
                0x000091bc        0x4 .pio\build\teensy41\src\EBTKS_SD.cpp.o
                0x000091bc                HpibPrint::addDisk(int)
 .text._ZN9HpibPrint5closeEi
                0x000091c0       0x24 .pio\build\teensy41\src\EBTKS_SD.cpp.o
                0x000091c0                HpibPrint::close(int)
 .text._ZN9HpibPrint4tickEv
                0x000091e4       0x20 .pio\build\teensy41\src\EBTKS_SD.cpp.o
                0x000091e4                HpibPrint::tick()
 .text._ZN8HpibDisk10processCmdEPhi
                0x00009204      0x288 .pio\build\teensy41\src\EBTKS_SD.cpp.o
                0x00009204                HpibDisk::processCmd(unsigned char*, int)
 .text._ZN8HpibDisk7setFileEiPKcb
                0x0000948c       0xcc .pio\build\teensy41\src\EBTKS_SD.cpp.o
                0x0000948c                HpibDisk::setFile(int, char const*, bool)
 .text._ZN9HpibPrint7setFileEPKc
                0x00009558       0xac .pio\build\teensy41\src\EBTKS_SD.cpp.o
                0x00009558                HpibPrint::setFile(char const*)
 .text._ZN8HpibDisk5closeEi
                0x00009604       0x38 .pio\build\teensy41\src\EBTKS_SD.cpp.o
                0x00009604                HpibDisk::close(int)
 .text._ZN8HpibDisk7addDiskEi
                0x0000963c       0xec .pio\build\teensy41\src\EBTKS_SD.cpp.o
                0x0000963c                HpibDisk::addDisk(int)
 .text._ZN9HpibPrint10processCmdEPhi
                0x00009728       0x20 .pio\build\teensy41\src\EBTKS_SD.cpp.o
                0x00009728                HpibPrint::processCmd(unsigned char*, int)
 .text._ZN9HpibPrint6atnOutEh
                0x00009748       0x7c .pio\build\teensy41\src\EBTKS_SD.cpp.o
                0x00009748                HpibPrint::atnOut(unsigned char)
 .text._ZN8HpibDisk12onBurstWriteEPhi
                0x000097c4       0x94 .pio\build\teensy41\src\EBTKS_SD.cpp.o
                0x000097c4                HpibDisk::onBurstWrite(unsigned char*, int)
 .text._ZN8HpibDisk4tickEv
                0x00009858       0xe8 .pio\build\teensy41\src\EBTKS_SD.cpp.o
                0x00009858                HpibDisk::tick()
 .text._ZN8HpibDisk6atnOutEh
                0x00009940      0x118 .pio\build\teensy41\src\EBTKS_SD.cpp.o
                0x00009940                HpibDisk::atnOut(unsigned char)
 .text._ZN18ArduinoJson6173_9111parseNumberEPKcRNS_11VariantDataE
                0x00009a58      0x298 .pio\build\teensy41\src\EBTKS_SD.cpp.o
                0x00009a58                ArduinoJson6173_91::parseNumber(char const*, ArduinoJson6173_91::VariantData&)
 .text._Z7loadRomPKciS0_
                0x00009cf0      0x364 .pio\build\teensy41\src\EBTKS_SD.cpp.o
                0x00009cf0                loadRom(char const*, int, char const*)
 .text._Z14get_MachineNumv
                0x0000a054        0xc .pio\build\teensy41\src\EBTKS_SD.cpp.o
                0x0000a054                get_MachineNum()
 .text._Z15get_machineTypev
                0x0000a060        0x8 .pio\build\teensy41\src\EBTKS_SD.cpp.o
                0x0000a060                get_machineType()
 .text._Z14get_CRTVerbosev
                0x0000a068        0xc .pio\build\teensy41\src\EBTKS_SD.cpp.o
                0x0000a068                get_CRTVerbose()
 .text._Z13get_screenEmuv
                0x0000a074        0xc .pio\build\teensy41\src\EBTKS_SD.cpp.o
                0x0000a074                get_screenEmu()
 .text._Z13get_CRTRemotev
                0x0000a080        0xc .pio\build\teensy41\src\EBTKS_SD.cpp.o
                0x0000a080                get_CRTRemote()
 .text._Z14get_EMC_Enablev
                0x0000a08c        0xc .pio\build\teensy41\src\EBTKS_SD.cpp.o
                0x0000a08c                get_EMC_Enable()
 .text._Z16get_EMC_NumBanksv
                0x0000a098        0xc .pio\build\teensy41\src\EBTKS_SD.cpp.o
                0x0000a098                get_EMC_NumBanks()
 .text._Z17get_EMC_StartBankv
                0x0000a0a4        0xc .pio\build\teensy41\src\EBTKS_SD.cpp.o
                0x0000a0a4                get_EMC_StartBank()
 .text._Z20get_EMC_StartAddressv
                0x0000a0b0        0xc .pio\build\teensy41\src\EBTKS_SD.cpp.o
                0x0000a0b0                get_EMC_StartAddress()
 .text._Z18get_EMC_EndAddressv
                0x0000a0bc        0xc .pio\build\teensy41\src\EBTKS_SD.cpp.o
                0x0000a0bc                get_EMC_EndAddress()
 .text._Z14get_EMC_masterv
                0x0000a0c8        0xc .pio\build\teensy41\src\EBTKS_SD.cpp.o
                0x0000a0c8                get_EMC_master()
 .text._ZNK18ArduinoJson6173_9111VariantData9getMemberINS_21ConstRamStringAdapterEEEPS0_T_
                0x0000a0d4       0x40 .pio\build\teensy41\src\EBTKS_SD.cpp.o
                0x0000a0d4                ArduinoJson6173_91::VariantData* ArduinoJson6173_91::VariantData::getMember<ArduinoJson6173_91::ConstRamStringAdapter>(ArduinoJson6173_91::ConstRamStringAdapter) const
 .text._ZN18ArduinoJson6173_9116JsonDeserializerINS_6ReaderI6File32vEENS_12StringCopierEE12parseVariantINS_14AllowAllFilterEEEbRNS_11VariantDataET_NS_12NestingLimitE
                0x0000a114     0x1138 .pio\build\teensy41\src\EBTKS_SD.cpp.o
                0x0000a114                bool ArduinoJson6173_91::JsonDeserializer<ArduinoJson6173_91::Reader<File32, void>, ArduinoJson6173_91::StringCopier>::parseVariant<ArduinoJson6173_91::AllowAllFilter>(ArduinoJson6173_91::VariantData&, ArduinoJson6173_91::AllowAllFilter, ArduinoJson6173_91::NestingLimit)
 .text._ZN18ArduinoJson6173_9111deserializeINS_16JsonDeserializerE6File32NS_14AllowAllFilterEEENS_20DeserializationErrorERNS_12JsonDocumentERT0_NS_12NestingLimitET1_.isra.67.constprop.68
                0x0000b24c       0x74 .pio\build\teensy41\src\EBTKS_SD.cpp.o
 .text._Z26mount_drives_based_on_JSONRN18ArduinoJson6173_9112JsonDocumentE
                0x0000b2c0     0x183c .pio\build\teensy41\src\EBTKS_SD.cpp.o
                0x0000b2c0                mount_drives_based_on_JSON(ArduinoJson6173_91::JsonDocument&)
 .text._Z17loadConfigurationPKc
                0x0000cafc     0x1db8 .pio\build\teensy41\src\EBTKS_SD.cpp.o
                0x0000cafc                loadConfiguration(char const*)
 .text._Z14remount_drivesPKc
                0x0000e8b4      0x2a8 .pio\build\teensy41\src\EBTKS_SD.cpp.o
                0x0000e8b4                remount_drives(char const*)
 .text._ZN4TapeC2Ev
                0x0000eb5c       0x40 .pio\build\teensy41\src\EBTKS_Tape_Drive.cpp.o
                0x0000eb5c                Tape::Tape()
                0x0000eb5c                Tape::Tape()
 .text._ZN4Tape7getFileEv
                0x0000eb9c        0x4 .pio\build\teensy41\src\EBTKS_Tape_Drive.cpp.o
                0x0000eb9c                Tape::getFile()
 .text._ZN4Tape9blockReadEm
                0x0000eba0       0x60 .pio\build\teensy41\src\EBTKS_Tape_Drive.cpp.o
                0x0000eba0                Tape::blockRead(unsigned long)
 .text._ZN4Tape10blockWriteEi
                0x0000ec00       0x44 .pio\build\teensy41\src\EBTKS_Tape_Drive.cpp.o
                0x0000ec00                Tape::blockWrite(int)
 .text._ZN4Tape5flushEv
                0x0000ec44       0x2c .pio\build\teensy41\src\EBTKS_Tape_Drive.cpp.o
                0x0000ec44                Tape::flush()
 .text._ZN4Tape5closeEv
                0x0000ec70       0x20 .pio\build\teensy41\src\EBTKS_Tape_Drive.cpp.o
                0x0000ec70                Tape::close()
 .text._ZN4Tape7setFileEPKc
                0x0000ec90       0xc8 .pio\build\teensy41\src\EBTKS_Tape_Drive.cpp.o
                0x0000ec90                Tape::setFile(char const*)
 .text._ZN4Tape6enableEb
                0x0000ed58       0x48 .pio\build\teensy41\src\EBTKS_Tape_Drive.cpp.o
                0x0000ed58                Tape::enable(bool)
 .text._ZN4Tape4pollEv
                0x0000eda0       0x8c .pio\build\teensy41\src\EBTKS_Tape_Drive.cpp.o
                0x0000eda0                Tape::poll()
 .text._Z24tape_handle_command_loadv
                0x0000ee2c       0x5c .pio\build\teensy41\src\EBTKS_Tape_Drive.cpp.o
                0x0000ee2c                tape_handle_command_load()
 .text._Z17tape_handle_MOUNTPc
                0x0000ee88       0x44 .pio\build\teensy41\src\EBTKS_Tape_Drive.cpp.o
                0x0000ee88                tape_handle_MOUNT(char*)
 .text._Z19tape_handle_UNMOUNTv
                0x0000eecc       0x34 .pio\build\teensy41\src\EBTKS_Tape_Drive.cpp.o
                0x0000eecc                tape_handle_UNMOUNT()
 .text._Z11proc_auxintv
                0x0000ef00       0x28 .pio\build\teensy41\src\EBTKS_Utilities.cpp.o
                0x0000ef00                proc_auxint()
 .text._Z6help_1v
                0x0000ef28       0x48 .pio\build\teensy41\src\EBTKS_Utilities.cpp.o
                0x0000ef28                help_1()
 .text._Z6help_2v
                0x0000ef70       0xf0 .pio\build\teensy41\src\EBTKS_Utilities.cpp.o
                0x0000ef70                help_2()
 .text._Z6help_3v
                0x0000f060       0xa8 .pio\build\teensy41\src\EBTKS_Utilities.cpp.o
                0x0000f060                help_3()
 .text._Z6help_4v
                0x0000f108       0x24 .pio\build\teensy41\src\EBTKS_Utilities.cpp.o
                0x0000f108                help_4()
 .text._Z6help_5v
                0x0000f12c       0x54 .pio\build\teensy41\src\EBTKS_Utilities.cpp.o
                0x0000f12c                help_5()
 .text._Z6help_6v
                0x0000f180       0x3c .pio\build\teensy41\src\EBTKS_Utilities.cpp.o
                0x0000f180                help_6()
 .text._Z6help_7v
                0x0000f1bc       0x24 .pio\build\teensy41\src\EBTKS_Utilities.cpp.o
                0x0000f1bc                help_7()
 .text._Z19time_adjust_minutesv
                0x0000f1e0       0x1c .pio\build\teensy41\src\EBTKS_Utilities.cpp.o
                0x0000f1e0                time_adjust_minutes()
 .text._Z17time_adjust_hoursv
                0x0000f1fc       0x1c .pio\build\teensy41\src\EBTKS_Utilities.cpp.o
                0x0000f1fc                time_adjust_hours()
 .text._Z13diag_sdread_1v
                0x0000f218      0x330 .pio\build\teensy41\src\EBTKS_Utilities.cpp.o
                0x0000f218                diag_sdread_1()
 .text._Z9pulse_PWOv
                0x0000f548       0x2c .pio\build\teensy41\src\EBTKS_Utilities.cpp.o
                0x0000f548                pulse_PWO()
 .text._Z15dump_ram_windowv
                0x0000f574       0xa8 .pio\build\teensy41\src\EBTKS_Utilities.cpp.o
                0x0000f574                dump_ram_window()
 .text._Z17Logic_analyzer_gov
                0x0000f61c       0xa8 .pio\build\teensy41\src\EBTKS_Utilities.cpp.o
                0x0000f61c                Logic_analyzer_go()
 .text._Z9proc_addrv
                0x0000f6c4       0xac .pio\build\teensy41\src\EBTKS_Utilities.cpp.o
                0x0000f6c4                proc_addr()
 .text._Z20Simple_Graphics_Testv
                0x0000f770       0x58 .pio\build\teensy41\src\EBTKS_Utilities.cpp.o
                0x0000f770                Simple_Graphics_Test()
 .text._Z8show_RTCv
                0x0000f7c8       0xa4 .pio\build\teensy41\src\EBTKS_Utilities.cpp.o
                0x0000f7c8                show_RTC()
 .text._Z6help_0v
                0x0000f86c       0x7c .pio\build\teensy41\src\EBTKS_Utilities.cpp.o
                0x0000f86c                help_0()
 .text._Z14just_once_funcv
                0x0000f8e8       0x20 .pio\build\teensy41\src\EBTKS_Utilities.cpp.o
                0x0000f8e8                just_once_func()
 .text._Z6jay_piv
                0x0000f908       0xc4 .pio\build\teensy41\src\EBTKS_Utilities.cpp.o
                0x0000f908                jay_pi()
 .text._Z12report_mediav
                0x0000f9cc       0xd4 .pio\build\teensy41\src\EBTKS_Utilities.cpp.o
                0x0000f9cc                report_media()
 .text._Z14SCOPE_1_Pulserh
                0x0000faa0       0x48 .pio\build\teensy41\src\EBTKS_Utilities.cpp.o
                0x0000faa0                SCOPE_1_Pulser(unsigned char)
 .text._Z14EBTKS_delay_nsl
                0x0000fae8       0x38 .pio\build\teensy41\src\EBTKS_Utilities.cpp.o
                0x0000fae8                EBTKS_delay_ns(long)
 .text._Z22get_serial_string_pollv
                0x0000fb20      0x10c .pio\build\teensy41\src\EBTKS_Utilities.cpp.o
                0x0000fb20                get_serial_string_poll()
 .text._Z22wait_for_serial_stringv
                0x0000fc2c       0x28 .pio\build\teensy41\src\EBTKS_Utilities.cpp.o
                0x0000fc2c                wait_for_serial_string()
 .text._Z20Setup_Logic_Analyzerv
                0x0000fc54      0xb30 .pio\build\teensy41\src\EBTKS_Utilities.cpp.o
                0x0000fc54                Setup_Logic_Analyzer()
 .text._Z18serial_string_usedv
                0x00010784       0x1c .pio\build\teensy41\src\EBTKS_Utilities.cpp.o
                0x00010784                serial_string_used()
 .text._Z15HexDump_T41_memmmbb
                0x000107a0       0x68 .pio\build\teensy41\src\EBTKS_Utilities.cpp.o
                0x000107a0                HexDump_T41_mem(unsigned long, unsigned long, bool, bool)
 .text._Z13diag_dir_pathPKc
                0x00010808       0x74 .pio\build\teensy41\src\EBTKS_Utilities.cpp.o
                0x00010808                diag_dir_path(char const*)
 .text._Z14diag_dir_tapesv
                0x0001087c        0xc .pio\build\teensy41\src\EBTKS_Utilities.cpp.o
                0x0001087c                diag_dir_tapes()
 .text._Z13diag_dir_rootv
                0x00010888        0xc .pio\build\teensy41\src\EBTKS_Utilities.cpp.o
                0x00010888                diag_dir_root()
 .text._Z14diag_dir_disksv
                0x00010894        0xc .pio\build\teensy41\src\EBTKS_Utilities.cpp.o
                0x00010894                diag_dir_disks()
 .text._Z13diag_dir_romsv
                0x000108a0        0xc .pio\build\teensy41\src\EBTKS_Utilities.cpp.o
                0x000108a0                diag_dir_roms()
 .text._Z18no_SD_card_messagev
                0x000108ac       0x88 .pio\build\teensy41\src\EBTKS_Utilities.cpp.o
                0x000108ac                no_SD_card_message()
 .text._Z11setLedColorhhhh
                0x00010934       0x1c .pio\build\teensy41\src\EBTKS_Utilities.cpp.o
                0x00010934                setLedColor(unsigned char, unsigned char, unsigned char, unsigned char)
 .text._Z13WS2812_updatev
                0x00010950       0x84 .pio\build\teensy41\src\EBTKS_Utilities.cpp.o
                0x00010950                WS2812_update()
 .text._Z14getTeensy3Timev
                0x000109d4        0x4 .pio\build\teensy41\src\EBTKS_Utilities.cpp.o
                0x000109d4                getTeensy3Time()
 .text._Z17protected_rtc_setv
                0x000109d8       0x28 .pio\build\teensy41\src\EBTKS_Utilities.cpp.o
                0x000109d8                protected_rtc_set()
 .text._Z8set_datev
                0x00010a00      0x254 .pio\build\teensy41\src\EBTKS_Utilities.cpp.o
                0x00010a00                set_date()
 .text._Z8set_timev
                0x00010c54      0x194 .pio\build\teensy41\src\EBTKS_Utilities.cpp.o
                0x00010c54                set_time()
 .text._Z20time_up_by_incrementv
                0x00010de8       0x44 .pio\build\teensy41\src\EBTKS_Utilities.cpp.o
                0x00010de8                time_up_by_increment()
 .text._Z22time_down_by_decrementv
                0x00010e2c       0x44 .pio\build\teensy41\src\EBTKS_Utilities.cpp.o
                0x00010e2c                time_down_by_decrement()
 .text._Z11str_tolowerPc
                0x00010e70       0x1c .pio\build\teensy41\src\EBTKS_Utilities.cpp.o
                0x00010e70                str_tolower(char*)
 .text._Z14MatchesPatternPcS_
                0x00010e8c       0x5c .pio\build\teensy41\src\EBTKS_Utilities.cpp.o
                0x00010e8c                MatchesPattern(char*, char*)
 .text._Z9dump_keysbb
                0x00010ee8      0x124 .pio\build\teensy41\src\EBTKS_Utilities.cpp.o
                0x00010ee8                dump_keys(bool, bool)
 .text._Z4showv
                0x0001100c      0x2bc .pio\build\teensy41\src\EBTKS_Utilities.cpp.o
                0x0001100c                show()
 .text._Z19Serial_Command_Pollv
                0x000112c8      0x13c .pio\build\teensy41\src\EBTKS_Utilities.cpp.o
                0x000112c8                Serial_Command_Poll()
 .text._Z19Logic_Analyzer_Pollv
                0x00011404      0x4c8 .pio\build\teensy41\src\EBTKS_Utilities.cpp.o
                0x00011404                Logic_Analyzer_Poll()
 .text._ZN7FatFile8openRootEP9FatVolume.part.36
                0x000118cc       0x34 .pio\build\teensy41\libc5c\libSdFat.a(FatFile.cpp.o)
 .text._ZN7FatFile10addClusterEv
                0x00011900       0x34 .pio\build\teensy41\libc5c\libSdFat.a(FatFile.cpp.o)
                0x00011900                FatFile::addCluster()
 .text._ZN7FatFile13addDirClusterEv
                0x00011934       0x94 .pio\build\teensy41\libc5c\libSdFat.a(FatFile.cpp.o)
                0x00011934                FatFile::addDirCluster()
 .text._ZN7FatFile13cacheDirEntryEh
                0x000119c8       0x20 .pio\build\teensy41\libc5c\libSdFat.a(FatFile.cpp.o)
                0x000119c8                FatFile::cacheDirEntry(unsigned char)
 .text._ZN7FatFile4syncEv.part.40
                0x000119e8       0x94 .pio\build\teensy41\libc5c\libSdFat.a(FatFile.cpp.o)
 .text._ZN7FatFile5closeEv
                0x00011a7c       0x20 .pio\build\teensy41\libc5c\libSdFat.a(FatFile.cpp.o)
                0x00011a7c                FatFile::close()
 .text._ZN7FatFile8dirEntryEP8DirFat_t
                0x00011a9c       0x48 .pio\build\teensy41\libc5c\libSdFat.a(FatFile.cpp.o)
                0x00011a9c                FatFile::dirEntry(DirFat_t*)
 .text._ZN7FatFile17getModifyDateTimeEPtS0_
                0x00011ae4       0x20 .pio\build\teensy41\libc5c\libSdFat.a(FatFile.cpp.o)
                0x00011ae4                FatFile::getModifyDateTime(unsigned short*, unsigned short*)
 .text._ZN7FatFile5mkdirEPS_P7fname_t
                0x00011b04      0x15c .pio\build\teensy41\libc5c\libSdFat.a(FatFile.cpp.o)
                0x00011b04                FatFile::mkdir(FatFile*, fname_t*)
 .text._ZN7FatFile5mkdirEPS_PKcb
                0x00011c60       0xc8 .pio\build\teensy41\libc5c\libSdFat.a(FatFile.cpp.o)
                0x00011c60                FatFile::mkdir(FatFile*, char const*, bool)
 .text._ZN7FatFile4openEPS_PKci
                0x00011d28       0xc8 .pio\build\teensy41\libc5c\libSdFat.a(FatFile.cpp.o)
                0x00011d28                FatFile::open(FatFile*, char const*, int)
 .text._ZN7FatFile4openEP9FatVolumePKci
                0x00011df0       0x10 .pio\build\teensy41\libc5c\libSdFat.a(FatFile.cpp.o)
                0x00011df0                FatFile::open(FatVolume*, char const*, int)
 .text._ZN7FatFile4openEPKci
                0x00011e00       0x24 .pio\build\teensy41\libc5c\libSdFat.a(FatFile.cpp.o)
                0x00011e00                FatFile::open(char const*, int)
 .text._ZN7FatFile8openRootEP9FatVolume
                0x00011e24        0xc .pio\build\teensy41\libc5c\libSdFat.a(FatFile.cpp.o)
                0x00011e24                FatFile::openRoot(FatVolume*)
 .text._ZN7FatFile4readEPvj
                0x00011e30      0x194 .pio\build\teensy41\libc5c\libSdFat.a(FatFile.cpp.o)
                0x00011e30                FatFile::read(void*, unsigned int)
 .text._ZN7FatFile4peekEv
                0x00011fc4       0x28 .pio\build\teensy41\libc5c\libSdFat.a(FatFile.cpp.o)
                0x00011fc4                FatFile::peek()
 .text._ZN7FatFile12readDirCacheEb
                0x00011fec       0x44 .pio\build\teensy41\libc5c\libSdFat.a(FatFile.cpp.o)
                0x00011fec                FatFile::readDirCache(bool)
 .text._ZN7FatFile6renameEPS_PKc
                0x00012030      0x1e4 .pio\build\teensy41\libc5c\libSdFat.a(FatFile.cpp.o)
                0x00012030                FatFile::rename(FatFile*, char const*)
 .text._ZN7FatFile5rmdirEv
                0x00012214       0x5c .pio\build\teensy41\libc5c\libSdFat.a(FatFile.cpp.o)
                0x00012214                FatFile::rmdir()
 .text._ZN7FatFile7seekSetEm
                0x00012270       0xb0 .pio\build\teensy41\libc5c\libSdFat.a(FatFile.cpp.o)
                0x00012270                FatFile::seekSet(unsigned long)
 .text._ZN7FatFile15openCachedEntryEPS_tih
                0x00012320       0xd4 .pio\build\teensy41\libc5c\libSdFat.a(FatFile.cpp.o)
                0x00012320                FatFile::openCachedEntry(FatFile*, unsigned short, int, unsigned char)
 .text._ZN7FatFile8openNextEPS_i
                0x000123f4       0x90 .pio\build\teensy41\libc5c\libSdFat.a(FatFile.cpp.o)
                0x000123f4                FatFile::openNext(FatFile*, int)
 .text._ZN7FatFile4syncEv
                0x00012484        0xc .pio\build\teensy41\libc5c\libSdFat.a(FatFile.cpp.o)
                0x00012484                FatFile::sync()
 .text._ZN7FatFile5writeEPKvj
                0x00012490      0x1e8 .pio\build\teensy41\libc5c\libSdFat.a(FatFile.cpp.o)
                0x00012490                FatFile::write(void const*, unsigned int)
 .text._ZL10lfnGetCharP8DirLfn_th
                0x00012678       0x2c .pio\build\teensy41\libc5c\libSdFat.a(FatFileLFN.cpp.o)
 .text._ZN7FatFile11lfnChecksumEPh
                0x000126a4       0x24 .pio\build\teensy41\libc5c\libSdFat.a(FatFileLFN.cpp.o)
                0x000126a4                FatFile::lfnChecksum(unsigned char*)
 .text._ZN7FatFile11openClusterEPS_
                0x000126c8       0x30 .pio\build\teensy41\libc5c\libSdFat.a(FatFileLFN.cpp.o)
                0x000126c8                FatFile::openCluster(FatFile*)
 .text._ZN7FatFile7getNameEPcj
                0x000126f8      0x108 .pio\build\teensy41\libc5c\libSdFat.a(FatFileLFN.cpp.o)
                0x000126f8                FatFile::getName(char*, unsigned int)
 .text._ZN7FatFile13parsePathNameEPKcP7fname_tPS1_
                0x00012800      0x284 .pio\build\teensy41\libc5c\libSdFat.a(FatFileLFN.cpp.o)
                0x00012800                FatFile::parsePathName(char const*, fname_t*, char const**)
 .text._ZN7FatFile9printNameEP5Print
                0x00012a84       0xbc .pio\build\teensy41\libc5c\libSdFat.a(FatFileLFN.cpp.o)
                0x00012a84                FatFile::printName(Print*)
 .text._ZN7FatFile6removeEv
                0x00012b40      0x128 .pio\build\teensy41\libc5c\libSdFat.a(FatFileLFN.cpp.o)
                0x00012b40                FatFile::remove()
 .text._ZN7FatFile12lfnUniqueSfnEP7fname_t
                0x00012c68       0xc0 .pio\build\teensy41\libc5c\libSdFat.a(FatFileLFN.cpp.o)
                0x00012c68                FatFile::lfnUniqueSfn(fname_t*)
 .text._ZN7FatFile4openEPS_P7fname_ti
                0x00012d28      0x39c .pio\build\teensy41\libc5c\libSdFat.a(FatFileLFN.cpp.o)
                0x00012d28                FatFile::open(FatFile*, fname_t*, int)
 .text._ZN7FatFile19printModifyDateTimeEP5Print
                0x000130c4       0x24 .pio\build\teensy41\libc5c\libSdFat.a(FatFilePrint.cpp.o)
                0x000130c4                FatFile::printModifyDateTime(Print*)
 .text._ZN7FatFile13printFileSizeEP5Print
                0x000130e8       0x3c .pio\build\teensy41\libc5c\libSdFat.a(FatFilePrint.cpp.o)
                0x000130e8                FatFile::printFileSize(Print*)
 .text._ZN7FatFile2lsEP5Printhh
                0x00013124      0x118 .pio\build\teensy41\libc5c\libSdFat.a(FatFilePrint.cpp.o)
                0x00013124                FatFile::ls(Print*, unsigned char, unsigned char)
 .text._ZN7FatFile6getSFNEPc.part.2
                0x0001323c       0x68 .pio\build\teensy41\libc5c\libSdFat.a(FatFileSFN.cpp.o)
 .text._ZN7FatFile6getSFNEPc
                0x000132a4       0x20 .pio\build\teensy41\libc5c\libSdFat.a(FatFileSFN.cpp.o)
                0x000132a4                FatFile::getSFN(char*)
 .text._ZN7FatFile8printSFNEP5Print
                0x000132c4       0x4c .pio\build\teensy41\libc5c\libSdFat.a(FatFileSFN.cpp.o)
                0x000132c4                FatFile::printSFN(Print*)
 .text._ZN8FatCache4syncEv.part.8
                0x00013310       0x4c .pio\build\teensy41\libc5c\libSdFat.a(FatPartition.cpp.o)
 .text._ZN8FatCache4readEmh
                0x0001335c       0x60 .pio\build\teensy41\libc5c\libSdFat.a(FatPartition.cpp.o)
                0x0001335c                FatCache::read(unsigned long, unsigned char)
 .text._ZN8FatCache4syncEv
                0x000133bc       0x10 .pio\build\teensy41\libc5c\libSdFat.a(FatPartition.cpp.o)
                0x000133bc                FatCache::sync()
 .text._ZNK12FatPartition18clusterStartSectorEm
                0x000133cc        0xc .pio\build\teensy41\libc5c\libSdFat.a(FatPartition.cpp.o)
                0x000133cc                FatPartition::clusterStartSector(unsigned long) const
 .text._ZN12FatPartition6fatGetEmPm
                0x000133d8       0x70 .pio\build\teensy41\libc5c\libSdFat.a(FatPartition.cpp.o)
                0x000133d8                FatPartition::fatGet(unsigned long, unsigned long*)
 .text._ZN12FatPartition6fatPutEmm
                0x00013448       0x68 .pio\build\teensy41\libc5c\libSdFat.a(FatPartition.cpp.o)
                0x00013448                FatPartition::fatPut(unsigned long, unsigned long)
 .text._ZN12FatPartition15allocateClusterEmPm
                0x000134b0       0x84 .pio\build\teensy41\libc5c\libSdFat.a(FatPartition.cpp.o)
                0x000134b0                FatPartition::allocateCluster(unsigned long, unsigned long*)
 .text._ZN12FatPartition9freeChainEm
                0x00013534       0x3c .pio\build\teensy41\libc5c\libSdFat.a(FatPartition.cpp.o)
                0x00013534                FatPartition::freeChain(unsigned long)
 .text._ZN12FatPartition4initEP20BlockDeviceInterfaceh
                0x00013570      0x120 .pio\build\teensy41\libc5c\libSdFat.a(FatPartition.cpp.o)
                0x00013570                FatPartition::init(BlockDeviceInterface*, unsigned char)
 .text._ZN9FatVolume5chdirEPKc
                0x00013690       0x4c .pio\build\teensy41\libc5c\libSdFat.a(FatVolume.cpp.o)
                0x00013690                FatVolume::chdir(char const*)
 .text._ZNK9SdSpiCard9errorCodeEv
                0x000136dc        0x4 .pio\build\teensy41\libc5c\libSdFat.a(SdSpiCard.cpp.o)
                0x000136dc                SdSpiCard::errorCode() const
 .text._ZNK9SdSpiCard9errorDataEv
                0x000136e0        0x4 .pio\build\teensy41\libc5c\libSdFat.a(SdSpiCard.cpp.o)
                0x000136e0                SdSpiCard::errorData() const
 .text._ZN9SdSpiCard10readSectorEmPh
                0x000136e4       0x10 .pio\build\teensy41\libc5c\libSdFat.a(SdSpiCard.cpp.o)
                0x000136e4                SdSpiCard::readSector(unsigned long, unsigned char*)
 .text._ZNK9SdSpiCard4typeEv
                0x000136f4        0x4 .pio\build\teensy41\libc5c\libSdFat.a(SdSpiCard.cpp.o)
                0x000136f4                SdSpiCard::type() const
 .text._ZN9SdSpiCard11writeSectorEmPKh
                0x000136f8       0x10 .pio\build\teensy41\libc5c\libSdFat.a(SdSpiCard.cpp.o)
                0x000136f8                SdSpiCard::writeSector(unsigned long, unsigned char const*)
 .text._ZN9SdSpiCardD2Ev
                0x00013708        0x4 .pio\build\teensy41\libc5c\libSdFat.a(SdSpiCard.cpp.o)
                0x00013708                SdSpiCard::~SdSpiCard()
                0x00013708                SdSpiCard::~SdSpiCard()
 .text._ZN9SdSpiCardD0Ev
                0x0001370c       0x10 .pio\build\teensy41\libc5c\libSdFat.a(SdSpiCard.cpp.o)
                0x0001370c                SdSpiCard::~SdSpiCard()
 .text._ZN9SdSpiCard12writeSectorsEmPKhj
                0x0001371c       0x78 .pio\build\teensy41\libc5c\libSdFat.a(SdSpiCard.cpp.o)
                0x0001371c                SdSpiCard::writeSectors(unsigned long, unsigned char const*, unsigned int)
 .text._ZN9SdSpiCard8spiStartEv.part.6.constprop.23
                0x00013794       0x18 .pio\build\teensy41\libc5c\libSdFat.a(SdSpiCard.cpp.o)
 .text._ZN9SdSpiCard7spiStopEv.part.7.constprop.26
                0x000137ac       0x24 .pio\build\teensy41\libc5c\libSdFat.a(SdSpiCard.cpp.o)
 .text._ZN9SdSpiCard6isBusyEv
                0x000137d0       0x40 .pio\build\teensy41\libc5c\libSdFat.a(SdSpiCard.cpp.o)
                0x000137d0                SdSpiCard::isBusy()
 .text._ZN9SdSpiCard8readDataEPhj
                0x00013810       0x74 .pio\build\teensy41\libc5c\libSdFat.a(SdSpiCard.cpp.o)
                0x00013810                SdSpiCard::readData(unsigned char*, unsigned int)
 .text._ZN9SdSpiCard11waitNotBusyEt
                0x00013884       0x30 .pio\build\teensy41\libc5c\libSdFat.a(SdSpiCard.cpp.o)
                0x00013884                SdSpiCard::waitNotBusy(unsigned short)
 .text._ZN9SdSpiCard11cardCommandEhm
                0x000138b4       0x80 .pio\build\teensy41\libc5c\libSdFat.a(SdSpiCard.cpp.o)
                0x000138b4                SdSpiCard::cardCommand(unsigned char, unsigned long)
 .text._ZN9SdSpiCard7readOCREPm
                0x00013934       0x54 .pio\build\teensy41\libc5c\libSdFat.a(SdSpiCard.cpp.o)
                0x00013934                SdSpiCard::readOCR(unsigned long*)
 .text._ZN9SdSpiCard12readRegisterEhPv
                0x00013988       0x4c .pio\build\teensy41\libc5c\libSdFat.a(SdSpiCard.cpp.o)
                0x00013988                SdSpiCard::readRegister(unsigned char, void*)
 .text._ZN9SdSpiCard7readCSDEP5csd_t
                0x000139d4        0x8 .pio\build\teensy41\libc5c\libSdFat.a(SdSpiCard.cpp.o)
                0x000139d4                SdSpiCard::readCSD(csd_t*)
 .text._ZN9SdSpiCard7readCIDEP3CID
                0x000139dc        0x8 .pio\build\teensy41\libc5c\libSdFat.a(SdSpiCard.cpp.o)
                0x000139dc                SdSpiCard::readCID(CID*)
 .text._ZN9SdSpiCard11sectorCountEv
                0x000139e4       0x98 .pio\build\teensy41\libc5c\libSdFat.a(SdSpiCard.cpp.o)
                0x000139e4                SdSpiCard::sectorCount()
 .text._ZN9SdSpiCard9readStartEm
                0x00013a7c       0x50 .pio\build\teensy41\libc5c\libSdFat.a(SdSpiCard.cpp.o)
                0x00013a7c                SdSpiCard::readStart(unsigned long)
 .text._ZN9SdSpiCard11readSectorsEmPhj
                0x00013acc       0x74 .pio\build\teensy41\libc5c\libSdFat.a(SdSpiCard.cpp.o)
                0x00013acc                SdSpiCard::readSectors(unsigned long, unsigned char*, unsigned int)
 .text._ZN9SdSpiCard8readStopEv
                0x00013b40       0x3c .pio\build\teensy41\libc5c\libSdFat.a(SdSpiCard.cpp.o)
                0x00013b40                SdSpiCard::readStop()
 .text._ZN9SdSpiCard10writeStartEm
                0x00013b7c       0x50 .pio\build\teensy41\libc5c\libSdFat.a(SdSpiCard.cpp.o)
                0x00013b7c                SdSpiCard::writeStart(unsigned long)
 .text._ZN9SdSpiCard5eraseEmm
                0x00013bcc       0xb4 .pio\build\teensy41\libc5c\libSdFat.a(SdSpiCard.cpp.o)
                0x00013bcc                SdSpiCard::erase(unsigned long, unsigned long)
 .text._ZN9SdSpiCard9writeStopEv
                0x00013c80       0x44 .pio\build\teensy41\libc5c\libSdFat.a(SdSpiCard.cpp.o)
                0x00013c80                SdSpiCard::writeStop()
 .text._ZN9SdSpiCard10syncDeviceEv
                0x00013cc4       0x2c .pio\build\teensy41\libc5c\libSdFat.a(SdSpiCard.cpp.o)
                0x00013cc4                SdSpiCard::syncDevice()
 .text._ZN9SdSpiCard9writeDataEhPKh
                0x00013cf0       0x54 .pio\build\teensy41\libc5c\libSdFat.a(SdSpiCard.cpp.o)
                0x00013cf0                SdSpiCard::writeData(unsigned char, unsigned char const*)
 .text._ZN9SdSpiCard9writeDataEPKh
                0x00013d44       0x34 .pio\build\teensy41\libc5c\libSdFat.a(SdSpiCard.cpp.o)
                0x00013d44                SdSpiCard::writeData(unsigned char const*)
 .text._ZL5sdIrsv
                0x00013d78       0x30 .pio\build\teensy41\libc5c\libSdFat.a(SdioTeensy.cpp.o)
 .text._ZL21isBusyCommandCompletev
                0x00013da8       0x18 .pio\build\teensy41\libc5c\libSdFat.a(SdioTeensy.cpp.o)
 .text._ZL20isBusyCommandInhibitv
                0x00013dc0       0x10 .pio\build\teensy41\libc5c\libSdFat.a(SdioTeensy.cpp.o)
 .text._ZL9isBusyDMAv
                0x00013dd0        0xc .pio\build\teensy41\libc5c\libSdFat.a(SdioTeensy.cpp.o)
 .text._ZL14isBusyFifoReadv
                0x00013ddc       0x14 .pio\build\teensy41\libc5c\libSdFat.a(SdioTeensy.cpp.o)
 .text._ZL15isBusyFifoWritev
                0x00013df0       0x14 .pio\build\teensy41\libc5c\libSdFat.a(SdioTeensy.cpp.o)
 .text._ZL22isBusyTransferCompletev
                0x00013e04       0x18 .pio\build\teensy41\libc5c\libSdFat.a(SdioTeensy.cpp.o)
 .text._ZL8setSdclkm
                0x00013e1c       0xd0 .pio\build\teensy41\libc5c\libSdFat.a(SdioTeensy.cpp.o)
 .text._ZNK8SdioCard9errorCodeEv
                0x00013eec        0xc .pio\build\teensy41\libc5c\libSdFat.a(SdioTeensy.cpp.o)
                0x00013eec                SdioCard::errorCode() const
 .text._ZNK8SdioCard9errorDataEv
                0x00013ef8        0xc .pio\build\teensy41\libc5c\libSdFat.a(SdioTeensy.cpp.o)
                0x00013ef8                SdioCard::errorData() const
 .text._ZN8SdioCard7readCIDEP3CID
                0x00013f04       0x1c .pio\build\teensy41\libc5c\libSdFat.a(SdioTeensy.cpp.o)
                0x00013f04                SdioCard::readCID(CID*)
 .text._ZN8SdioCard7readCSDEP5csd_t
                0x00013f20       0x1c .pio\build\teensy41\libc5c\libSdFat.a(SdioTeensy.cpp.o)
                0x00013f20                SdioCard::readCSD(csd_t*)
 .text._ZN8SdioCard7readOCREPm
                0x00013f3c       0x10 .pio\build\teensy41\libc5c\libSdFat.a(SdioTeensy.cpp.o)
                0x00013f3c                SdioCard::readOCR(unsigned long*)
 .text._ZN8SdioCardD2Ev
                0x00013f4c        0x4 .pio\build\teensy41\libc5c\libSdFat.a(SdioTeensy.cpp.o)
                0x00013f4c                SdioCard::~SdioCard()
                0x00013f4c                SdioCard::~SdioCard()
 .text._ZL11waitTimeoutPFbvE
                0x00013f50       0x28 .pio\build\teensy41\libc5c\libSdFat.a(SdioTeensy.cpp.o)
 .text._ZL12yieldTimeoutPFbvE
                0x00013f78       0x4c .pio\build\teensy41\libc5c\libSdFat.a(SdioTeensy.cpp.o)
 .text._ZN8SdioCardD0Ev
                0x00013fc4       0x10 .pio\build\teensy41\libc5c\libSdFat.a(SdioTeensy.cpp.o)
                0x00013fc4                SdioCard::~SdioCard()
 .text._ZL10enableGPIOb.part.0
                0x00013fd4       0x44 .pio\build\teensy41\libc5c\libSdFat.a(SdioTeensy.cpp.o)
 .text._ZNK8SdioCard4typeEv
                0x00014018       0x20 .pio\build\teensy41\libc5c\libSdFat.a(SdioTeensy.cpp.o)
                0x00014018                SdioCard::type() const
 .text._ZL11cardCommandmm
                0x00014038       0x68 .pio\build\teensy41\libc5c\libSdFat.a(SdioTeensy.cpp.o)
 .text._ZN8SdioCard6statusEv
                0x000140a0       0x20 .pio\build\teensy41\libc5c\libSdFat.a(SdioTeensy.cpp.o)
                0x000140a0                SdioCard::status()
 .text._ZL9readReg16mPv
                0x000140c0       0x5c .pio\build\teensy41\libc5c\libSdFat.a(SdioTeensy.cpp.o)
 .text._ZL11isBusyCMD13v
                0x0001411c       0x2c .pio\build\teensy41\libc5c\libSdFat.a(SdioTeensy.cpp.o)
 .text._ZN8SdioCard6isBusyEv
                0x00014148       0x1c .pio\build\teensy41\libc5c\libSdFat.a(SdioTeensy.cpp.o)
                0x00014148                SdioCard::isBusy()
 .text._ZL13waitDmaStatusv.part.7
                0x00014164       0x20 .pio\build\teensy41\libc5c\libSdFat.a(SdioTeensy.cpp.o)
 .text._ZL11rdWrSectorsmmPhj
                0x00014184       0xb8 .pio\build\teensy41\libc5c\libSdFat.a(SdioTeensy.cpp.o)
 .text._ZN8SdioCard11sectorCountEv
                0x0001423c       0x6c .pio\build\teensy41\libc5c\libSdFat.a(SdioTeensy.cpp.o)
                0x0001423c                SdioCard::sectorCount()
 .text._ZN8SdioCard5eraseEmm
                0x000142a8       0xd4 .pio\build\teensy41\libc5c\libSdFat.a(SdioTeensy.cpp.o)
                0x000142a8                SdioCard::erase(unsigned long, unsigned long)
 .text._ZL12transferStopv
                0x0001437c       0x6c .pio\build\teensy41\libc5c\libSdFat.a(SdioTeensy.cpp.o)
 .text._ZN8SdioCard9writeStopEv
                0x000143e8        0x4 .pio\build\teensy41\libc5c\libSdFat.a(SdioTeensy.cpp.o)
                0x000143e8                SdioCard::writeStop()
                0x000143e8                SdioCard::readStop()
 .text._ZN8SdioCard9writeDataEPKh
                0x000143ec       0xbc .pio\build\teensy41\libc5c\libSdFat.a(SdioTeensy.cpp.o)
                0x000143ec                SdioCard::writeData(unsigned char const*)
 .text._ZN8SdioCard10writeStartEm
                0x000144a8       0x6c .pio\build\teensy41\libc5c\libSdFat.a(SdioTeensy.cpp.o)
                0x000144a8                SdioCard::writeStart(unsigned long)
 .text._ZN8SdioCard11readSectorsEmPhj
                0x00014514       0x88 .pio\build\teensy41\libc5c\libSdFat.a(SdioTeensy.cpp.o)
                0x00014514                SdioCard::readSectors(unsigned long, unsigned char*, unsigned int)
 .text._ZN8SdioCard12writeSectorsEmPKhj
                0x0001459c       0x88 .pio\build\teensy41\libc5c\libSdFat.a(SdioTeensy.cpp.o)
                0x0001459c                SdioCard::writeSectors(unsigned long, unsigned char const*, unsigned int)
 .text._ZN8SdioCard11writeSectorEmPKh
                0x00014624       0xa0 .pio\build\teensy41\libc5c\libSdFat.a(SdioTeensy.cpp.o)
                0x00014624                SdioCard::writeSector(unsigned long, unsigned char const*)
 .text._ZN8SdioCard10syncDeviceEv
                0x000146c4       0x38 .pio\build\teensy41\libc5c\libSdFat.a(SdioTeensy.cpp.o)
                0x000146c4                SdioCard::syncDevice()
 .text._ZL8cardCMD6mPh
                0x000146fc       0x9c .pio\build\teensy41\libc5c\libSdFat.a(SdioTeensy.cpp.o)
 .text._ZN8SdioCard5beginE10SdioConfig
                0x00014798      0x364 .pio\build\teensy41\libc5c\libSdFat.a(SdioTeensy.cpp.o)
                0x00014798                SdioCard::begin(SdioConfig)
 .text._ZN8SdioCard8readDataEPh
                0x00014afc       0xbc .pio\build\teensy41\libc5c\libSdFat.a(SdioTeensy.cpp.o)
                0x00014afc                SdioCard::readData(unsigned char*)
 .text._ZN8SdioCard9readStartEm
                0x00014bb8       0x6c .pio\build\teensy41\libc5c\libSdFat.a(SdioTeensy.cpp.o)
                0x00014bb8                SdioCard::readStart(unsigned long)
 .text._ZN8SdioCard10readSectorEmPh
                0x00014c24       0xb0 .pio\build\teensy41\libc5c\libSdFat.a(SdioTeensy.cpp.o)
                0x00014c24                SdioCard::readSector(unsigned long, unsigned char*)
 .text._Z9sdCsWritehb
                0x00014cd4        0x4 .pio\build\teensy41\libc5c\libSdFat.a(SdSpiChipSelect.cpp.o)
                0x00014cd4                sdCsWrite(unsigned char, bool)
 .text._ZN18SdSpiArduinoDriver8activateEv
                0x00014cd8      0x108 .pio\build\teensy41\libc5c\libSdFat.a(SdSpiTeensy3.cpp.o)
                0x00014cd8                SdSpiArduinoDriver::activate()
 .text._ZN18SdSpiArduinoDriver10deactivateEv
                0x00014de0       0x58 .pio\build\teensy41\libc5c\libSdFat.a(SdSpiTeensy3.cpp.o)
                0x00014de0                SdSpiArduinoDriver::deactivate()
 .text._ZN18SdSpiArduinoDriver7receiveEv
                0x00014e38       0x18 .pio\build\teensy41\libc5c\libSdFat.a(SdSpiTeensy3.cpp.o)
                0x00014e38                SdSpiArduinoDriver::receive()
 .text._ZN18SdSpiArduinoDriver7receiveEPhj
                0x00014e50       0x20 .pio\build\teensy41\libc5c\libSdFat.a(SdSpiTeensy3.cpp.o)
                0x00014e50                SdSpiArduinoDriver::receive(unsigned char*, unsigned int)
 .text._ZN18SdSpiArduinoDriver4sendEh
                0x00014e70       0x14 .pio\build\teensy41\libc5c\libSdFat.a(SdSpiTeensy3.cpp.o)
                0x00014e70                SdSpiArduinoDriver::send(unsigned char)
 .text._ZN18SdSpiArduinoDriver4sendEPKhj
                0x00014e84       0x50 .pio\build\teensy41\libc5c\libSdFat.a(SdSpiTeensy3.cpp.o)
                0x00014e84                SdSpiArduinoDriver::send(unsigned char const*, unsigned int)
 .text._Z9fmtBase10Pct
                0x00014ed4       0x58 .pio\build\teensy41\libc5c\libSdFat.a(FmtNumber.cpp.o)
                0x00014ed4                fmtBase10(char*, unsigned short)
 .text._Z9fmtBase10Pcm
                0x00014f2c       0x54 .pio\build\teensy41\libc5c\libSdFat.a(FmtNumber.cpp.o)
                0x00014f2c                fmtBase10(char*, unsigned long)
 .text._ZN10FsDateTime11setCallbackEPFvPtS0_PhE
                0x00014f80        0xc .pio\build\teensy41\libc5c\libSdFat.a(FsDateTime.cpp.o)
                0x00014f80                FsDateTime::setCallback(void (*)(unsigned short*, unsigned short*, unsigned char*))
 .text._Z9fsFmtDatePct
                0x00014f8c       0x54 .pio\build\teensy41\libc5c\libSdFat.a(FsDateTime.cpp.o)
                0x00014f8c                fsFmtDate(char*, unsigned short)
 .text._Z9fsFmtTimePct
                0x00014fe0       0x38 .pio\build\teensy41\libc5c\libSdFat.a(FsDateTime.cpp.o)
                0x00014fe0                fsFmtTime(char*, unsigned short)
 .text._Z15fsPrintDateTimeP5Printtt
                0x00015018       0x44 .pio\build\teensy41\libc5c\libSdFat.a(FsDateTime.cpp.o)
                0x00015018                fsPrintDateTime(Print*, unsigned short, unsigned short)
 .text._ZN11Base64Class6encodeEPcS0_i
                0x0001505c      0x138 .pio\build\teensy41\libbeb\libBase64.a(Base64.cpp.o)
                0x0001505c                Base64Class::encode(char*, char*, int)
 .text._ZN11Base64Class6decodeEPcS0_i
                0x00015194      0x1a8 .pio\build\teensy41\libbeb\libBase64.a(Base64.cpp.o)
                0x00015194                Base64Class::decode(char*, char*, int)
 .text._Z9breakTimelR12tmElements_t
                0x0001533c      0x1a8 .pio\build\teensy41\liba0e\libTime.a(Time.cpp.o)
                0x0001533c                breakTime(long, tmElements_t&)
 .text._Z12refreshCachel.part.0
                0x000154e4       0x18 .pio\build\teensy41\liba0e\libTime.a(Time.cpp.o)
 .text._Z8makeTimeRK12tmElements_t
                0x000154fc      0x100 .pio\build\teensy41\liba0e\libTime.a(Time.cpp.o)
                0x000154fc                makeTime(tmElements_t const&)
 .text._Z3nowv  0x000155fc       0x8c .pio\build\teensy41\liba0e\libTime.a(Time.cpp.o)
                0x000155fc                now()
 .text._Z4hourv
                0x00015688       0x20 .pio\build\teensy41\liba0e\libTime.a(Time.cpp.o)
                0x00015688                hour()
 .text._Z6minutev
                0x000156a8       0x20 .pio\build\teensy41\liba0e\libTime.a(Time.cpp.o)
                0x000156a8                minute()
 .text._Z6secondv
                0x000156c8       0x20 .pio\build\teensy41\liba0e\libTime.a(Time.cpp.o)
                0x000156c8                second()
 .text._Z3dayv  0x000156e8       0x20 .pio\build\teensy41\liba0e\libTime.a(Time.cpp.o)
                0x000156e8                day()
 .text._Z7weekdayv
                0x00015708       0x20 .pio\build\teensy41\liba0e\libTime.a(Time.cpp.o)
                0x00015708                weekday()
 .text._Z5monthv
                0x00015728       0x20 .pio\build\teensy41\liba0e\libTime.a(Time.cpp.o)
                0x00015728                month()
 .text._Z4yearv
                0x00015748       0x24 .pio\build\teensy41\liba0e\libTime.a(Time.cpp.o)
                0x00015748                year()
 .text._Z7setTimel
                0x0001576c       0x3c .pio\build\teensy41\liba0e\libTime.a(Time.cpp.o)
                0x0001576c                setTime(long)
 .text._Z7setTimeiiiiii
                0x000157a8       0x64 .pio\build\teensy41\liba0e\libTime.a(Time.cpp.o)
                0x000157a8                setTime(int, int, int, int, int, int)
 .text._Z15setSyncProviderPFlvE
                0x0001580c       0x1c .pio\build\teensy41\liba0e\libTime.a(Time.cpp.o)
                0x0001580c                setSyncProvider(long (*)())
 .text._ZN14HardwareSerial17availableForWriteEv
                0x00015828       0x20 .pio\build\teensy41\libFrameworkArduino.a(HardwareSerial.cpp.o)
                0x00015828                HardwareSerial::availableForWrite()
 .text._ZN14HardwareSerial9availableEv
                0x00015848       0x58 .pio\build\teensy41\libFrameworkArduino.a(HardwareSerial.cpp.o)
                0x00015848                HardwareSerial::available()
 .text._ZN14HardwareSerial4peekEv
                0x000158a0       0xb4 .pio\build\teensy41\libFrameworkArduino.a(HardwareSerial.cpp.o)
                0x000158a0                HardwareSerial::peek()
 .text._ZN14HardwareSerial4readEv
                0x00015954       0xd4 .pio\build\teensy41\libFrameworkArduino.a(HardwareSerial.cpp.o)
                0x00015954                HardwareSerial::read()
 .text._ZN14HardwareSerial5flushEv
                0x00015a28       0x1c .pio\build\teensy41\libFrameworkArduino.a(HardwareSerial.cpp.o)
                0x00015a28                HardwareSerial::flush()
 .text._Z23nvic_execution_priorityv
                0x00015a44       0x40 .pio\build\teensy41\libFrameworkArduino.a(HardwareSerial.cpp.o)
                0x00015a44                nvic_execution_priority()
 .text._ZN14HardwareSerial5beginEmt
                0x00015a84      0x274 .pio\build\teensy41\libFrameworkArduino.a(HardwareSerial.cpp.o)
                0x00015a84                HardwareSerial::begin(unsigned long, unsigned short)
 .text._ZN14HardwareSerial9write9bitEm
                0x00015cf8       0xec .pio\build\teensy41\libFrameworkArduino.a(HardwareSerial.cpp.o)
                0x00015cf8                HardwareSerial::write9bit(unsigned long)
 .text._ZN14HardwareSerial5writeEh
                0x00015de4        0x4 .pio\build\teensy41\libFrameworkArduino.a(HardwareSerial.cpp.o)
                0x00015de4                HardwareSerial::write(unsigned char)
 .text._ZN14HardwareSerial10IRQHandlerEv
                0x00015de8      0x148 .pio\build\teensy41\libFrameworkArduino.a(HardwareSerial.cpp.o)
                0x00015de8                HardwareSerial::IRQHandler()
 .text.IRQHandler_Serial2
                0x00015f30        0xc .pio\build\teensy41\libFrameworkArduino.a(HardwareSerial2.cpp.o)
                0x00015f30                IRQHandler_Serial2
 .text._ZN5Print5writeEPKhj
                0x00015f3c       0x2c .pio\build\teensy41\libFrameworkArduino.a(Print.cpp.o)
                0x00015f3c                Print::write(unsigned char const*, unsigned int)
 .text._write   0x00015f68       0x10 .pio\build\teensy41\libFrameworkArduino.a(Print.cpp.o)
                0x00015f68                _write
 .text._ZN5Print6printfEPKcz
                0x00015f78       0x20 .pio\build\teensy41\libFrameworkArduino.a(Print.cpp.o)
                0x00015f78                Print::printf(char const*, ...)
 .text._ZN6Stream9timedReadEv
                0x00015f98       0x30 .pio\build\teensy41\libFrameworkArduino.a(Stream.cpp.o)
                0x00015f98                Stream::timedRead()
 .text._ZN6Stream10setTimeoutEm
                0x00015fc8        0x4 .pio\build\teensy41\libFrameworkArduino.a(Stream.cpp.o)
                0x00015fc8                Stream::setTimeout(unsigned long)
 .text._ZN6Stream9readBytesEPcj
                0x00015fcc       0x34 .pio\build\teensy41\libFrameworkArduino.a(Stream.cpp.o)
                0x00015fcc                Stream::readBytes(char*, unsigned int)
 .text._ZN6StringD2Ev
                0x00016000       0x10 .pio\build\teensy41\libFrameworkArduino.a(WString.cpp.o)
                0x00016000                String::~String()
                0x00016000                String::~String()
 .text._ZN6String7reserveEj
                0x00016010       0x2c .pio\build\teensy41\libFrameworkArduino.a(WString.cpp.o)
                0x00016010                String::reserve(unsigned int)
 .text._ZN6String4copyEPKcj
                0x0001603c       0x44 .pio\build\teensy41\libFrameworkArduino.a(WString.cpp.o)
                0x0001603c                String::copy(char const*, unsigned int)
 .text._ZN6StringC2EPKc
                0x00016080       0x28 .pio\build\teensy41\libFrameworkArduino.a(WString.cpp.o)
                0x00016080                String::String(char const*)
                0x00016080                String::String(char const*)
 .text.set_arm_clock
                0x000160a8      0x2c4 .pio\build\teensy41\libFrameworkArduino.a(clockspeed.c.o)
                0x000160a8                set_arm_clock
 .text.delay    0x0001636c       0xcc .pio\build\teensy41\libFrameworkArduino.a(delay.c.o)
                0x0001636c                delay
 .text.micros   0x00016438       0x64 .pio\build\teensy41\libFrameworkArduino.a(delay.c.o)
                0x00016438                micros
 .text.digitalWrite.part.0
                0x0001649c       0x4c .pio\build\teensy41\libFrameworkArduino.a(digital.c.o)
 .text.digitalWrite
                0x000164e8        0xc .pio\build\teensy41\libFrameworkArduino.a(digital.c.o)
                0x000164e8                digitalWrite
 .text.pinMode  0x000164f4       0x80 .pio\build\teensy41\libFrameworkArduino.a(digital.c.o)
                0x000164f4                pinMode
 .text.dummy_isr
                0x00016574        0x4 .pio\build\teensy41\libFrameworkArduino.a(interrupt.c.o)
 .text.attachInterrupt
                0x00016578      0x164 .pio\build\teensy41\libFrameworkArduino.a(interrupt.c.o)
                0x00016578                attachInterrupt
 .text.startup.main
                0x000166dc       0x10 .pio\build\teensy41\libFrameworkArduino.a(main.cpp.o)
                0x000166dc                main
 .text          0x000166ec      0x134 .pio\build\teensy41\libFrameworkArduino.a(memcpy-armv7m.S.o)
                0x000166ec                memcpy
 .text._Znwj    0x00016820        0x4 .pio\build\teensy41\libFrameworkArduino.a(new.cpp.o)
                0x00016820                operator new(unsigned int)
 .text._ZdlPvj  0x00016824        0x4 .pio\build\teensy41\libFrameworkArduino.a(new.cpp.o)
                0x00016824                operator delete(void*, unsigned int)
 .text.ultoa    0x00016828       0x50 .pio\build\teensy41\libFrameworkArduino.a(nonstd.c.o)
                0x00016828                ultoa
 .text.pwm_init
                0x00016878      0x2b8 .pio\build\teensy41\libFrameworkArduino.a(pwm.c.o)
                0x00016878                pwm_init
 .text.rtc_get  0x00016b30       0x30 .pio\build\teensy41\libFrameworkArduino.a(rtc.c.o)
                0x00016b30                rtc_get
 .text.rtc_set  0x00016b60       0x50 .pio\build\teensy41\libFrameworkArduino.a(rtc.c.o)
                0x00016b60                rtc_set
 .text._Z12serialEvent2v
                0x00016bb0        0x4 .pio\build\teensy41\libFrameworkArduino.a(serialEvent2.cpp.o)
                0x00016bb0                serialEvent2()
 .text.unused_interrupt_vector
                0x00016bb4       0x18 .pio\build\teensy41\libFrameworkArduino.a(startup.c.o)
                0x00016bb4                unused_interrupt_vector
 .text.startup_default_early_hook
                0x00016bcc        0x4 .pio\build\teensy41\libFrameworkArduino.a(startup.c.o)
                0x00016bcc                startup_early_hook
                0x00016bcc                startup_default_early_hook
 .text.startup_default_late_hook
                0x00016bd0        0x4 .pio\build\teensy41\libFrameworkArduino.a(startup.c.o)
                0x00016bd0                startup_late_hook
                0x00016bd0                startup_default_late_hook
 .text.HardFault_HandlerC
                0x00016bd4       0x8c .pio\build\teensy41\libFrameworkArduino.a(startup.c.o)
                0x00016bd4                HardFault_HandlerC
 .text._sbrk    0x00016c60       0x30 .pio\build\teensy41\libFrameworkArduino.a(startup.c.o)
                0x00016c60                _sbrk
 .text.__cxa_guard_acquire
                0x00016c90        0xc .pio\build\teensy41\libFrameworkArduino.a(startup.c.o)
                0x00016c90                __cxa_guard_acquire
 .text.__cxa_guard_release
                0x00016c9c        0x8 .pio\build\teensy41\libFrameworkArduino.a(startup.c.o)
                0x00016c9c                __cxa_guard_release
 .text.Panic_Temp_isr
                0x00016ca4       0x24 .pio\build\teensy41\libFrameworkArduino.a(tempmon.c.o)
                0x00016ca4                Panic_Temp_isr
 .text.schedule_transfer
                0x00016cc8       0x84 .pio\build\teensy41\libFrameworkArduino.a(usb.c.o)
 .text.run_callbacks
                0x00016d4c       0x38 .pio\build\teensy41\libFrameworkArduino.a(usb.c.o)
 .text.endpoint0_transmit.constprop.1
                0x00016d84       0xa0 .pio\build\teensy41\libFrameworkArduino.a(usb.c.o)
 .text.isr      0x00016e24      0x680 .pio\build\teensy41\libFrameworkArduino.a(usb.c.o)
 .text.usb_config_rx
                0x000174a4       0x64 .pio\build\teensy41\libFrameworkArduino.a(usb.c.o)
                0x000174a4                usb_config_rx
 .text.usb_config_tx
                0x00017508       0x68 .pio\build\teensy41\libFrameworkArduino.a(usb.c.o)
                0x00017508                usb_config_tx
 .text.usb_prepare_transfer
                0x00017570       0x30 .pio\build\teensy41\libFrameworkArduino.a(usb.c.o)
                0x00017570                usb_prepare_transfer
 .text.usb_transmit
                0x000175a0       0x28 .pio\build\teensy41\libFrameworkArduino.a(usb.c.o)
                0x000175a0                usb_transmit
 .text.usb_receive
                0x000175c8       0x24 .pio\build\teensy41\libFrameworkArduino.a(usb.c.o)
                0x000175c8                usb_receive
 .text.usb_transfer_status
                0x000175ec        0x4 .pio\build\teensy41\libFrameworkArduino.a(usb.c.o)
                0x000175ec                usb_transfer_status
 .text.usb_init_serialnumber
                0x000175f0       0x58 .pio\build\teensy41\libFrameworkArduino.a(usb_desc.c.o)
                0x000175f0                usb_init_serialnumber
 .text._ZN16usb_serial_class5clearEv
                0x00017648        0x4 .pio\build\teensy41\libFrameworkArduino.a(usb_inst.cpp.o)
                0x00017648                usb_serial_class::clear()
 .text._ZN16usb_serial_class4peekEv
                0x0001764c        0x4 .pio\build\teensy41\libFrameworkArduino.a(usb_inst.cpp.o)
                0x0001764c                usb_serial_class::peek()
 .text._ZN16usb_serial_class4readEv
                0x00017650        0x4 .pio\build\teensy41\libFrameworkArduino.a(usb_inst.cpp.o)
                0x00017650                usb_serial_class::read()
 .text._ZN16usb_serial_class9availableEv
                0x00017654        0x4 .pio\build\teensy41\libFrameworkArduino.a(usb_inst.cpp.o)
                0x00017654                usb_serial_class::available()
 .text._ZN16usb_serial_class5flushEv
                0x00017658        0x4 .pio\build\teensy41\libFrameworkArduino.a(usb_inst.cpp.o)
                0x00017658                usb_serial_class::flush()
 .text._ZN16usb_serial_class17availableForWriteEv
                0x0001765c        0x4 .pio\build\teensy41\libFrameworkArduino.a(usb_inst.cpp.o)
                0x0001765c                usb_serial_class::availableForWrite()
 .text._ZN16usb_serial_class5writeEPKhj
                0x00017660        0x8 .pio\build\teensy41\libFrameworkArduino.a(usb_inst.cpp.o)
                0x00017660                usb_serial_class::write(unsigned char const*, unsigned int)
 .text._ZN16usb_serial_class5writeEh
                0x00017668        0x8 .pio\build\teensy41\libFrameworkArduino.a(usb_inst.cpp.o)
                0x00017668                usb_serial_class::write(unsigned char)
 .text.rx_queue_transfer
                0x00017670       0x6c .pio\build\teensy41\libFrameworkArduino.a(usb_serial.c.o)
 .text.rx_event
                0x000176dc       0xb4 .pio\build\teensy41\libFrameworkArduino.a(usb_serial.c.o)
 .text.usb_serial_flush_callback
                0x00017790       0x98 .pio\build\teensy41\libFrameworkArduino.a(usb_serial.c.o)
 .text.usb_serial_write.part.1
                0x00017828      0x17c .pio\build\teensy41\libFrameworkArduino.a(usb_serial.c.o)
 .text.usb_serial_reset
                0x000179a4        0x4 .pio\build\teensy41\libFrameworkArduino.a(usb_serial.c.o)
                0x000179a4                usb_serial_reset
 .text.usb_serial_configure
                0x000179a8      0x108 .pio\build\teensy41\libFrameworkArduino.a(usb_serial.c.o)
                0x000179a8                usb_serial_configure
 .text.usb_serial_read
                0x00017ab0       0xec .pio\build\teensy41\libFrameworkArduino.a(usb_serial.c.o)
                0x00017ab0                usb_serial_read
 .text.usb_serial_peekchar
                0x00017b9c       0x44 .pio\build\teensy41\libFrameworkArduino.a(usb_serial.c.o)
                0x00017b9c                usb_serial_peekchar
 .text.usb_serial_available
                0x00017be0        0xc .pio\build\teensy41\libFrameworkArduino.a(usb_serial.c.o)
                0x00017be0                usb_serial_available
 .text.usb_serial_flush_input
                0x00017bec       0x74 .pio\build\teensy41\libFrameworkArduino.a(usb_serial.c.o)