Archive member included to satisfy reference by file (symbol)

.pio\build\teensy41\libc5c\libSdFat.a(FatFile.cpp.o)
                              .pio\build\teensy41\src\EBTKS.cpp.o (FatFile::close())
.pio\build\teensy41\libc5c\libSdFat.a(FatFileLFN.cpp.o)
                              .pio\build\teensy41\libc5c\libSdFat.a(FatFile.cpp.o) (FatFile::lfnChecksum(unsigned char*))
.pio\build\teensy41\libc5c\libSdFat.a(FatFilePrint.cpp.o)
                              .pio\build\teensy41\src\EBTKS_AUXROM_SD_Services.cpp.o (FatFile::ls(Print*, unsigned char, unsigned char))
.pio\build\teensy41\libc5c\libSdFat.a(FatFileSFN.cpp.o)
                              .pio\build\teensy41\libc5c\libSdFat.a(FatFileLFN.cpp.o) (FatFile::getSFN(char*))
.pio\build\teensy41\libc5c\libSdFat.a(FatPartition.cpp.o)
                              .pio\build\teensy41\libc5c\libSdFat.a(FatFile.cpp.o) (FatCache::read(unsigned long, unsigned char))
.pio\build\teensy41\libc5c\libSdFat.a(FatVolume.cpp.o)
                              .pio\build\teensy41\src\EBTKS_AUXROM_SD_Services.cpp.o (FatVolume::chdir(char const*))
.pio\build\teensy41\libc5c\libSdFat.a(SdSpiCard.cpp.o)
                              .pio\build\teensy41\src\EBTKS.cpp.o (vtable for SdSpiCard)
.pio\build\teensy41\libc5c\libSdFat.a(SdioTeensy.cpp.o)
                              .pio\build\teensy41\src\EBTKS.cpp.o (SdioCard::errorCode() const)
.pio\build\teensy41\libc5c\libSdFat.a(SdSpiChipSelect.cpp.o)
                              .pio\build\teensy41\libc5c\libSdFat.a(SdSpiCard.cpp.o) (sdCsInit(unsigned char))
.pio\build\teensy41\libc5c\libSdFat.a(SdSpiTeensy3.cpp.o)
                              .pio\build\teensy41\libc5c\libSdFat.a(SdSpiCard.cpp.o) (SdSpiArduinoDriver::activate())
.pio\build\teensy41\libc5c\libSdFat.a(FmtNumber.cpp.o)
                              .pio\build\teensy41\libc5c\libSdFat.a(FatFilePrint.cpp.o) (fmtBase10(char*, unsigned long))
.pio\build\teensy41\libc5c\libSdFat.a(FsDateTime.cpp.o)
                              .pio\build\teensy41\src\EBTKS.cpp.o (FsDateTime::setCallback(void (*)(unsigned short*, unsigned short*, unsigned char*)))
.pio\build\teensy41\libbeb\libBase64.a(Base64.cpp.o)
                              .pio\build\teensy41\src\EBTKS.cpp.o (Base64Class::encode(char*, char*, int))
.pio\build\teensy41\liba0e\libTime.a(Time.cpp.o)
                              .pio\build\teensy41\src\EBTKS_Utilities.cpp.o (now())
.pio\build\teensy41\libFrameworkArduino.a(HardwareSerial.cpp.o)
                              .pio\build\teensy41\src\EBTKS.cpp.o (HardwareSerial::available())
.pio\build\teensy41\libFrameworkArduino.a(HardwareSerial2.cpp.o)
                              .pio\build\teensy41\src\EBTKS.cpp.o (Serial2)
.pio\build\teensy41\libFrameworkArduino.a(Print.cpp.o)
                              .pio\build\teensy41\src\EBTKS.cpp.o (Print::write(unsigned char const*, unsigned int))
.pio\build\teensy41\libFrameworkArduino.a(Stream.cpp.o)
                              .pio\build\teensy41\src\EBTKS_Utilities.cpp.o (Stream::setTimeout(unsigned long))
.pio\build\teensy41\libFrameworkArduino.a(WString.cpp.o)
                              .pio\build\teensy41\src\EBTKS.cpp.o (String::~String())
.pio\build\teensy41\libFrameworkArduino.a(bootdata.c.o)
                              (ImageVectorTable)
.pio\build\teensy41\libFrameworkArduino.a(clockspeed.c.o)
                              .pio\build\teensy41\src\EBTKS.cpp.o (F_CPU_ACTUAL)
.pio\build\teensy41\libFrameworkArduino.a(delay.c.o)
                              .pio\build\teensy41\src\EBTKS.cpp.o (delay)
.pio\build\teensy41\libFrameworkArduino.a(digital.c.o)
                              .pio\build\teensy41\src\EBTKS.cpp.o (digitalWrite)
.pio\build\teensy41\libFrameworkArduino.a(interrupt.c.o)
                              .pio\build\teensy41\src\EBTKS_Bus_Interface_ISR.cpp.o (attachInterrupt)
.pio\build\teensy41\libFrameworkArduino.a(main.cpp.o)
                              c:/users/philip freidin/.platformio/packages/toolchain-gccarmnoneeabi/bin/../lib/gcc/arm-none-eabi/5.4.1/../../../../arm-none-eabi/lib/armv7e-m/fpu/fpv5-d16/crt0.o (main)
.pio\build\teensy41\libFrameworkArduino.a(memcpy-armv7m.S.o)
                              .pio\build\teensy41\src\EBTKS.cpp.o (memcpy)
.pio\build\teensy41\libFrameworkArduino.a(new.cpp.o)
                              .pio\build\teensy41\src\EBTKS_SD.cpp.o (operator new(unsigned int))
.pio\build\teensy41\libFrameworkArduino.a(nonstd.c.o)
                              .pio\build\teensy41\libFrameworkArduino.a(WString.cpp.o) (ultoa)
.pio\build\teensy41\libFrameworkArduino.a(pwm.c.o)
                              .pio\build\teensy41\libFrameworkArduino.a(HardwareSerial.cpp.o) (xbar_connect)
.pio\build\teensy41\libFrameworkArduino.a(rtc.c.o)
                              .pio\build\teensy41\src\EBTKS_Utilities.cpp.o (rtc_get)
.pio\build\teensy41\libFrameworkArduino.a(serialEvent2.cpp.o)
[...]
Memory Configuration

Name             Origin             Length             Attributes
ITCM             0x00000000         0x00080000         xrw
DTCM             0x20000000         0x00080000         xrw
RAM              0x20200000         0x00080000         xrw
FLASH            0x60000000         0x007c0000         xrw
ERAM             0x70000000         0x00800000         xrw
*default*        0x00000000         0xffffffff

Linker script and memory map

LOAD c:/users/philip freidin/.platformio/packages/toolchain-gccarmnoneeabi/bin/../lib/gcc/arm-none-eabi/5.4.1/armv7e-m/fpu/fpv5-d16/crti.o
LOAD c:/users/philip freidin/.platformio/packages/toolchain-gccarmnoneeabi/bin/../lib/gcc/arm-none-eabi/5.4.1/armv7e-m/fpu/fpv5-d16/crtbegin.o
LOAD c:/users/philip freidin/.platformio/packages/toolchain-gccarmnoneeabi/bin/../lib/gcc/arm-none-eabi/5.4.1/../../../../arm-none-eabi/lib/armv7e-m/fpu/fpv5-d16/crt0.o
                0x60a8dee5                __rtc_localtime = 0x60a8dee5
LOAD .pio\build\teensy41\src\EBTKS.cpp.o
LOAD .pio\build\teensy41\src\EBTKS_1MB5.cpp.o
LOAD .pio\build\teensy41\src\EBTKS_AUXROM.cpp.o
LOAD .pio\build\teensy41\src\EBTKS_AUXROM_SD_Services.cpp.o
LOAD .pio\build\teensy41\src\EBTKS_Bank_Switched_ROM.cpp.o
LOAD .pio\build\teensy41\src\EBTKS_Bus_Interface_ISR.cpp.o
LOAD .pio\build\teensy41\src\EBTKS_CRT.cpp.o
LOAD .pio\build\teensy41\src\EBTKS_DMA.cpp.o
LOAD .pio\build\teensy41\src\EBTKS_Logging.cpp.o
LOAD .pio\build\teensy41\src\EBTKS_SD.cpp.o
LOAD .pio\build\teensy41\src\EBTKS_Tape_Drive.cpp.o
LOAD .pio\build\teensy41\src\EBTKS_Utilities.cpp.o
LOAD .pio\build\teensy41\src\EBTKS_sysmon.cpp.o
LOAD .pio\build\teensy41\src\ESP_Programmer.cpp.o
START GROUP
LOAD .pio\build\teensy41\lib04e\libSPI.a
LOAD .pio\build\teensy41\lib23a\libArduinoJson.a
LOAD .pio\build\teensy41\libc5c\libSdFat.a
LOAD .pio\build\teensy41\libbeb\libBase64.a
LOAD .pio\build\teensy41\liba0e\libTime.a
LOAD .pio\build\teensy41\libFrameworkArduino.a
LOAD c:/users/philip freidin/.platformio/packages/toolchain-gccarmnoneeabi/bin/../lib/gcc/arm-none-eabi/5.4.1/../../../../arm-none-eabi/lib\libarm_cortexM7lfsp_math.a
LOAD c:/users/philip freidin/.platformio/packages/toolchain-gccarmnoneeabi/bin/../lib/gcc/arm-none-eabi/5.4.1/../../../../arm-none-eabi/lib/armv7e-m/fpu/fpv5-d16\libstdc++.a
END GROUP
LOAD c:/users/philip freidin/.platformio/packages/toolchain-gccarmnoneeabi/bin/../lib/gcc/arm-none-eabi/5.4.1/../../../../arm-none-eabi/lib/armv7e-m/fpu/fpv5-d16\libstdc++.a
LOAD c:/users/philip freidin/.platformio/packages/toolchain-gccarmnoneeabi/bin/../lib/gcc/arm-none-eabi/5.4.1/../../../../arm-none-eabi/lib/armv7e-m/fpu/fpv5-d16\libm.a
START GROUP
LOAD c:/users/philip freidin/.platformio/packages/toolchain-gccarmnoneeabi/bin/../lib/gcc/arm-none-eabi/5.4.1/armv7e-m/fpu/fpv5-d16\libgcc.a
LOAD c:/users/philip freidin/.platformio/packages/toolchain-gccarmnoneeabi/bin/../lib/gcc/arm-none-eabi/5.4.1/../../../../arm-none-eabi/lib/armv7e-m/fpu/fpv5-d16\libc.a
END GROUP
LOAD c:/users/philip freidin/.platformio/packages/toolchain-gccarmnoneeabi/bin/../lib/gcc/arm-none-eabi/5.4.1/armv7e-m/fpu/fpv5-d16/crtend.o
LOAD c:/users/philip freidin/.platformio/packages/toolchain-gccarmnoneeabi/bin/../lib/gcc/arm-none-eabi/5.4.1/armv7e-m/fpu/fpv5-d16/crtn.o

.text.progmem   0x60000000     0x1b70
 *(.flashconfig)
 .flashconfig   0x60000000      0x200 .pio\build\teensy41\libFrameworkArduino.a(bootdata.c.o)
                0x60000000                FlexSPI_NOR_Config
 FILL mask 0xff
                0x60001000                . = (ORIGIN (FLASH) + 0x1000)
 *fill*         0x60000200      0xe00 ff
 *(.ivt)
 .ivt           0x60001000       0x20 .pio\build\teensy41\libFrameworkArduino.a(bootdata.c.o)
                0x60001000                ImageVectorTable
 *(.bootdata)
 .bootdata      0x60001020        0xc .pio\build\teensy41\libFrameworkArduino.a(bootdata.c.o)
                0x60001020                BootData
 *(.vectors)
 .vectors       0x6000102c        0x8 .pio\build\teensy41\libFrameworkArduino.a(bootdata.c.o)
                0x6000102c                vector_table
 *(.startup)
 .startup       0x60001034      0x274 .pio\build\teensy41\libFrameworkArduino.a(startup.c.o)
                0x60001034                ResetHandler
 *(.flashmem*)
 .flashmem      0x600012a8      0x4d8 .pio\build\teensy41\libFrameworkArduino.a(startup.c.o)
                0x600012a8                configure_cache
                0x600013a0                configure_external_ram
                0x6000171c                usb_pll_start
 .flashmem      0x60001780      0x138 .pio\build\teensy41\libFrameworkArduino.a(tempmon.c.o)
                0x60001780                tempmon_init
 .flashmem      0x600018b8       0xec .pio\build\teensy41\libFrameworkArduino.a(usb.c.o)
                0x600018b8                usb_init
 .flashmem      0x600019a4       0x58 .pio\build\teensy41\libFrameworkArduino.a(analog.c.o)
                0x600019a4                analog_init
 *(.progmem*)
 .progmem       0x600019fc       0x41 .pio\build\teensy41\libbeb\libBase64.a(Base64.cpp.o)
 .progmem       0x60001a3d        0x1 .pio\build\teensy41\libFrameworkArduino.a(serialEvent2.cpp.o)
                0x60001a3d                _serialEvent2_default
 *fill*         0x60001a3e        0x2 ff
 .progmem       0x60001a40       0xc6 .pio\build\teensy41\libFrameworkArduino.a(usb_desc.c.o)
                0x60001a40                usb_string_product_name_default
                0x60001a40                usb_string_product_name
                0x60001a58                usb_string_manufacturer_name
                0x60001a58                usb_string_manufacturer_name_default
                0x60001a70                string0
                0x60001a74                usb_config_descriptor_12
                0x60001ab8                usb_config_descriptor_480
 .progmem       0x60001b06        0x1 .pio\build\teensy41\libFrameworkArduino.a(serialEvent.cpp.o)
                0x60001b06                _serialEvent_default
                0x60001b08                . = ALIGN (0x4)
 *fill*         0x60001b07        0x1 ff
 *(.init)
 .init          0x60001b08        0x4 c:/users/philip freidin/.platformio/packages/toolchain-gccarmnoneeabi/bin/../lib/gcc/arm-none-eabi/5.4.1/armv7e-m/fpu/fpv5-d16/crti.o
                0x60001b08                _init
 .init          0x60001b0c        0x8 c:/users/philip freidin/.platformio/packages/toolchain-gccarmnoneeabi/bin/../lib/gcc/arm-none-eabi/5.4.1/armv7e-m/fpu/fpv5-d16/crtn.o
 *fill*         0x60001b14        0x4 ff
 .init.__stub   0x60001b18       0x48 linker stubs
                0x60001b60                __preinit_array_start = .
 *(.preinit_array)
                0x60001b60                __preinit_array_end = .
                0x60001b60                __init_array_start = .
 *(.init_array)
 .init_array    0x60001b60        0x4 c:/users/philip freidin/.platformio/packages/toolchain-gccarmnoneeabi/bin/../lib/gcc/arm-none-eabi/5.4.1/armv7e-m/fpu/fpv5-d16/crtbegin.o
 .init_array    0x60001b64        0x4 .pio\build\teensy41\src\EBTKS.cpp.o
 .init_array    0x60001b68        0x4 .pio\build\teensy41\src\EBTKS_AUXROM_SD_Services.cpp.o
                0x60001b6c                __init_array_end = .
                0x60001b70                . = ALIGN (0x10)
 *fill*         0x60001b6c        0x4 ff

.text.itcm      0x00000000    0x20660 load address 0x60001b70
                0x00000020                . = (. + 0x20)
 *fill*         0x00000000       0x20 
 *(.fastrun)
 .fastrun       0x00000020      0x7d4 .pio\build\teensy41\src\EBTKS_Bus_Interface_ISR.cpp.o
                0x00000020                pinChange_isr()
 .fastrun       0x000007f4      0x244 .pio\build\teensy41\src\EBTKS_Tape_Drive.cpp.o
                0x000007f4                readTapeStatus()
                0x000009dc                readTapeData()
                0x00000a04                writeTapeData(unsigned char)
                0x00000a10                writeTapeCtrl(unsigned char)
 .fastrun       0x00000a38       0xbc .pio\build\teensy41\libFrameworkArduino.a(interrupt.c.o)
                0x00000a38                irq_gpio6789
 *(.text*)
 .text          0x00000af4       0x5c c:/users/philip freidin/.platformio/packages/toolchain-gccarmnoneeabi/bin/../lib/gcc/arm-none-eabi/5.4.1/armv7e-m/fpu/fpv5-d16/crtbegin.o
 .text._ZN5Print17availableForWriteEv
                0x00000b50        0x4 .pio\build\teensy41\src\EBTKS.cpp.o
                0x00000b50                Print::availableForWrite()
 .text._ZN5Print5flushEv
                0x00000b54        0x4 .pio\build\teensy41\src\EBTKS.cpp.o
                0x00000b54                Print::flush()
 .text._ZN15SdCardInterface6statusEv
                0x00000b58        0x8 .pio\build\teensy41\src\EBTKS.cpp.o
                0x00000b58                SdCardInterface::status()
 .text._ZN14Print_Splitter17availableForWriteEv
                0x00000b60        0x4 .pio\build\teensy41\src\EBTKS.cpp.o
                0x00000b60                Print_Splitter::availableForWrite()
 .text._ZN14Print_Splitter5writeEh
                0x00000b64       0x2c .pio\build\teensy41\src\EBTKS.cpp.o
                0x00000b64                Print_Splitter::write(unsigned char)
 .text._ZN7SdFat32D2Ev
                0x00000b90        0x4 .pio\build\teensy41\src\EBTKS.cpp.o
                0x00000b90                SdFat32::~SdFat32()
                0x00000b90                SdFat32::~SdFat32()
 .text._ZN10StreamFileI7FatFilemE9availableEv
                0x00000b94       0x20 .pio\build\teensy41\src\EBTKS.cpp.o
                0x00000b94                StreamFile<FatFile, unsigned long>::available()
 .text._Z8dateTimePtS_Ph
                0x00000bb4       0x9c .pio\build\teensy41\src\EBTKS.cpp.o
                0x00000bb4                dateTime(unsigned short*, unsigned short*, unsigned char*)
 .text._ZN10StreamFileI7FatFilemE4readEv
                0x00000c50       0x24 .pio\build\teensy41\src\EBTKS.cpp.o
                0x00000c50                StreamFile<FatFile, unsigned long>::read()
 .text._ZN10StreamFileI7FatFilemE4peekEv
                0x00000c74        0x8 .pio\build\teensy41\src\EBTKS.cpp.o
                0x00000c74                StreamFile<FatFile, unsigned long>::peek()
 .text._ZN10StreamFileI7FatFilemE5flushEv
                0x00000c7c        0x8 .pio\build\teensy41\src\EBTKS.cpp.o
                0x00000c7c                StreamFile<FatFile, unsigned long>::flush()
 .text._ZN10StreamFileI7FatFilemE5writeEPKhj
                0x00000c84        0x8 .pio\build\teensy41\src\EBTKS.cpp.o
                0x00000c84                StreamFile<FatFile, unsigned long>::write(unsigned char const*, unsigned int)
 .text._ZN10StreamFileI7FatFilemE5writeEh
                0x00000c8c       0x1c .pio\build\teensy41\src\EBTKS.cpp.o
                0x00000c8c                StreamFile<FatFile, unsigned long>::write(unsigned char)
 .text.setup    0x00000ca8      0x8b4 .pio\build\teensy41\src\EBTKS.cpp.o
                0x00000ca8                setup
 .text._Z20Boot_Messages_to_CRTv
                0x0000155c       0xb0 .pio\build\teensy41\src\EBTKS.cpp.o
                0x0000155c                Boot_Messages_to_CRT()
 .text._ZN18ArduinoJson6173_91orIPKcEENS_9enable_ifIXntsrNS_9IsVariantIT_EE5valueENS_9VariantAsIS5_E4typeEE4typeERKNS_11MemberProxyINSC_IRNS_12JsonDocumentES2_EES2_EES5_
                0x0000160c      0x10c .pio\build\teensy41\src\EBTKS.cpp.o
                0x0000160c                ArduinoJson6173_91::enable_if<!ArduinoJson6173_91::IsVariant<char const*>::value, ArduinoJson6173_91::VariantAs<char const*>::type>::type ArduinoJson6173_91::operator|<char const*>(ArduinoJson6173_91::MemberProxy<ArduinoJson6173_91::MemberProxy<ArduinoJson6173_91::JsonDocument&, char const*>, char const*> const&, char const*)
 .text._ZN18ArduinoJson6173_9112JsonDocument18createNestedObjectIKcEENS_9ObjectRefEPT_
                0x00001718       0xac .pio\build\teensy41\src\EBTKS.cpp.o
                0x00001718                ArduinoJson6173_91::ObjectRef ArduinoJson6173_91::JsonDocument::createNestedObject<char const>(char const*)
 .text._ZN18ArduinoJson6173_9116JsonDeserializerINS_6ReaderIPcvEENS_11StringMoverEE12parseVariantINS_14AllowAllFilterEEEbRNS_11VariantDataET_NS_12NestingLimitE
                0x000017c4      0xe58 .pio\build\teensy41\src\EBTKS.cpp.o
                0x000017c4                bool ArduinoJson6173_91::JsonDeserializer<ArduinoJson6173_91::Reader<char*, void>, ArduinoJson6173_91::StringMover>::parseVariant<ArduinoJson6173_91::AllowAllFilter>(ArduinoJson6173_91::VariantData&, ArduinoJson6173_91::AllowAllFilter, ArduinoJson6173_91::NestingLimit)
 .text._ZN18ArduinoJson6173_9114CollectionData14getOrAddMemberINS_21ConstRamStringAdapterEEEPNS_11VariantDataET_PNS_10MemoryPoolE
                0x0000261c       0x74 .pio\build\teensy41\src\EBTKS.cpp.o
                0x0000261c                ArduinoJson6173_91::VariantData* ArduinoJson6173_91::CollectionData::getOrAddMember<ArduinoJson6173_91::ConstRamStringAdapter>(ArduinoJson6173_91::ConstRamStringAdapter, ArduinoJson6173_91::MemoryPool*)
 .text._ZNK18ArduinoJson6173_9111VariantData10asIntegralIiEET_v
                0x00002690      0x2b8 .pio\build\teensy41\src\EBTKS.cpp.o
                0x00002690                int ArduinoJson6173_91::VariantData::asIntegral<int>() const
 .text._ZN18ArduinoJson6173_91orIiEENS_9enable_ifIXntsrNS_9IsVariantIT_EE5valueENS_9VariantAsIS3_E4typeEE4typeERKNS_11MemberProxyINSA_IRNS_12JsonDocumentEPKcEESE_EES3_
                0x00002948      0x3ac .pio\build\teensy41\src\EBTKS.cpp.o
                0x00002948                ArduinoJson6173_91::enable_if<!ArduinoJson6173_91::IsVariant<int>::value, ArduinoJson6173_91::VariantAs<int>::type>::type ArduinoJson6173_91::operator|<int>(ArduinoJson6173_91::MemberProxy<ArduinoJson6173_91::MemberProxy<ArduinoJson6173_91::JsonDocument&, char const*>, char const*> const&, int)
 .text._ZNK18ArduinoJson6173_9111VariantData6acceptINS_14JsonSerializerINS_6WriterI14HardwareSerialvEEEEEENT_11result_typeERS7_
                0x00002cf4      0x5d0 .pio\build\teensy41\src\EBTKS.cpp.o
                0x00002cf4                ArduinoJson6173_91::JsonSerializer<ArduinoJson6173_91::Writer<HardwareSerial, void> >::result_type ArduinoJson6173_91::VariantData::accept<ArduinoJson6173_91::JsonSerializer<ArduinoJson6173_91::Writer<HardwareSerial, void> > >(ArduinoJson6173_91::JsonSerializer<ArduinoJson6173_91::Writer<HardwareSerial, void> >&) const
 .text._ZN8ESPComms10processMsgEv
                0x000032c4     0x1374 .pio\build\teensy41\src\EBTKS.cpp.o
                0x000032c4                ESPComms::processMsg()
 .text.startup._GLOBAL__sub_I_AUXROM_RAM_Window
                0x00004638       0xd0 .pio\build\teensy41\src\EBTKS.cpp.o
 .text.loop     0x00004708      0x1f8 .pio\build\teensy41\src\EBTKS.cpp.o
                0x00004708                loop
 .text._Z12onReadStatusv
                0x00004900       0x48 .pio\build\teensy41\src\EBTKS_1MB5.cpp.o
                0x00004900                onReadStatus()
 .text._Z8onReadIBv
                0x00004948       0xb0 .pio\build\teensy41\src\EBTKS_1MB5.cpp.o
                0x00004948                onReadIB()
 .text._Z10onWriteCCRh
                0x000049f8       0x18 .pio\build\teensy41\src\EBTKS_1MB5.cpp.o
                0x000049f8                onWriteCCR(unsigned char)
 .text._Z15onReadInterruptv
                0x00004a10       0x78 .pio\build\teensy41\src\EBTKS_1MB5.cpp.o
                0x00004a10                onReadInterrupt()
 .text._Z9onWriteObh
                0x00004a88       0x74 .pio\build\teensy41\src\EBTKS_1MB5.cpp.o
                0x00004a88                onWriteOb(unsigned char)
 .text._Z10HPIBOutputhhb.part.11
                0x00004afc       0x60 .pio\build\teensy41\src\EBTKS_1MB5.cpp.o
 .text._Z14initTranslatori
                0x00004b5c       0xac .pio\build\teensy41\src\EBTKS_1MB5.cpp.o
                0x00004b5c                initTranslator(int)
 .text._Z15get_Select_Codev
                0x00004c08        0xc .pio\build\teensy41\src\EBTKS_1MB5.cpp.o
                0x00004c08                get_Select_Code()
 .text._Z10HPIBOutputhhb
                0x00004c14       0x38 .pio\build\teensy41\src\EBTKS_1MB5.cpp.o
                0x00004c14                HPIBOutput(unsigned char, unsigned char, bool)
 .text._Z10HPIBAtnOuthh
                0x00004c4c       0x74 .pio\build\teensy41\src\EBTKS_1MB5.cpp.o
                0x00004c4c                HPIBAtnOut(unsigned char, unsigned char)
 .text._Z9processOBv
                0x00004cc0      0x378 .pio\build\teensy41\src\EBTKS_1MB5.cpp.o
                0x00004cc0                processOB()
 .text._Z14loopTranslatorv
                0x00005038      0x124 .pio\build\teensy41\src\EBTKS_1MB5.cpp.o
                0x00005038                loopTranslator()
 .text._Z19ioWriteAuxROM_Alerth
                0x0000515c       0x14 .pio\build\teensy41\src\EBTKS_AUXROM.cpp.o
                0x0000515c                ioWriteAuxROM_Alert(unsigned char)
 .text._Z18onReadAuxROM_Alertv
                0x00005170       0x2c .pio\build\teensy41\src\EBTKS_AUXROM.cpp.o
                0x00005170                onReadAuxROM_Alert()
 .text._Z11AUXROM_Pollv
                0x0000519c      0x190 .pio\build\teensy41\src\EBTKS_AUXROM.cpp.o
                0x0000519c                AUXROM_Poll()
 .text._Z20cvt_R12_int_to_int32Ph
                0x0000532c       0x60 .pio\build\teensy41\src\EBTKS_AUXROM.cpp.o
                0x0000532c                cvt_R12_int_to_int32(unsigned char*)
 .text._Z28cvt_HP85_real_to_IEEE_doublePh
                0x0000538c      0x168 .pio\build\teensy41\src\EBTKS_AUXROM.cpp.o
                0x0000538c                cvt_HP85_real_to_IEEE_double(unsigned char*)
 .text._Z23initialize_SD_functionsv
                0x000054f4       0x24 .pio\build\teensy41\src\EBTKS_AUXROM_SD_Services.cpp.o
                0x000054f4                initialize_SD_functions()
 .text._Z15AUXROM_DATETIMEv
                0x00005518       0x78 .pio\build\teensy41\src\EBTKS_AUXROM_SD_Services.cpp.o
                0x00005518                AUXROM_DATETIME()
 .text._Z11AUXROM_HELPv
                0x00005590       0x44 .pio\build\teensy41\src\EBTKS_AUXROM_SD_Services.cpp.o
                0x00005590                AUXROM_HELP()
 .text._Z14AUXROM_SDCLOSEv
                0x000055d4       0xdc .pio\build\teensy41\src\EBTKS_AUXROM_SD_Services.cpp.o
                0x000055d4                AUXROM_SDCLOSE()
 .text._Z12AUXROM_SDCURv
                0x000056b0       0x60 .pio\build\teensy41\src\EBTKS_AUXROM_SD_Services.cpp.o
                0x000056b0                AUXROM_SDCUR()
 .text._Z14AUXROM_SDFLUSHv
                0x00005710       0xb0 .pio\build\teensy41\src\EBTKS_AUXROM_SD_Services.cpp.o
                0x00005710                AUXROM_SDFLUSH()
 .text._Z9parse_MSUPc
                0x000057c0       0xdc .pio\build\teensy41\src\EBTKS_AUXROM_SD_Services.cpp.o
                0x000057c0                parse_MSU(char*)
 .text._Z10AUXROM_SPFv
                0x0000589c      0x488 .pio\build\teensy41\src\EBTKS_AUXROM_SD_Services.cpp.o
                0x0000589c                AUXROM_SPF()
 .text._Z11AUXROM_WROMv
                0x00005d24       0x78 .pio\build\teensy41\src\EBTKS_AUXROM_SD_Services.cpp.o
                0x00005d24                AUXROM_WROM()
 .text._Z13AUXROM_MEMCPYv
                0x00005d9c        0x4 .pio\build\teensy41\src\EBTKS_AUXROM_SD_Services.cpp.o
                0x00005d9c                AUXROM_MEMCPY()
 .text._Z13AUXROM_SETLEDv
                0x00005da0       0x58 .pio\build\teensy41\src\EBTKS_AUXROM_SD_Services.cpp.o
                0x00005da0                AUXROM_SETLED()
 .text._Z15AUXROM_EBTKSREVv
                0x00005df8       0x60 .pio\build\teensy41\src\EBTKS_AUXROM_SD_Services.cpp.o
                0x00005df8                AUXROM_EBTKSREV()
 .text._Z28initialize_RMIDLE_processingv
                0x00005e58       0x14 .pio\build\teensy41\src\EBTKS_AUXROM_SD_Services.cpp.o
                0x00005e58                initialize_RMIDLE_processing()
 .text._Z20load_text_for_RMIDLEPc
                0x00005e6c       0x10 .pio\build\teensy41\src\EBTKS_AUXROM_SD_Services.cpp.o
                0x00005e6c                load_text_for_RMIDLE(char*)
 .text._Z16open_RMIDLE_filePc
                0x00005e7c       0xe8 .pio\build\teensy41\src\EBTKS_AUXROM_SD_Services.cpp.o
                0x00005e7c                open_RMIDLE_file(char*)
 .text._Z13AUXROM_RMIDLEv
                0x00005f64       0xd0 .pio\build\teensy41\src\EBTKS_AUXROM_SD_Services.cpp.o
                0x00005f64                AUXROM_RMIDLE()
 .text._Z11AUXROM_BOOTv
                0x00006034        0x4 .pio\build\teensy41\src\EBTKS_AUXROM_SD_Services.cpp.o
                0x00006034                AUXROM_BOOT()
 .text._Z12Resolve_PathPc
                0x00006038      0x150 .pio\build\teensy41\src\EBTKS_AUXROM_SD_Services.cpp.o
                0x00006038                Resolve_Path(char*)
 .text._Z25LineAtATime_ls_Init_SDCATPc
                0x00006188       0x74 .pio\build\teensy41\src\EBTKS_AUXROM_SD_Services.cpp.o
                0x00006188                LineAtATime_ls_Init_SDCAT(char*)
 .text._Z25LineAtATime_ls_Next_SDCATv
                0x000061fc       0x64 .pio\build\teensy41\src\EBTKS_AUXROM_SD_Services.cpp.o
                0x000061fc                LineAtATime_ls_Next_SDCAT()
 .text._Z25LineAtATime_ls_Init_SDDELPc
                0x00006260       0x74 .pio\build\teensy41\src\EBTKS_AUXROM_SD_Services.cpp.o
                0x00006260                LineAtATime_ls_Init_SDDEL(char*)
 .text._Z25post_custom_error_messagePKct
                0x000062d4       0x5c .pio\build\teensy41\src\EBTKS_AUXROM_SD_Services.cpp.o
                0x000062d4                post_custom_error_message(char const*, unsigned short)
 .text._Z12AUXROM_SDDELv
                0x00006330      0x27c .pio\build\teensy41\src\EBTKS_AUXROM_SD_Services.cpp.o
                0x00006330                AUXROM_SDDEL()
 .text._Z12AUXROM_MEDIAv
                0x000065ac       0xf0 .pio\build\teensy41\src\EBTKS_AUXROM_SD_Services.cpp.o
                0x000065ac                AUXROM_MEDIA()
 .text._Z14AUXROM_SDMKDIRv
                0x0000669c       0x88 .pio\build\teensy41\src\EBTKS_AUXROM_SD_Services.cpp.o
                0x0000669c                AUXROM_SDMKDIR()
 .text._Z13AUXROM_SDOPENv
                0x00006724      0x110 .pio\build\teensy41\src\EBTKS_AUXROM_SD_Services.cpp.o
                0x00006724                AUXROM_SDOPEN()
 .text._Z13AUXROM_SDREADv
                0x00006834       0x7c .pio\build\teensy41\src\EBTKS_AUXROM_SD_Services.cpp.o
                0x00006834                AUXROM_SDREAD()
 .text._Z12AUXROM_SDRENv
                0x000068b0      0x198 .pio\build\teensy41\src\EBTKS_AUXROM_SD_Services.cpp.o
                0x000068b0                AUXROM_SDREN()
 .text._Z13AUXROM_SDSEEKv
                0x00006a48      0x11c .pio\build\teensy41\src\EBTKS_AUXROM_SD_Services.cpp.o
                0x00006a48                AUXROM_SDSEEK()
 .text._Z14AUXROM_SDWRITEv
                0x00006b64       0x84 .pio\build\teensy41\src\EBTKS_AUXROM_SD_Services.cpp.o
                0x00006b64                AUXROM_SDWRITE()
 .text._Z14AUXROM_UNMOUNTv
                0x00006be8      0x194 .pio\build\teensy41\src\EBTKS_AUXROM_SD_Services.cpp.o
                0x00006be8                AUXROM_UNMOUNT()
 .text._Z12AUXROM_SDEOFv
                0x00006d7c       0x98 .pio\build\teensy41\src\EBTKS_AUXROM_SD_Services.cpp.o
                0x00006d7c                AUXROM_SDEOF()
 .text._Z15AUXROM_SDEXISTSv
                0x00006e14       0x90 .pio\build\teensy41\src\EBTKS_AUXROM_SD_Services.cpp.o
                0x00006e14                AUXROM_SDEXISTS()
 .text._Z12AUXROM_FLAGSv
                0x00006ea4      0x120 .pio\build\teensy41\src\EBTKS_AUXROM_SD_Services.cpp.o
                0x00006ea4                AUXROM_FLAGS()
 .text._Z11AUXROM_SDCDv
                0x00006fc4      0x14c .pio\build\teensy41\src\EBTKS_AUXROM_SD_Services.cpp.o
                0x00006fc4                AUXROM_SDCD()
 .text._Z14AUXROM_SDBATCHv
                0x00007110       0x9c .pio\build\teensy41\src\EBTKS_AUXROM_SD_Services.cpp.o
                0x00007110                AUXROM_SDBATCH()
 .text._Z12AUXROM_SDCATv
                0x000071ac      0x330 .pio\build\teensy41\src\EBTKS_AUXROM_SD_Services.cpp.o
                0x000071ac                AUXROM_SDCAT()
 .text._Z14AUXROM_SDRMDIRv
                0x000074dc      0x1c8 .pio\build\teensy41\src\EBTKS_AUXROM_SD_Services.cpp.o
                0x000074dc                AUXROM_SDRMDIR()
 .text._Z12copy_sd_filePKcS0_
                0x000076a4      0x1f0 .pio\build\teensy41\src\EBTKS_AUXROM_SD_Services.cpp.o
                0x000076a4                copy_sd_file(char const*, char const*)
 .text._Z13AUXROM_SDCOPYv
                0x00007894      0x204 .pio\build\teensy41\src\EBTKS_AUXROM_SD_Services.cpp.o
                0x00007894                AUXROM_SDCOPY()
 .text.startup._GLOBAL__sub_I_file
                0x00007a98      0x104 .pio\build\teensy41\src\EBTKS_AUXROM_SD_Services.cpp.o
 .text._Z12AUXROM_MOUNTv
                0x00007b9c      0x37c .pio\build\teensy41\src\EBTKS_AUXROM_SD_Services.cpp.o
                0x00007b9c                AUXROM_MOUNT()
 .text._Z13ioWriteRSELECh
                0x00007f18       0x1c .pio\build\teensy41\src\EBTKS_Bank_Switched_ROM.cpp.o
                0x00007f18                ioWriteRSELEC(unsigned char)
 .text._Z8initRomsv
                0x00007f34       0x24 .pio\build\teensy41\src\EBTKS_Bank_Switched_ROM.cpp.o
                0x00007f34                initRoms()
 .text._Z9getRselecv
                0x00007f58        0xc .pio\build\teensy41\src\EBTKS_Bank_Switched_ROM.cpp.o
                0x00007f58                getRselec()
 .text._Z9setRomMaphh
                0x00007f64       0x18 .pio\build\teensy41\src\EBTKS_Bank_Switched_ROM.cpp.o
                0x00007f64                setRomMap(unsigned char, unsigned char)
 .text._Z11getROMEntryh
                0x00007f7c        0xc .pio\build\teensy41\src\EBTKS_Bank_Switched_ROM.cpp.o
                0x00007f7c                getROMEntry(unsigned char)
 .text._Z13getRomSlotPtri
                0x00007f88        0xc .pio\build\teensy41\src\EBTKS_Bank_Switched_ROM.cpp.o
                0x00007f88                getRomSlotPtr(int)
 .text._Z11readBankRomt
                0x00007f94       0x48 .pio\build\teensy41\src\EBTKS_Bank_Switched_ROM.cpp.o
                0x00007f94                readBankRom(unsigned short)
 .text._Z14ioReadNullFuncv
                0x00007fdc        0x4 .pio\build\teensy41\src\EBTKS_Bus_Interface_ISR.cpp.o
                0x00007fdc                ioReadNullFunc()
 .text._Z15ioWriteNullFunch
                0x00007fe0        0x4 .pio\build\teensy41\src\EBTKS_Bus_Interface_ISR.cpp.o
                0x00007fe0                ioWriteNullFunc(unsigned char)
 .text._Z10onWriteGIEh
                0x00007fe4        0xc .pio\build\teensy41\src\EBTKS_Bus_Interface_ISR.cpp.o
                0x00007fe4                onWriteGIE(unsigned char)
 .text._Z16onWriteInterrupth
                0x00007ff0        0xc .pio\build\teensy41\src\EBTKS_Bus_Interface_ISR.cpp.o
                0x00007ff0                onWriteInterrupt(unsigned char)
 .text._Z17on_Diag_Read_PTR2v
                0x00007ffc       0x54 .pio\build\teensy41\src\EBTKS_Bus_Interface_ISR.cpp.o
                0x00007ffc                on_Diag_Read_PTR2()
 .text._Z5emc_wh
                0x00008050       0x9c .pio\build\teensy41\src\EBTKS_Bus_Interface_ISR.cpp.o
                0x00008050                emc_w(unsigned char)
 .text._Z5emc_rv
                0x000080ec      0x150 .pio\build\teensy41\src\EBTKS_Bus_Interface_ISR.cpp.o
                0x000080ec                emc_r()
 .text._Z15initIOfuncTablev
                0x0000823c       0x48 .pio\build\teensy41\src\EBTKS_Bus_Interface_ISR.cpp.o
                0x0000823c                initIOfuncTable()
 .text._Z13setIOReadFunchPFbvE
                0x00008284        0xc .pio\build\teensy41\src\EBTKS_Bus_Interface_ISR.cpp.o
                0x00008284                setIOReadFunc(unsigned char, bool (*)())
 .text._Z14setIOWriteFunchPFvhE
                0x00008290        0xc .pio\build\teensy41\src\EBTKS_Bus_Interface_ISR.cpp.o
                0x00008290                setIOWriteFunc(unsigned char, void (*)(unsigned char))
 .text._Z12enHP85RamExpb
                0x0000829c        0xc .pio\build\teensy41\src\EBTKS_Bus_Interface_ISR.cpp.o
                0x0000829c                enHP85RamExp(bool)
 .text._Z13getHP85RamExpv
                0x000082a8        0xc .pio\build\teensy41\src\EBTKS_Bus_Interface_ISR.cpp.o
                0x000082a8                getHP85RamExp()
 .text._Z14setupPinChangev
                0x000082b4       0x38 .pio\build\teensy41\src\EBTKS_Bus_Interface_ISR.cpp.o
                0x000082b4                setupPinChange()
 .text._Z13mySystick_isrv
                0x000082ec       0x20 .pio\build\teensy41\src\EBTKS_Bus_Interface_ISR.cpp.o
                0x000082ec                mySystick_isr()
 .text._Z8emc_initv
                0x0000830c       0x8c .pio\build\teensy41\src\EBTKS_Bus_Interface_ISR.cpp.o
                0x0000830c                emc_init()
 .text._Z13ioWriteCrtSadh
                0x00008398       0x40 .pio\build\teensy41\src\EBTKS_CRT.cpp.o
                0x00008398                ioWriteCrtSad(unsigned char)
 .text._Z13ioWriteCrtBadh
                0x000083d8       0x50 .pio\build\teensy41\src\EBTKS_CRT.cpp.o
                0x000083d8                ioWriteCrtBad(unsigned char)
 .text._Z14ioWriteCrtCtrlh
                0x00008428       0x14 .pio\build\teensy41\src\EBTKS_CRT.cpp.o
                0x00008428                ioWriteCrtCtrl(unsigned char)
 .text._Z13ioWriteCrtDath
                0x0000843c       0x80 .pio\build\teensy41\src\EBTKS_CRT.cpp.o
                0x0000843c                ioWriteCrtDat(unsigned char)
 .text._Z10writePixeliii.part.1
                0x000084bc       0x78 .pio\build\teensy41\src\EBTKS_CRT.cpp.o
 .text._Z18CRT_restore_screenv.part.2
                0x00008534       0xc4 .pio\build\teensy41\src\EBTKS_CRT.cpp.o
 .text._Z10initCrtEmuv
                0x000085f8       0x58 .pio\build\teensy41\src\EBTKS_CRT.cpp.o
                0x000085f8                initCrtEmu()
 .text._Z18Write_on_CRT_AlphattPKc
                0x00008650       0xcc .pio\build\teensy41\src\EBTKS_CRT.cpp.o
                0x00008650                Write_on_CRT_Alpha(unsigned short, unsigned short, char const*)
 .text._Z17CRT_Timing_Test_1v
                0x0000871c       0x90 .pio\build\teensy41\src\EBTKS_CRT.cpp.o
                0x0000871c                CRT_Timing_Test_1()
 .text._Z17CRT_Timing_Test_2v
                0x000087ac       0xf4 .pio\build\teensy41\src\EBTKS_CRT.cpp.o
                0x000087ac                CRT_Timing_Test_2()
 .text._Z17CRT_Timing_Test_3v
                0x000088a0       0x24 .pio\build\teensy41\src\EBTKS_CRT.cpp.o
                0x000088a0                CRT_Timing_Test_3()
 .text._Z17CRT_Timing_Test_4v
                0x000088c4       0xd8 .pio\build\teensy41\src\EBTKS_CRT.cpp.o
                0x000088c4                CRT_Timing_Test_4()
 .text._Z9writeLineiiiii
                0x0000899c       0xd0 .pio\build\teensy41\src\EBTKS_CRT.cpp.o
                0x0000899c                writeLine(int, int, int, int, int)
 .text._Z18dumpCrtAlphaAsJSONPh
                0x00008a6c       0x30 .pio\build\teensy41\src\EBTKS_CRT.cpp.o
                0x00008a6c                dumpCrtAlphaAsJSON(unsigned char*)
 .text._Z18CRT_capture_screenv
                0x00008a9c       0x18 .pio\build\teensy41\src\EBTKS_CRT.cpp.o
                0x00008a9c                CRT_capture_screen()
 .text._Z18CRT_restore_screenv
                0x00008ab4       0x14 .pio\build\teensy41\src\EBTKS_CRT.cpp.o
                0x00008ab4                CRT_restore_screen()
 .text._ZL26DMA_Logic_Analyzer_SupportPhmi.part.0
                0x00008ac8       0xdc .pio\build\teensy41\src\EBTKS_DMA.cpp.o
 .text._Z25EBTKS_delay_for_LMA_startv
                0x00008ba4       0x24 .pio\build\teensy41\src\EBTKS_DMA.cpp.o
                0x00008ba4                EBTKS_delay_for_LMA_start()
 .text._ZL12DMA_Preamblet
                0x00008bc8      0x100 .pio\build\teensy41\src\EBTKS_DMA.cpp.o
 .text._ZL14DMA_Read_BurstPhm
                0x00008cc8       0x90 .pio\build\teensy41\src\EBTKS_DMA.cpp.o
 .text._ZL15DMA_Write_BurstPhm
                0x00008d58       0xcc .pio\build\teensy41\src\EBTKS_DMA.cpp.o
 .text._Z14DMA_Read_BlockmPhm.part.1
                0x00008e24       0xb4 .pio\build\teensy41\src\EBTKS_DMA.cpp.o
 .text._Z15DMA_Write_BlockmPhm.part.2
                0x00008ed8       0xc0 .pio\build\teensy41\src\EBTKS_DMA.cpp.o
 .text._Z18assert_DMA_Requestv
                0x00008f98       0x18 .pio\build\teensy41\src\EBTKS_DMA.cpp.o
                0x00008f98                assert_DMA_Request()
 .text._Z14DMA_Read_BlockmPhm
                0x00008fb0       0x18 .pio\build\teensy41\src\EBTKS_DMA.cpp.o
                0x00008fb0                DMA_Read_Block(unsigned long, unsigned char*, unsigned long)
 .text._Z15DMA_Write_BlockmPhm
                0x00008fc8       0x18 .pio\build\teensy41\src\EBTKS_DMA.cpp.o
                0x00008fc8                DMA_Write_Block(unsigned long, unsigned char*, unsigned long)
 .text._Z19release_DMA_requestv
                0x00008fe0       0xe8 .pio\build\teensy41\src\EBTKS_DMA.cpp.o
                0x00008fe0                release_DMA_request()
 .text._Z9DMA_Peek8m
                0x000090c8       0x48 .pio\build\teensy41\src\EBTKS_DMA.cpp.o
                0x000090c8                DMA_Peek8(unsigned long)
 .text._Z9DMA_Poke8mh
                0x00009110       0x48 .pio\build\teensy41\src\EBTKS_DMA.cpp.o
                0x00009110                DMA_Poke8(unsigned long, unsigned char)
 .text._Z10DMA_Poke16mt
                0x00009158       0x48 .pio\build\teensy41\src\EBTKS_DMA.cpp.o
                0x00009158                DMA_Poke16(unsigned long, unsigned short)
 .text._Z12open_logfilev
                0x000091a0       0x84 .pio\build\teensy41\src\EBTKS_Logging.cpp.o
                0x000091a0                open_logfile()
 .text._Z17append_to_logfilePKc
                0x00009224       0x28 .pio\build\teensy41\src\EBTKS_Logging.cpp.o
                0x00009224                append_to_logfile(char const*)
 .text._Z13flush_logfilev
                0x0000924c       0x18 .pio\build\teensy41\src\EBTKS_Logging.cpp.o
                0x0000924c                flush_logfile()
 .text._Z13close_logfilev
                0x00009264       0x1c .pio\build\teensy41\src\EBTKS_Logging.cpp.o
                0x00009264                close_logfile()
 .text._Z13clean_logfilev
                0x00009280       0x8c .pio\build\teensy41\src\EBTKS_Logging.cpp.o
                0x00009280                clean_logfile()
 .text._ZN8HpibDisk8identifyEv
                0x0000930c       0x24 .pio\build\teensy41\src\EBTKS_SD.cpp.o
                0x0000930c                HpibDisk::identify()
 .text._ZN8HpibDisk11getFilenameEi
                0x00009330       0x1c .pio\build\teensy41\src\EBTKS_SD.cpp.o
                0x00009330                HpibDisk::getFilename(int)
 .text._ZN8HpibDisk12parallelPollEv
                0x0000934c       0x10 .pio\build\teensy41\src\EBTKS_SD.cpp.o
                0x0000934c                HpibDisk::parallelPoll()
 .text._ZN8HpibDisk5inputEv
                0x0000935c       0x10 .pio\build\teensy41\src\EBTKS_SD.cpp.o
                0x0000935c                HpibDisk::input()
 .text._ZN8HpibDisk7setFileEPKc
                0x0000936c        0x4 .pio\build\teensy41\src\EBTKS_SD.cpp.o
                0x0000936c                HpibDisk::setFile(char const*)
 .text._ZN9HpibPrint8identifyEv
                0x00009370        0x4 .pio\build\teensy41\src\EBTKS_SD.cpp.o
                0x00009370                HpibPrint::identify()
 .text._ZN9HpibPrint12onBurstWriteEPhi
                0x00009374        0x4 .pio\build\teensy41\src\EBTKS_SD.cpp.o
                0x00009374                HpibPrint::onBurstWrite(unsigned char*, int)
 .text._ZN9HpibPrint5inputEv
                0x00009378        0x4 .pio\build\teensy41\src\EBTKS_SD.cpp.o
                0x00009378                HpibPrint::input()
 .text._ZN9HpibPrint11getFilenameEi
                0x0000937c       0x10 .pio\build\teensy41\src\EBTKS_SD.cpp.o
                0x0000937c                HpibPrint::getFilename(int)
 .text._ZN9HpibPrint12parallelPollEv
                0x0000938c        0x4 .pio\build\teensy41\src\EBTKS_SD.cpp.o
                0x0000938c                HpibPrint::parallelPoll()
 .text._ZN9HpibPrint7setFileEiPKcb
                0x00009390        0x4 .pio\build\teensy41\src\EBTKS_SD.cpp.o
                0x00009390                HpibPrint::setFile(int, char const*, bool)
 .text._ZN9HpibPrint7addDiskEi
                0x00009394        0x4 .pio\build\teensy41\src\EBTKS_SD.cpp.o
                0x00009394                HpibPrint::addDisk(int)
 .text._ZN9HpibPrint5closeEi
                0x00009398       0x24 .pio\build\teensy41\src\EBTKS_SD.cpp.o
                0x00009398                HpibPrint::close(int)
 .text._ZN9HpibPrint4tickEv
                0x000093bc       0x20 .pio\build\teensy41\src\EBTKS_SD.cpp.o
                0x000093bc                HpibPrint::tick()
 .text._ZN8HpibDisk10processCmdEPhi
                0x000093dc      0x288 .pio\build\teensy41\src\EBTKS_SD.cpp.o
                0x000093dc                HpibDisk::processCmd(unsigned char*, int)
 .text._ZN8HpibDisk7setFileEiPKcb
                0x00009664       0xcc .pio\build\teensy41\src\EBTKS_SD.cpp.o
                0x00009664                HpibDisk::setFile(int, char const*, bool)
 .text._ZN9HpibPrint7setFileEPKc
                0x00009730       0xac .pio\build\teensy41\src\EBTKS_SD.cpp.o
                0x00009730                HpibPrint::setFile(char const*)
 .text._ZN8HpibDisk5closeEi
                0x000097dc       0x38 .pio\build\teensy41\src\EBTKS_SD.cpp.o
                0x000097dc                HpibDisk::close(int)
 .text._ZN8HpibDisk7addDiskEi
                0x00009814       0xec .pio\build\teensy41\src\EBTKS_SD.cpp.o
                0x00009814                HpibDisk::addDisk(int)
 .text._ZN9HpibPrint10processCmdEPhi
                0x00009900       0x20 .pio\build\teensy41\src\EBTKS_SD.cpp.o
                0x00009900                HpibPrint::processCmd(unsigned char*, int)
 .text._ZN9HpibPrint6atnOutEh
                0x00009920       0x7c .pio\build\teensy41\src\EBTKS_SD.cpp.o
                0x00009920                HpibPrint::atnOut(unsigned char)
 .text._ZN8HpibDisk12onBurstWriteEPhi
                0x0000999c       0x94 .pio\build\teensy41\src\EBTKS_SD.cpp.o
                0x0000999c                HpibDisk::onBurstWrite(unsigned char*, int)
 .text._ZN8HpibDisk4tickEv
                0x00009a30       0xe8 .pio\build\teensy41\src\EBTKS_SD.cpp.o
                0x00009a30                HpibDisk::tick()
 .text._ZN8HpibDisk6atnOutEh
                0x00009b18      0x118 .pio\build\teensy41\src\EBTKS_SD.cpp.o
                0x00009b18                HpibDisk::atnOut(unsigned char)
 .text._ZN18ArduinoJson6173_9111parseNumberEPKcRNS_11VariantDataE
                0x00009c30      0x298 .pio\build\teensy41\src\EBTKS_SD.cpp.o
                0x00009c30                ArduinoJson6173_91::parseNumber(char const*, ArduinoJson6173_91::VariantData&)
 .text._Z7loadRomPKciS0_
                0x00009ec8      0x364 .pio\build\teensy41\src\EBTKS_SD.cpp.o
                0x00009ec8                loadRom(char const*, int, char const*)
 .text._Z14get_MachineNumv
                0x0000a22c        0xc .pio\build\teensy41\src\EBTKS_SD.cpp.o
                0x0000a22c                get_MachineNum()
 .text._Z15get_machineTypev
                0x0000a238        0x8 .pio\build\teensy41\src\EBTKS_SD.cpp.o
                0x0000a238                get_machineType()
 .text._Z14get_CRTVerbosev
                0x0000a240        0xc .pio\build\teensy41\src\EBTKS_SD.cpp.o
                0x0000a240                get_CRTVerbose()
 .text._Z13get_screenEmuv
                0x0000a24c        0xc .pio\build\teensy41\src\EBTKS_SD.cpp.o
                0x0000a24c                get_screenEmu()
 .text._Z13get_CRTRemotev
                0x0000a258        0xc .pio\build\teensy41\src\EBTKS_SD.cpp.o
                0x0000a258                get_CRTRemote()
 .text._Z14get_EMC_Enablev
                0x0000a264        0xc .pio\build\teensy41\src\EBTKS_SD.cpp.o
                0x0000a264                get_EMC_Enable()
 .text._Z16get_EMC_NumBanksv
                0x0000a270        0xc .pio\build\teensy41\src\EBTKS_SD.cpp.o
                0x0000a270                get_EMC_NumBanks()
 .text._Z17get_EMC_StartBankv
                0x0000a27c        0xc .pio\build\teensy41\src\EBTKS_SD.cpp.o
                0x0000a27c                get_EMC_StartBank()
 .text._Z20get_EMC_StartAddressv
                0x0000a288        0xc .pio\build\teensy41\src\EBTKS_SD.cpp.o
                0x0000a288                get_EMC_StartAddress()
 .text._Z18get_EMC_EndAddressv
                0x0000a294        0xc .pio\build\teensy41\src\EBTKS_SD.cpp.o
                0x0000a294                get_EMC_EndAddress()
 .text._Z14get_EMC_masterv
                0x0000a2a0        0xc .pio\build\teensy41\src\EBTKS_SD.cpp.o
                0x0000a2a0                get_EMC_master()
 .text._ZNK18ArduinoJson6173_9111VariantData9getMemberINS_21ConstRamStringAdapterEEEPS0_T_
                0x0000a2ac       0x40 .pio\build\teensy41\src\EBTKS_SD.cpp.o
                0x0000a2ac                ArduinoJson6173_91::VariantData* ArduinoJson6173_91::VariantData::getMember<ArduinoJson6173_91::ConstRamStringAdapter>(ArduinoJson6173_91::ConstRamStringAdapter) const
 .text._ZN18ArduinoJson6173_9116JsonDeserializerINS_6ReaderI6File32vEENS_12StringCopierEE12parseVariantINS_14AllowAllFilterEEEbRNS_11VariantDataET_NS_12NestingLimitE
                0x0000a2ec     0x1138 .pio\build\teensy41\src\EBTKS_SD.cpp.o
                0x0000a2ec                bool ArduinoJson6173_91::JsonDeserializer<ArduinoJson6173_91::Reader<File32, void>, ArduinoJson6173_91::StringCopier>::parseVariant<ArduinoJson6173_91::AllowAllFilter>(ArduinoJson6173_91::VariantData&, ArduinoJson6173_91::AllowAllFilter, ArduinoJson6173_91::NestingLimit)
 .text._ZN18ArduinoJson6173_9111deserializeINS_16JsonDeserializerE6File32NS_14AllowAllFilterEEENS_20DeserializationErrorERNS_12JsonDocumentERT0_NS_12NestingLimitET1_.isra.67.constprop.68
                0x0000b424       0x74 .pio\build\teensy41\src\EBTKS_SD.cpp.o
 .text._Z26mount_drives_based_on_JSONRN18ArduinoJson6173_9112JsonDocumentE
                0x0000b498     0x183c .pio\build\teensy41\src\EBTKS_SD.cpp.o
                0x0000b498                mount_drives_based_on_JSON(ArduinoJson6173_91::JsonDocument&)
 .text._Z17loadConfigurationPKc
                0x0000ccd4     0x1db8 .pio\build\teensy41\src\EBTKS_SD.cpp.o
                0x0000ccd4                loadConfiguration(char const*)
 .text._Z14remount_drivesPKc
                0x0000ea8c      0x2a8 .pio\build\teensy41\src\EBTKS_SD.cpp.o
                0x0000ea8c                remount_drives(char const*)
 .text._ZN4TapeC2Ev
                0x0000ed34       0x40 .pio\build\teensy41\src\EBTKS_Tape_Drive.cpp.o
                0x0000ed34                Tape::Tape()
                0x0000ed34                Tape::Tape()
 .text._ZN4Tape7getFileEv
                0x0000ed74        0x4 .pio\build\teensy41\src\EBTKS_Tape_Drive.cpp.o
                0x0000ed74                Tape::getFile()
 .text._ZN4Tape9blockReadEm
                0x0000ed78       0x60 .pio\build\teensy41\src\EBTKS_Tape_Drive.cpp.o
                0x0000ed78                Tape::blockRead(unsigned long)
 .text._ZN4Tape10blockWriteEi
                0x0000edd8       0x44 .pio\build\teensy41\src\EBTKS_Tape_Drive.cpp.o
                0x0000edd8                Tape::blockWrite(int)
 .text._ZN4Tape5flushEv
                0x0000ee1c       0x2c .pio\build\teensy41\src\EBTKS_Tape_Drive.cpp.o
                0x0000ee1c                Tape::flush()
 .text._ZN4Tape5closeEv
                0x0000ee48       0x20 .pio\build\teensy41\src\EBTKS_Tape_Drive.cpp.o
                0x0000ee48                Tape::close()
 .text._ZN4Tape7setFileEPKc
                0x0000ee68       0xc8 .pio\build\teensy41\src\EBTKS_Tape_Drive.cpp.o
                0x0000ee68                Tape::setFile(char const*)
 .text._ZN4Tape6enableEb
                0x0000ef30       0x48 .pio\build\teensy41\src\EBTKS_Tape_Drive.cpp.o
                0x0000ef30                Tape::enable(bool)
 .text._ZN4Tape4pollEv
                0x0000ef78       0x8c .pio\build\teensy41\src\EBTKS_Tape_Drive.cpp.o
                0x0000ef78                Tape::poll()
 .text._Z17tape_handle_MOUNTPc
                0x0000f004       0x44 .pio\build\teensy41\src\EBTKS_Tape_Drive.cpp.o
                0x0000f004                tape_handle_MOUNT(char*)
 .text._Z19tape_handle_UNMOUNTv
                0x0000f048       0x34 .pio\build\teensy41\src\EBTKS_Tape_Drive.cpp.o
                0x0000f048                tape_handle_UNMOUNT()
 .text._Z11proc_auxintv
                0x0000f07c       0x28 .pio\build\teensy41\src\EBTKS_Utilities.cpp.o
                0x0000f07c                proc_auxint()
 .text._Z6help_1v
                0x0000f0a4       0xb4 .pio\build\teensy41\src\EBTKS_Utilities.cpp.o
                0x0000f0a4                help_1()
 .text._Z6help_2v
                0x0000f158       0x90 .pio\build\teensy41\src\EBTKS_Utilities.cpp.o
                0x0000f158                help_2()
 .text._Z6help_3v
                0x0000f1e8       0xa8 .pio\build\teensy41\src\EBTKS_Utilities.cpp.o
                0x0000f1e8                help_3()
 .text._Z6help_4v
                0x0000f290       0x24 .pio\build\teensy41\src\EBTKS_Utilities.cpp.o
                0x0000f290                help_4()
 .text._Z6help_5v
                0x0000f2b4       0x54 .pio\build\teensy41\src\EBTKS_Utilities.cpp.o
                0x0000f2b4                help_5()
 .text._Z6help_6v
                0x0000f308       0x3c .pio\build\teensy41\src\EBTKS_Utilities.cpp.o
                0x0000f308                help_6()
 .text._Z6help_7v
                0x0000f344       0x24 .pio\build\teensy41\src\EBTKS_Utilities.cpp.o
                0x0000f344                help_7()
 .text._Z19time_adjust_minutesv
                0x0000f368       0x1c .pio\build\teensy41\src\EBTKS_Utilities.cpp.o
                0x0000f368                time_adjust_minutes()
 .text._Z17time_adjust_hoursv
                0x0000f384       0x1c .pio\build\teensy41\src\EBTKS_Utilities.cpp.o
                0x0000f384                time_adjust_hours()
 .text._Z19show_keyboard_codesv
                0x0000f3a0       0x64 .pio\build\teensy41\src\EBTKS_Utilities.cpp.o
                0x0000f3a0                show_keyboard_codes()
 .text._Z13diag_sdread_1v
                0x0000f404      0x330 .pio\build\teensy41\src\EBTKS_Utilities.cpp.o
                0x0000f404                diag_sdread_1()
 .text._Z9pulse_PWOv
                0x0000f734       0x2c .pio\build\teensy41\src\EBTKS_Utilities.cpp.o
                0x0000f734                pulse_PWO()
 .text._Z15dump_ram_windowv
                0x0000f760       0xa8 .pio\build\teensy41\src\EBTKS_Utilities.cpp.o
                0x0000f760                dump_ram_window()
 .text._Z17Logic_analyzer_gov
                0x0000f808       0xa8 .pio\build\teensy41\src\EBTKS_Utilities.cpp.o
                0x0000f808                Logic_analyzer_go()
 .text._Z9proc_addrv
                0x0000f8b0       0xac .pio\build\teensy41\src\EBTKS_Utilities.cpp.o
                0x0000f8b0                proc_addr()
 .text._Z20Simple_Graphics_Testv
                0x0000f95c       0x58 .pio\build\teensy41\src\EBTKS_Utilities.cpp.o
                0x0000f95c                Simple_Graphics_Test()
 .text._Z8show_RTCv
                0x0000f9b4       0xa4 .pio\build\teensy41\src\EBTKS_Utilities.cpp.o
                0x0000f9b4                show_RTC()
 .text._Z6help_0v
                0x0000fa58       0x7c .pio\build\teensy41\src\EBTKS_Utilities.cpp.o
                0x0000fa58                help_0()
 .text._Z14just_once_funcv
                0x0000fad4       0x20 .pio\build\teensy41\src\EBTKS_Utilities.cpp.o
                0x0000fad4                just_once_func()
 *fill*         0x0000faf4        0x4 
 .text._Z6jay_piv
                0x0000faf8       0xc4 .pio\build\teensy41\src\EBTKS_Utilities.cpp.o
                0x0000faf8                jay_pi()
 .text._Z20kbd_history_up_arrowv.part.9
                0x0000fbbc       0x68 .pio\build\teensy41\src\EBTKS_Utilities.cpp.o
 .text._Z12report_mediav
                0x0000fc24       0xd4 .pio\build\teensy41\src\EBTKS_Utilities.cpp.o
                0x0000fc24                report_media()
 .text._Z14SCOPE_1_Pulserh
                0x0000fcf8       0x48 .pio\build\teensy41\src\EBTKS_Utilities.cpp.o
                0x0000fcf8                SCOPE_1_Pulser(unsigned char)
 .text._Z14EBTKS_delay_nsl
                0x0000fd40       0x38 .pio\build\teensy41\src\EBTKS_Utilities.cpp.o
                0x0000fd40                EBTKS_delay_ns(long)
 .text._Z22kbd_history_down_arrowv
                0x0000fd78       0x78 .pio\build\teensy41\src\EBTKS_Utilities.cpp.o
                0x0000fd78                kbd_history_down_arrow()
 .text._Z23kbd_history_add_commandv
                0x0000fdf0       0xa0 .pio\build\teensy41\src\EBTKS_Utilities.cpp.o
                0x0000fdf0                kbd_history_add_command()
 .text._Z22get_serial_string_pollv
                0x0000fe90      0x1d4 .pio\build\teensy41\src\EBTKS_Utilities.cpp.o
                0x0000fe90                get_serial_string_poll()
 .text._Z20Setup_Logic_Analyzerv
                0x00010064      0xb30 .pio\build\teensy41\src\EBTKS_Utilities.cpp.o
                0x00010064                Setup_Logic_Analyzer()
 .text._Z15HexDump_T41_memmmbb
                0x00010b94       0x68 .pio\build\teensy41\src\EBTKS_Utilities.cpp.o
                0x00010b94                HexDump_T41_mem(unsigned long, unsigned long, bool, bool)
 .text._Z13diag_dir_pathPKc
                0x00010bfc       0x74 .pio\build\teensy41\src\EBTKS_Utilities.cpp.o
                0x00010bfc                diag_dir_path(char const*)
 .text._Z14diag_dir_tapesv
                0x00010c70        0xc .pio\build\teensy41\src\EBTKS_Utilities.cpp.o
                0x00010c70                diag_dir_tapes()
 .text._Z13diag_dir_rootv
                0x00010c7c        0xc .pio\build\teensy41\src\EBTKS_Utilities.cpp.o
                0x00010c7c                diag_dir_root()
 .text._Z14diag_dir_disksv
                0x00010c88        0xc .pio\build\teensy41\src\EBTKS_Utilities.cpp.o
                0x00010c88                diag_dir_disks()
 .text._Z13diag_dir_romsv
                0x00010c94        0xc .pio\build\teensy41\src\EBTKS_Utilities.cpp.o
                0x00010c94                diag_dir_roms()
 .text._Z18no_SD_card_messagev
                0x00010ca0       0x88 .pio\build\teensy41\src\EBTKS_Utilities.cpp.o
                0x00010ca0                no_SD_card_message()
 .text._Z11setLedColorhhhh
                0x00010d28       0x1c .pio\build\teensy41\src\EBTKS_Utilities.cpp.o
                0x00010d28                setLedColor(unsigned char, unsigned char, unsigned char, unsigned char)
 .text._Z13WS2812_updatev
                0x00010d44       0x84 .pio\build\teensy41\src\EBTKS_Utilities.cpp.o
                0x00010d44                WS2812_update()
 .text._Z19check_fixed_patternm
                0x00010dc8       0x94 .pio\build\teensy41\src\EBTKS_Utilities.cpp.o
                0x00010dc8                check_fixed_pattern(unsigned long)
 .text._Z18check_lfsr_patternm
                0x00010e5c       0xcc .pio\build\teensy41\src\EBTKS_Utilities.cpp.o
                0x00010e5c                check_lfsr_pattern(unsigned long)
 .text._Z10PSRAM_Testv
                0x00010f28      0x45c .pio\build\teensy41\src\EBTKS_Utilities.cpp.o
                0x00010f28                PSRAM_Test()
 .text._Z14getTeensy3Timev
                0x00011384        0x4 .pio\build\teensy41\src\EBTKS_Utilities.cpp.o
                0x00011384                getTeensy3Time()
 .text._Z17protected_rtc_setv
                0x00011388       0x28 .pio\build\teensy41\src\EBTKS_Utilities.cpp.o
                0x00011388                protected_rtc_set()
 .text._Z8set_datev
                0x000113b0      0x254 .pio\build\teensy41\src\EBTKS_Utilities.cpp.o
                0x000113b0                set_date()
 .text._Z8set_timev
                0x00011604      0x188 .pio\build\teensy41\src\EBTKS_Utilities.cpp.o
                0x00011604                set_time()
 .text._Z20time_up_by_incrementv
                0x0001178c       0x44 .pio\build\teensy41\src\EBTKS_Utilities.cpp.o
                0x0001178c                time_up_by_increment()
 .text._Z22time_down_by_decrementv
                0x000117d0       0x44 .pio\build\teensy41\src\EBTKS_Utilities.cpp.o
                0x000117d0                time_down_by_decrement()
 .text._Z11str_tolowerPc
                0x00011814       0x1c .pio\build\teensy41\src\EBTKS_Utilities.cpp.o
                0x00011814                str_tolower(char*)
 .text._Z14MatchesPatternPcS_
                0x00011830       0x5c .pio\build\teensy41\src\EBTKS_Utilities.cpp.o
                0x00011830                MatchesPattern(char*, char*)
 .text._Z9dump_keysbb
                0x0001188c      0x124 .pio\build\teensy41\src\EBTKS_Utilities.cpp.o
                0x0001188c                dump_keys(bool, bool)
 .text._Z4showv
                0x000119b0      0x2d4 .pio\build\teensy41\src\EBTKS_Utilities.cpp.o
                0x000119b0                show()
 .text._Z19Serial_Command_Pollv
                0x00011c84      0x13c .pio\build\teensy41\src\EBTKS_Utilities.cpp.o
                0x00011c84                Serial_Command_Poll()
 .text._Z19Logic_Analyzer_Pollv
                0x00011dc0      0x4dc .pio\build\teensy41\src\EBTKS_Utilities.cpp.o
                0x00011dc0                Logic_Analyzer_Poll()
 .text._Z15usb_ser_rts_dtrv
                0x0001229c       0x4c .pio\build\teensy41\src\ESP_Programmer.cpp.o
                0x0001229c                usb_ser_rts_dtr()
 .text._Z13ESP_Prog_Loopv
                0x000122e8       0x38 .pio\build\teensy41\src\ESP_Programmer.cpp.o
                0x000122e8                ESP_Prog_Loop()
 .text._Z20ESP_Programmer_Setupv
                0x00012320       0x48 .pio\build\teensy41\src\ESP_Programmer.cpp.o
                0x00012320                ESP_Programmer_Setup()
 .text._ZN7FatFile8openRootEP9FatVolume.part.36
                0x00012368       0x34 .pio\build\teensy41\libc5c\libSdFat.a(FatFile.cpp.o)
 .text._ZN7FatFile10addClusterEv
                0x0001239c       0x34 .pio\build\teensy41\libc5c\libSdFat.a(FatFile.cpp.o)
                0x0001239c                FatFile::addCluster()
 .text._ZN7FatFile13addDirClusterEv
                0x000123d0       0x94 .pio\build\teensy41\libc5c\libSdFat.a(FatFile.cpp.o)
                0x000123d0                FatFile::addDirCluster()
 .text._ZN7FatFile13cacheDirEntryEh
                0x00012464       0x20 .pio\build\teensy41\libc5c\libSdFat.a(FatFile.cpp.o)
                0x00012464                FatFile::cacheDirEntry(unsigned char)
 .text._ZN7FatFile4syncEv.part.40
                0x00012484       0x94 .pio\build\teensy41\libc5c\libSdFat.a(FatFile.cpp.o)
 .text._ZN7FatFile5closeEv
                0x00012518       0x20 .pio\build\teensy41\libc5c\libSdFat.a(FatFile.cpp.o)
                0x00012518                FatFile::close()
 .text._ZN7FatFile8dirEntryEP8DirFat_t
                0x00012538       0x48 .pio\build\teensy41\libc5c\libSdFat.a(FatFile.cpp.o)
                0x00012538                FatFile::dirEntry(DirFat_t*)
 .text._ZN7FatFile17getModifyDateTimeEPtS0_
                0x00012580       0x20 .pio\build\teensy41\libc5c\libSdFat.a(FatFile.cpp.o)
                0x00012580                FatFile::getModifyDateTime(unsigned short*, unsigned short*)
 .text._ZN7FatFile5mkdirEPS_P7fname_t
                0x000125a0      0x15c .pio\build\teensy41\libc5c\libSdFat.a(FatFile.cpp.o)
                0x000125a0                FatFile::mkdir(FatFile*, fname_t*)
 .text._ZN7FatFile5mkdirEPS_PKcb
                0x000126fc       0xc8 .pio\build\teensy41\libc5c\libSdFat.a(FatFile.cpp.o)
                0x000126fc                FatFile::mkdir(FatFile*, char const*, bool)
 .text._ZN7FatFile4openEPS_PKci
                0x000127c4       0xc8 .pio\build\teensy41\libc5c\libSdFat.a(FatFile.cpp.o)
                0x000127c4                FatFile::open(FatFile*, char const*, int)
 .text._ZN7FatFile4openEP9FatVolumePKci
                0x0001288c       0x10 .pio\build\teensy41\libc5c\libSdFat.a(FatFile.cpp.o)
                0x0001288c                FatFile::open(FatVolume*, char const*, int)
 .text._ZN7FatFile4openEPKci
                0x0001289c       0x24 .pio\build\teensy41\libc5c\libSdFat.a(FatFile.cpp.o)
                0x0001289c                FatFile::open(char const*, int)
 .text._ZN7FatFile8openRootEP9FatVolume
                0x000128c0        0xc .pio\build\teensy41\libc5c\libSdFat.a(FatFile.cpp.o)
                0x000128c0                FatFile::openRoot(FatVolume*)
 .text._ZN7FatFile4readEPvj
                0x000128cc      0x194 .pio\build\teensy41\libc5c\libSdFat.a(FatFile.cpp.o)
                0x000128cc                FatFile::read(void*, unsigned int)
 .text._ZN7FatFile4peekEv
                0x00012a60       0x28 .pio\build\teensy41\libc5c\libSdFat.a(FatFile.cpp.o)
                0x00012a60                FatFile::peek()
 .text._ZN7FatFile12readDirCacheEb
                0x00012a88       0x44 .pio\build\teensy41\libc5c\libSdFat.a(FatFile.cpp.o)
                0x00012a88                FatFile::readDirCache(bool)
 .text._ZN7FatFile6renameEPS_PKc
                0x00012acc      0x1e4 .pio\build\teensy41\libc5c\libSdFat.a(FatFile.cpp.o)
                0x00012acc                FatFile::rename(FatFile*, char const*)
 .text._ZN7FatFile5rmdirEv
                0x00012cb0       0x5c .pio\build\teensy41\libc5c\libSdFat.a(FatFile.cpp.o)
                0x00012cb0                FatFile::rmdir()
 .text._ZN7FatFile7seekSetEm
                0x00012d0c       0xb0 .pio\build\teensy41\libc5c\libSdFat.a(FatFile.cpp.o)
                0x00012d0c                FatFile::seekSet(unsigned long)
 .text._ZN7FatFile15openCachedEntryEPS_tih
                0x00012dbc       0xd4 .pio\build\teensy41\libc5c\libSdFat.a(FatFile.cpp.o)
                0x00012dbc                FatFile::openCachedEntry(FatFile*, unsigned short, int, unsigned char)
 .text._ZN7FatFile8openNextEPS_i
                0x00012e90       0x90 .pio\build\teensy41\libc5c\libSdFat.a(FatFile.cpp.o)
                0x00012e90                FatFile::openNext(FatFile*, int)
 .text._ZN7FatFile4syncEv
                0x00012f20        0xc .pio\build\teensy41\libc5c\libSdFat.a(FatFile.cpp.o)
                0x00012f20                FatFile::sync()
 .text._ZN7FatFile5writeEPKvj
                0x00012f2c      0x1e8 .pio\build\teensy41\libc5c\libSdFat.a(FatFile.cpp.o)
                0x00012f2c                FatFile::write(void const*, unsigned int)
 .text._ZL10lfnGetCharP8DirLfn_th
                0x00013114       0x2c .pio\build\teensy41\libc5c\libSdFat.a(FatFileLFN.cpp.o)
 .text._ZN7FatFile11lfnChecksumEPh
                0x00013140       0x24 .pio\build\teensy41\libc5c\libSdFat.a(FatFileLFN.cpp.o)
                0x00013140                FatFile::lfnChecksum(unsigned char*)
 .text._ZN7FatFile11openClusterEPS_
                0x00013164       0x30 .pio\build\teensy41\libc5c\libSdFat.a(FatFileLFN.cpp.o)
                0x00013164                FatFile::openCluster(FatFile*)
 .text._ZN7FatFile7getNameEPcj
                0x00013194      0x108 .pio\build\teensy41\libc5c\libSdFat.a(FatFileLFN.cpp.o)
                0x00013194                FatFile::getName(char*, unsigned int)
 .text._ZN7FatFile13parsePathNameEPKcP7fname_tPS1_
                0x0001329c      0x284 .pio\build\teensy41\libc5c\libSdFat.a(FatFileLFN.cpp.o)
                0x0001329c                FatFile::parsePathName(char const*, fname_t*, char const**)
 .text._ZN7FatFile9printNameEP5Print
                0x00013520       0xbc .pio\build\teensy41\libc5c\libSdFat.a(FatFileLFN.cpp.o)
                0x00013520                FatFile::printName(Print*)
 .text._ZN7FatFile6removeEv
                0x000135dc      0x128 .pio\build\teensy41\libc5c\libSdFat.a(FatFileLFN.cpp.o)
                0x000135dc                FatFile::remove()
 .text._ZN7FatFile12lfnUniqueSfnEP7fname_t
                0x00013704       0xc0 .pio\build\teensy41\libc5c\libSdFat.a(FatFileLFN.cpp.o)
                0x00013704                FatFile::lfnUniqueSfn(fname_t*)
 .text._ZN7FatFile4openEPS_P7fname_ti
                0x000137c4      0x39c .pio\build\teensy41\libc5c\libSdFat.a(FatFileLFN.cpp.o)
                0x000137c4                FatFile::open(FatFile*, fname_t*, int)
 .text._ZN7FatFile19printModifyDateTimeEP5Print
                0x00013b60       0x24 .pio\build\teensy41\libc5c\libSdFat.a(FatFilePrint.cpp.o)
                0x00013b60                FatFile::printModifyDateTime(Print*)
 .text._ZN7FatFile13printFileSizeEP5Print
                0x00013b84       0x3c .pio\build\teensy41\libc5c\libSdFat.a(FatFilePrint.cpp.o)
                0x00013b84                FatFile::printFileSize(Print*)
 .text._ZN7FatFile2lsEP5Printhh
                0x00013bc0      0x118 .pio\build\teensy41\libc5c\libSdFat.a(FatFilePrint.cpp.o)
                0x00013bc0                FatFile::ls(Print*, unsigned char, unsigned char)
 .text._ZN7FatFile6getSFNEPc.part.2
                0x00013cd8       0x68 .pio\build\teensy41\libc5c\libSdFat.a(FatFileSFN.cpp.o)
 .text._ZN7FatFile6getSFNEPc
                0x00013d40       0x20 .pio\build\teensy41\libc5c\libSdFat.a(FatFileSFN.cpp.o)
                0x00013d40                FatFile::getSFN(char*)
 .text._ZN7FatFile8printSFNEP5Print
                0x00013d60       0x4c .pio\build\teensy41\libc5c\libSdFat.a(FatFileSFN.cpp.o)
                0x00013d60                FatFile::printSFN(Print*)
 .text._ZN8FatCache4syncEv.part.8
                0x00013dac       0x4c .pio\build\teensy41\libc5c\libSdFat.a(FatPartition.cpp.o)
 .text._ZN8FatCache4readEmh
                0x00013df8       0x60 .pio\build\teensy41\libc5c\libSdFat.a(FatPartition.cpp.o)
                0x00013df8                FatCache::read(unsigned long, unsigned char)
 .text._ZN8FatCache4syncEv
                0x00013e58       0x10 .pio\build\teensy41\libc5c\libSdFat.a(FatPartition.cpp.o)
                0x00013e58                FatCache::sync()
 .text._ZNK12FatPartition18clusterStartSectorEm
                0x00013e68        0xc .pio\build\teensy41\libc5c\libSdFat.a(FatPartition.cpp.o)
                0x00013e68                FatPartition::clusterStartSector(unsigned long) const
 .text._ZN12FatPartition6fatGetEmPm
                0x00013e74       0x70 .pio\build\teensy41\libc5c\libSdFat.a(FatPartition.cpp.o)
                0x00013e74                FatPartition::fatGet(unsigned long, unsigned long*)
 .text._ZN12FatPartition6fatPutEmm
                0x00013ee4       0x68 .pio\build\teensy41\libc5c\libSdFat.a(FatPartition.cpp.o)
                0x00013ee4                FatPartition::fatPut(unsigned long, unsigned long)
 .text._ZN12FatPartition15allocateClusterEmPm
                0x00013f4c       0x84 .pio\build\teensy41\libc5c\libSdFat.a(FatPartition.cpp.o)
                0x00013f4c                FatPartition::allocateCluster(unsigned long, unsigned long*)
 .text._ZN12FatPartition9freeChainEm
                0x00013fd0       0x3c .pio\build\teensy41\libc5c\libSdFat.a(FatPartition.cpp.o)
                0x00013fd0                FatPartition::freeChain(unsigned long)
 .text._ZN12FatPartition4initEP20BlockDeviceInterfaceh
                0x0001400c      0x120 .pio\build\teensy41\libc5c\libSdFat.a(FatPartition.cpp.o)
                0x0001400c                FatPartition::init(BlockDeviceInterface*, unsigned char)
 .text._ZN9FatVolume5chdirEPKc
                0x0001412c       0x4c .pio\build\teensy41\libc5c\libSdFat.a(FatVolume.cpp.o)
                0x0001412c                FatVolume::chdir(char const*)
 .text._ZNK9SdSpiCard9errorCodeEv
                0x00014178        0x4 .pio\build\teensy41\libc5c\libSdFat.a(SdSpiCard.cpp.o)
                0x00014178                SdSpiCard::errorCode() const
 .text._ZNK9SdSpiCard9errorDataEv
                0x0001417c        0x4 .pio\build\teensy41\libc5c\libSdFat.a(SdSpiCard.cpp.o)
                0x0001417c                SdSpiCard::errorData() const
 .text._ZN9SdSpiCard10readSectorEmPh
                0x00014180       0x10 .pio\build\teensy41\libc5c\libSdFat.a(SdSpiCard.cpp.o)
                0x00014180                SdSpiCard::readSector(unsigned long, unsigned char*)
 .text._ZNK9SdSpiCard4typeEv
                0x00014190        0x4 .pio\build\teensy41\libc5c\libSdFat.a(SdSpiCard.cpp.o)
                0x00014190                SdSpiCard::type() const
 .text._ZN9SdSpiCard11writeSectorEmPKh
                0x00014194       0x10 .pio\build\teensy41\libc5c\libSdFat.a(SdSpiCard.cpp.o)
                0x00014194                SdSpiCard::writeSector(unsigned long, unsigned char const*)
 .text._ZN9SdSpiCardD2Ev
                0x000141a4        0x4 .pio\build\teensy41\libc5c\libSdFat.a(SdSpiCard.cpp.o)
                0x000141a4                SdSpiCard::~SdSpiCard()
                0x000141a4                SdSpiCard::~SdSpiCard()
 .text._ZN9SdSpiCardD0Ev
                0x000141a8       0x10 .pio\build\teensy41\libc5c\libSdFat.a(SdSpiCard.cpp.o)
                0x000141a8                SdSpiCard::~SdSpiCard()
 .text._ZN9SdSpiCard12writeSectorsEmPKhj
                0x000141b8       0x78 .pio\build\teensy41\libc5c\libSdFat.a(SdSpiCard.cpp.o)
                0x000141b8                SdSpiCard::writeSectors(unsigned long, unsigned char const*, unsigned int)
 .text._ZN9SdSpiCard8spiStartEv.part.6.constprop.23
                0x00014230       0x18 .pio\build\teensy41\libc5c\libSdFat.a(SdSpiCard.cpp.o)
 .text._ZN9SdSpiCard7spiStopEv.part.7.constprop.26
                0x00014248       0x24 .pio\build\teensy41\libc5c\libSdFat.a(SdSpiCard.cpp.o)
 .text._ZN9SdSpiCard6isBusyEv
                0x0001426c       0x40 .pio\build\teensy41\libc5c\libSdFat.a(SdSpiCard.cpp.o)
                0x0001426c                SdSpiCard::isBusy()
 .text._ZN9SdSpiCard8readDataEPhj
                0x000142ac       0x74 .pio\build\teensy41\libc5c\libSdFat.a(SdSpiCard.cpp.o)
                0x000142ac                SdSpiCard::readData(unsigned char*, unsigned int)
 .text._ZN9SdSpiCard11waitNotBusyEt
                0x00014320       0x30 .pio\build\teensy41\libc5c\libSdFat.a(SdSpiCard.cpp.o)
                0x00014320                SdSpiCard::waitNotBusy(unsigned short)
 .text._ZN9SdSpiCard11cardCommandEhm
                0x00014350       0x80 .pio\build\teensy41\libc5c\libSdFat.a(SdSpiCard.cpp.o)
                0x00014350                SdSpiCard::cardCommand(unsigned char, unsigned long)
 .text._ZN9SdSpiCard7readOCREPm
                0x000143d0       0x54 .pio\build\teensy41\libc5c\libSdFat.a(SdSpiCard.cpp.o)
                0x000143d0                SdSpiCard::readOCR(unsigned long*)
 .text._ZN9SdSpiCard12readRegisterEhPv
                0x00014424       0x4c .pio\build\teensy41\libc5c\libSdFat.a(SdSpiCard.cpp.o)
                0x00014424                SdSpiCard::readRegister(unsigned char, void*)
 .text._ZN9SdSpiCard7readCSDEP5csd_t
                0x00014470        0x8 .pio\build\teensy41\libc5c\libSdFat.a(SdSpiCard.cpp.o)
                0x00014470                SdSpiCard::readCSD(csd_t*)
 .text._ZN9SdSpiCard7readCIDEP3CID
                0x00014478        0x8 .pio\build\teensy41\libc5c\libSdFat.a(SdSpiCard.cpp.o)
                0x00014478                SdSpiCard::readCID(CID*)
 .text._ZN9SdSpiCard11sectorCountEv
                0x00014480       0x98 .pio\build\teensy41\libc5c\libSdFat.a(SdSpiCard.cpp.o)
                0x00014480                SdSpiCard::sectorCount()
 .text._ZN9SdSpiCard9readStartEm
                0x00014518       0x50 .pio\build\teensy41\libc5c\libSdFat.a(SdSpiCard.cpp.o)
                0x00014518                SdSpiCard::readStart(unsigned long)
 .text._ZN9SdSpiCard11readSectorsEmPhj
                0x00014568       0x74 .pio\build\teensy41\libc5c\libSdFat.a(SdSpiCard.cpp.o)
                0x00014568                SdSpiCard::readSectors(unsigned long, unsigned char*, unsigned int)
 .text._ZN9SdSpiCard8readStopEv
                0x000145dc       0x3c .pio\build\teensy41\libc5c\libSdFat.a(SdSpiCard.cpp.o)
                0x000145dc                SdSpiCard::readStop()
 .text._ZN9SdSpiCard10writeStartEm
                0x00014618       0x50 .pio\build\teensy41\libc5c\libSdFat.a(SdSpiCard.cpp.o)
                0x00014618                SdSpiCard::writeStart(unsigned long)
 .text._ZN9SdSpiCard5eraseEmm
                0x00014668       0xb4 .pio\build\teensy41\libc5c\libSdFat.a(SdSpiCard.cpp.o)
                0x00014668                SdSpiCard::erase(unsigned long, unsigned long)
 .text._ZN9SdSpiCard9writeStopEv
                0x0001471c       0x44 .pio\build\teensy41\libc5c\libSdFat.a(SdSpiCard.cpp.o)
                0x0001471c                SdSpiCard::writeStop()
 .text._ZN9SdSpiCard10syncDeviceEv
                0x00014760       0x2c .pio\build\teensy41\libc5c\libSdFat.a(SdSpiCard.cpp.o)
                0x00014760                SdSpiCard::syncDevice()
 .text._ZN9SdSpiCard9writeDataEhPKh
                0x0001478c       0x54 .pio\build\teensy41\libc5c\libSdFat.a(SdSpiCard.cpp.o)
                0x0001478c                SdSpiCard::writeData(unsigned char, unsigned char const*)
 .text._ZN9SdSpiCard9writeDataEPKh
                0x000147e0       0x34 .pio\build\teensy41\libc5c\libSdFat.a(SdSpiCard.cpp.o)
                0x000147e0                SdSpiCard::writeData(unsigned char const*)
 .text._ZL5sdIrsv
                0x00014814       0x30 .pio\build\teensy41\libc5c\libSdFat.a(SdioTeensy.cpp.o)
 .text._ZL21isBusyCommandCompletev
                0x00014844       0x18 .pio\build\teensy41\libc5c\libSdFat.a(SdioTeensy.cpp.o)
 .text._ZL20isBusyCommandInhibitv
                0x0001485c       0x10 .pio\build\teensy41\libc5c\libSdFat.a(SdioTeensy.cpp.o)
 .text._ZL9isBusyDMAv
                0x0001486c        0xc .pio\build\teensy41\libc5c\libSdFat.a(SdioTeensy.cpp.o)
 .text._ZL14isBusyFifoReadv
                0x00014878       0x14 .pio\build\teensy41\libc5c\libSdFat.a(SdioTeensy.cpp.o)
 .text._ZL15isBusyFifoWritev
                0x0001488c       0x14 .pio\build\teensy41\libc5c\libSdFat.a(SdioTeensy.cpp.o)
 .text._ZL22isBusyTransferCompletev
                0x000148a0       0x18 .pio\build\teensy41\libc5c\libSdFat.a(SdioTeensy.cpp.o)
 .text._ZL8setSdclkm
                0x000148b8       0xd0 .pio\build\teensy41\libc5c\libSdFat.a(SdioTeensy.cpp.o)
 .text._ZNK8SdioCard9errorCodeEv
                0x00014988        0xc .pio\build\teensy41\libc5c\libSdFat.a(SdioTeensy.cpp.o)
                0x00014988                SdioCard::errorCode() const
 .text._ZNK8SdioCard9errorDataEv
                0x00014994        0xc .pio\build\teensy41\libc5c\libSdFat.a(SdioTeensy.cpp.o)
                0x00014994                SdioCard::errorData() const
 .text._ZN8SdioCard7readCIDEP3CID
                0x000149a0       0x1c .pio\build\teensy41\libc5c\libSdFat.a(SdioTeensy.cpp.o)
                0x000149a0                SdioCard::readCID(CID*)
 .text._ZN8SdioCard7readCSDEP5csd_t
                0x000149bc       0x1c .pio\build\teensy41\libc5c\libSdFat.a(SdioTeensy.cpp.o)
                0x000149bc                SdioCard::readCSD(csd_t*)
 .text._ZN8SdioCard7readOCREPm
                0x000149d8       0x10 .pio\build\teensy41\libc5c\libSdFat.a(SdioTeensy.cpp.o)
                0x000149d8                SdioCard::readOCR(unsigned long*)
 .text._ZN8SdioCardD2Ev
                0x000149e8        0x4 .pio\build\teensy41\libc5c\libSdFat.a(SdioTeensy.cpp.o)
                0x000149e8                SdioCard::~SdioCard()
                0x000149e8                SdioCard::~SdioCard()
 .text._ZL11waitTimeoutPFbvE
                0x000149ec       0x28 .pio\build\teensy41\libc5c\libSdFat.a(SdioTeensy.cpp.o)
 .text._ZL12yieldTimeoutPFbvE
                0x00014a14       0x4c .pio\build\teensy41\libc5c\libSdFat.a(SdioTeensy.cpp.o)
 .text._ZN8SdioCardD0Ev
                0x00014a60       0x10 .pio\build\teensy41\libc5c\libSdFat.a(SdioTeensy.cpp.o)
                0x00014a60                SdioCard::~SdioCard()
 .text._ZL10enableGPIOb.part.0
                0x00014a70       0x44 .pio\build\teensy41\libc5c\libSdFat.a(SdioTeensy.cpp.o)
 .text._ZNK8SdioCard4typeEv
                0x00014ab4       0x20 .pio\build\teensy41\libc5c\libSdFat.a(SdioTeensy.cpp.o)
                0x00014ab4                SdioCard::type() const
 .text._ZL11cardCommandmm
                0x00014ad4       0x68 .pio\build\teensy41\libc5c\libSdFat.a(SdioTeensy.cpp.o)
 .text._ZN8SdioCard6statusEv
                0x00014b3c       0x20 .pio\build\teensy41\libc5c\libSdFat.a(SdioTeensy.cpp.o)
                0x00014b3c                SdioCard::status()
 .text._ZL9readReg16mPv
                0x00014b5c       0x5c .pio\build\teensy41\libc5c\libSdFat.a(SdioTeensy.cpp.o)
 .text._ZL11isBusyCMD13v
                0x00014bb8       0x2c .pio\build\teensy41\libc5c\libSdFat.a(SdioTeensy.cpp.o)
 .text._ZN8SdioCard6isBusyEv
                0x00014be4       0x1c .pio\build\teensy41\libc5c\libSdFat.a(SdioTeensy.cpp.o)
                0x00014be4                SdioCard::isBusy()
 .text._ZL13waitDmaStatusv.part.7
                0x00014c00       0x20 .pio\build\teensy41\libc5c\libSdFat.a(SdioTeensy.cpp.o)
 .text._ZL11rdWrSectorsmmPhj
                0x00014c20       0xb8 .pio\build\teensy41\libc5c\libSdFat.a(SdioTeensy.cpp.o)
 .text._ZN8SdioCard11sectorCountEv
                0x00014cd8       0x6c .pio\build\teensy41\libc5c\libSdFat.a(SdioTeensy.cpp.o)
                0x00014cd8                SdioCard::sectorCount()
 .text._ZN8SdioCard5eraseEmm
                0x00014d44       0xd4 .pio\build\teensy41\libc5c\libSdFat.a(SdioTeensy.cpp.o)
                0x00014d44                SdioCard::erase(unsigned long, unsigned long)
 .text._ZL12transferStopv
                0x00014e18       0x6c .pio\build\teensy41\libc5c\libSdFat.a(SdioTeensy.cpp.o)
 .text._ZN8SdioCard9writeStopEv
                0x00014e84        0x4 .pio\build\teensy41\libc5c\libSdFat.a(SdioTeensy.cpp.o)
                0x00014e84                SdioCard::writeStop()
                0x00014e84                SdioCard::readStop()
 .text._ZN8SdioCard9writeDataEPKh
                0x00014e88       0xbc .pio\build\teensy41\libc5c\libSdFat.a(SdioTeensy.cpp.o)
                0x00014e88                SdioCard::writeData(unsigned char const*)
 .text._ZN8SdioCard10writeStartEm
                0x00014f44       0x6c .pio\build\teensy41\libc5c\libSdFat.a(SdioTeensy.cpp.o)
                0x00014f44                SdioCard::writeStart(unsigned long)
 .text._ZN8SdioCard11readSectorsEmPhj
                0x00014fb0       0x88 .pio\build\teensy41\libc5c\libSdFat.a(SdioTeensy.cpp.o)
                0x00014fb0                SdioCard::readSectors(unsigned long, unsigned char*, unsigned int)
 .text._ZN8SdioCard12writeSectorsEmPKhj
                0x00015038       0x88 .pio\build\teensy41\libc5c\libSdFat.a(SdioTeensy.cpp.o)
                0x00015038                SdioCard::writeSectors(unsigned long, unsigned char const*, unsigned int)
 .text._ZN8SdioCard11writeSectorEmPKh
                0x000150c0       0xa0 .pio\build\teensy41\libc5c\libSdFat.a(SdioTeensy.cpp.o)
                0x000150c0                SdioCard::writeSector(unsigned long, unsigned char const*)
 .text._ZN8SdioCard10syncDeviceEv
                0x00015160       0x38 .pio\build\teensy41\libc5c\libSdFat.a(SdioTeensy.cpp.o)
                0x00015160                SdioCard::syncDevice()
 .text._ZL8cardCMD6mPh
                0x00015198       0x9c .pio\build\teensy41\libc5c\libSdFat.a(SdioTeensy.cpp.o)
 .text._ZN8SdioCard5beginE10SdioConfig
                0x00015234      0x364 .pio\build\teensy41\libc5c\libSdFat.a(SdioTeensy.cpp.o)
                0x00015234                SdioCard::begin(SdioConfig)
 .text._ZN8SdioCard8readDataEPh
                0x00015598       0xbc .pio\build\teensy41\libc5c\libSdFat.a(SdioTeensy.cpp.o)
                0x00015598                SdioCard::readData(unsigned char*)
 .text._ZN8SdioCard9readStartEm
                0x00015654       0x6c .pio\build\teensy41\libc5c\libSdFat.a(SdioTeensy.cpp.o)
                0x00015654                SdioCard::readStart(unsigned long)
 .text._ZN8SdioCard10readSectorEmPh
                0x000156c0       0xb0 .pio\build\teensy41\libc5c\libSdFat.a(SdioTeensy.cpp.o)
                0x000156c0                SdioCard::readSector(unsigned long, unsigned char*)
 .text._Z9sdCsWritehb
                0x00015770        0x4 .pio\build\teensy41\libc5c\libSdFat.a(SdSpiChipSelect.cpp.o)
                0x00015770                sdCsWrite(unsigned char, bool)
 .text._ZN18SdSpiArduinoDriver8activateEv
                0x00015774      0x108 .pio\build\teensy41\libc5c\libSdFat.a(SdSpiTeensy3.cpp.o)
                0x00015774                SdSpiArduinoDriver::activate()
 .text._ZN18SdSpiArduinoDriver10deactivateEv
                0x0001587c       0x58 .pio\build\teensy41\libc5c\libSdFat.a(SdSpiTeensy3.cpp.o)
                0x0001587c                SdSpiArduinoDriver::deactivate()
 .text._ZN18SdSpiArduinoDriver7receiveEv
                0x000158d4       0x18 .pio\build\teensy41\libc5c\libSdFat.a(SdSpiTeensy3.cpp.o)
                0x000158d4                SdSpiArduinoDriver::receive()
 .text._ZN18SdSpiArduinoDriver7receiveEPhj
                0x000158ec       0x20 .pio\build\teensy41\libc5c\libSdFat.a(SdSpiTeensy3.cpp.o)
                0x000158ec                SdSpiArduinoDriver::receive(unsigned char*, unsigned int)
 .text._ZN18SdSpiArduinoDriver4sendEh
                0x0001590c       0x14 .pio\build\teensy41\libc5c\libSdFat.a(SdSpiTeensy3.cpp.o)
                0x0001590c                SdSpiArduinoDriver::send(unsigned char)
 .text._ZN18SdSpiArduinoDriver4sendEPKhj
                0x00015920       0x50 .pio\build\teensy41\libc5c\libSdFat.a(SdSpiTeensy3.cpp.o)
                0x00015920                SdSpiArduinoDriver::send(unsigned char const*, unsigned int)
 .text._Z9fmtBase10Pct
                0x00015970       0x58 .pio\build\teensy41\libc5c\libSdFat.a(FmtNumber.cpp.o)
                0x00015970                fmtBase10(char*, unsigned short)
 .text._Z9fmtBase10Pcm
                0x000159c8       0x54 .pio\build\teensy41\libc5c\libSdFat.a(FmtNumber.cpp.o)
                0x000159c8                fmtBase10(char*, unsigned long)
 .text._ZN10FsDateTime11setCallbackEPFvPtS0_PhE
                0x00015a1c        0xc .pio\build\teensy41\libc5c\libSdFat.a(FsDateTime.cpp.o)
                0x00015a1c                FsDateTime::setCallback(void (*)(unsigned short*, unsigned short*, unsigned char*))
 .text._Z9fsFmtDatePct
                0x00015a28       0x54 .pio\build\teensy41\libc5c\libSdFat.a(FsDateTime.cpp.o)
                0x00015a28                fsFmtDate(char*, unsigned short)
 .text._Z9fsFmtTimePct
                0x00015a7c       0x38 .pio\build\teensy41\libc5c\libSdFat.a(FsDateTime.cpp.o)
                0x00015a7c                fsFmtTime(char*, unsigned short)
 .text._Z15fsPrintDateTimeP5Printtt
                0x00015ab4       0x44 .pio\build\teensy41\libc5c\libSdFat.a(FsDateTime.cpp.o)
                0x00015ab4                fsPrintDateTime(Print*, unsigned short, unsigned short)
 .text._ZN11Base64Class6encodeEPcS0_i
                0x00015af8      0x138 .pio\build\teensy41\libbeb\libBase64.a(Base64.cpp.o)
                0x00015af8                Base64Class::encode(char*, char*, int)
 .text._ZN11Base64Class6decodeEPcS0_i
                0x00015c30      0x1a8 .pio\build\teensy41\libbeb\libBase64.a(Base64.cpp.o)
                0x00015c30                Base64Class::decode(char*, char*, int)
 .text._Z9breakTimelR12tmElements_t
                0x00015dd8      0x1a8 .pio\build\teensy41\liba0e\libTime.a(Time.cpp.o)
                0x00015dd8                breakTime(long, tmElements_t&)
 .text._Z12refreshCachel.part.0
                0x00015f80       0x18 .pio\build\teensy41\liba0e\libTime.a(Time.cpp.o)
 .text._Z8makeTimeRK12tmElements_t
                0x00015f98      0x100 .pio\build\teensy41\liba0e\libTime.a(Time.cpp.o)
                0x00015f98                makeTime(tmElements_t const&)
 .text._Z3nowv  0x00016098       0x8c .pio\build\teensy41\liba0e\libTime.a(Time.cpp.o)
                0x00016098                now()
 .text._Z4hourv
                0x00016124       0x20 .pio\build\teensy41\liba0e\libTime.a(Time.cpp.o)
                0x00016124                hour()
 .text._Z6minutev
                0x00016144       0x20 .pio\build\teensy41\liba0e\libTime.a(Time.cpp.o)
                0x00016144                minute()
 .text._Z6secondv
                0x00016164       0x20 .pio\build\teensy41\liba0e\libTime.a(Time.cpp.o)
                0x00016164                second()
 .text._Z3dayv  0x00016184       0x20 .pio\build\teensy41\liba0e\libTime.a(Time.cpp.o)
                0x00016184                day()
 .text._Z7weekdayv
                0x000161a4       0x20 .pio\build\teensy41\liba0e\libTime.a(Time.cpp.o)
                0x000161a4                weekday()
 .text._Z5monthv
                0x000161c4       0x20 .pio\build\teensy41\liba0e\libTime.a(Time.cpp.o)
                0x000161c4                month()
 .text._Z4yearv
                0x000161e4       0x24 .pio\build\teensy41\liba0e\libTime.a(Time.cpp.o)
                0x000161e4                year()
 .text._Z7setTimel
                0x00016208       0x3c .pio\build\teensy41\liba0e\libTime.a(Time.cpp.o)
                0x00016208                setTime(long)
 .text._Z7setTimeiiiiii
                0x00016244       0x64 .pio\build\teensy41\liba0e\libTime.a(Time.cpp.o)
                0x00016244                setTime(int, int, int, int, int, int)
 .text._Z15setSyncProviderPFlvE
                0x000162a8       0x1c .pio\build\teensy41\liba0e\libTime.a(Time.cpp.o)
                0x000162a8                setSyncProvider(long (*)())
 .text._ZN14HardwareSerial17availableForWriteEv
                0x000162c4       0x20 .pio\build\teensy41\libFrameworkArduino.a(HardwareSerial.cpp.o)
                0x000162c4                HardwareSerial::availableForWrite()
 .text._ZN14HardwareSerial9availableEv
                0x000162e4       0x58 .pio\build\teensy41\libFrameworkArduino.a(HardwareSerial.cpp.o)
                0x000162e4                HardwareSerial::available()
 .text._ZN14HardwareSerial4peekEv
                0x0001633c       0xb4 .pio\build\teensy41\libFrameworkArduino.a(HardwareSerial.cpp.o)
                0x0001633c                HardwareSerial::peek()
 .text._ZN14HardwareSerial4readEv
                0x000163f0       0xd4 .pio\build\teensy41\libFrameworkArduino.a(HardwareSerial.cpp.o)
                0x000163f0                HardwareSerial::read()
 .text._ZN14HardwareSerial5flushEv
                0x000164c4       0x1c .pio\build\teensy41\libFrameworkArduino.a(HardwareSerial.cpp.o)
                0x000164c4                HardwareSerial::flush()
 .text._Z23nvic_execution_priorityv
                0x000164e0       0x40 .pio\build\teensy41\libFrameworkArduino.a(HardwareSerial.cpp.o)
                0x000164e0                nvic_execution_priority()
 .text._ZN14HardwareSerial5beginEmt
                0x00016520      0x274 .pio\build\teensy41\libFrameworkArduino.a(HardwareSerial.cpp.o)
                0x00016520                HardwareSerial::begin(unsigned long, unsigned short)
 .text._ZN14HardwareSerial9write9bitEm
                0x00016794       0xec .pio\build\teensy41\libFrameworkArduino.a(HardwareSerial.cpp.o)
                0x00016794                HardwareSerial::write9bit(unsigned long)
 .text._ZN14HardwareSerial5writeEh
                0x00016880        0x4 .pio\build\teensy41\libFrameworkArduino.a(HardwareSerial.cpp.o)
                0x00016880                HardwareSerial::write(unsigned char)
 .text._ZN14HardwareSerial10IRQHandlerEv
                0x00016884      0x148 .pio\build\teensy41\libFrameworkArduino.a(HardwareSerial.cpp.o)
                0x00016884                HardwareSerial::IRQHandler()
 .text.IRQHandler_Serial2
                0x000169cc        0xc .pio\build\teensy41\libFrameworkArduino.a(HardwareSerial2.cpp.o)
                0x000169cc                IRQHandler_Serial2
 .text._ZN5Print5writeEPKhj
                0x000169d8       0x2c .pio\build\teensy41\libFrameworkArduino.a(Print.cpp.o)
                0x000169d8                Print::write(unsigned char const*, unsigned int)
 .text._write   0x00016a04       0x10 .pio\build\teensy41\libFrameworkArduino.a(Print.cpp.o)
                0x00016a04                _write
 .text._ZN5Print6printfEPKcz
                0x00016a14       0x20 .pio\build\teensy41\libFrameworkArduino.a(Print.cpp.o)
                0x00016a14                Print::printf(char const*, ...)
 .text._ZN6Stream9timedReadEv
                0x00016a34       0x30 .pio\build\teensy41\libFrameworkArduino.a(Stream.cpp.o)
                0x00016a34                Stream::timedRead()
 .text._ZN6Stream10setTimeoutEm
                0x00016a64        0x4 .pio\build\teensy41\libFrameworkArduino.a(Stream.cpp.o)
                0x00016a64                Stream::setTimeout(unsigned long)
 .text._ZN6Stream9readBytesEPcj
                0x00016a68       0x34 .pio\build\teensy41\libFrameworkArduino.a(Stream.cpp.o)
                0x00016a68                Stream::readBytes(char*, unsigned int)
 .text._ZN6StringD2Ev
                0x00016a9c       0x10 .pio\build\teensy41\libFrameworkArduino.a(WString.cpp.o)
                0x00016a9c                String::~String()
                0x00016a9c                String::~String()
 .text._ZN6String7reserveEj
                0x00016aac       0x2c .pio\build\teensy41\libFrameworkArduino.a(WString.cpp.o)
                0x00016aac                String::reserve(unsigned int)
 .text._ZN6String4copyEPKcj
                0x00016ad8       0x44 .pio\build\teensy41\libFrameworkArduino.a(WString.cpp.o)
                0x00016ad8                String::copy(char const*, unsigned int)
 .text._ZN6StringC2EPKc
                0x00016b1c       0x28 .pio\build\teensy41\libFrameworkArduino.a(WString.cpp.o)
                0x00016b1c                String::String(char const*)
                0x00016b1c                String::String(char const*)
 .text.set_arm_clock
                0x00016b44      0x2c4 .pio\build\teensy41\libFrameworkArduino.a(clockspeed.c.o)
                0x00016b44                set_arm_clock
 .text.delay    0x00016e08       0xcc .pio\build\teensy41\libFrameworkArduino.a(delay.c.o)
                0x00016e08                delay
 .text.micros   0x00016ed4       0x64 .pio\build\teensy41\libFrameworkArduino.a(delay.c.o)
                0x00016ed4                micros
 .text.digitalWrite.part.0
                0x00016f38       0x4c .pio\build\teensy41\libFrameworkArduino.a(digital.c.o)
 .text.digitalWrite
                0x00016f84        0xc .pio\build\teensy41\libFrameworkArduino.a(digital.c.o)
                0x00016f84                digitalWrite
 .text.pinMode  0x00016f90       0x80 .pio\build\teensy41\libFrameworkArduino.a(digital.c.o)
                0x00016f90                pinMode
 .text.dummy_isr
                0x00017010        0x4 .pio\build\teensy41\libFrameworkArduino.a(interrupt.c.o)
 .text.attachInterrupt
                0x00017014      0x164 .pio\build\teensy41\libFrameworkArduino.a(interrupt.c.o)
                0x00017014                attachInterrupt
 .text.startup.main
                0x00017178       0x10 .pio\build\teensy41\libFrameworkArduino.a(main.cpp.o)
                0x00017178                main
 .text          0x00017188      0x134 .pio\build\teensy41\libFrameworkArduino.a(memcpy-armv7m.S.o)
                0x00017188                memcpy
 .text._Znwj    0x000172bc        0x4 .pio\build\teensy41\libFrameworkArduino.a(new.cpp.o)
                0x000172bc                operator new(unsigned int)
 .text._ZdlPvj  0x000172c0        0x4 .pio\build\teensy41\libFrameworkArduino.a(new.cpp.o)
                0x000172c0                operator delete(void*, unsigned int)
 .text.ultoa    0x000172c4       0x50 .pio\build\teensy41\libFrameworkArduino.a(nonstd.c.o)
                0x000172c4                ultoa
 .text.pwm_init
                0x00017314      0x2b8 .pio\build\teensy41\libFrameworkArduino.a(pwm.c.o)
                0x00017314                pwm_init
 .text.rtc_get  0x000175cc       0x30 .pio\build\teensy41\libFrameworkArduino.a(rtc.c.o)
                0x000175cc                rtc_get
 .text.rtc_set  0x000175fc       0x50 .pio\build\teensy41\libFrameworkArduino.a(rtc.c.o)
                0x000175fc                rtc_set
 .text._Z12serialEvent2v
                0x0001764c        0x4 .pio\build\teensy41\libFrameworkArduino.a(serialEvent2.cpp.o)
                0x0001764c                serialEvent2()
 .text.unused_interrupt_vector
                0x00017650       0x18 .pio\build\teensy41\libFrameworkArduino.a(startup.c.o)
                0x00017650                unused_interrupt_vector
 .text.startup_default_early_hook
                0x00017668        0x4 .pio\build\teensy41\libFrameworkArduino.a(startup.c.o)
                0x00017668                startup_early_hook
                0x00017668                startup_default_early_hook
 .text.startup_default_late_hook
                0x0001766c        0x4 .pio\build\teensy41\libFrameworkArduino.a(startup.c.o)
                0x0001766c                startup_late_hook
                0x0001766c                startup_default_late_hook
 .text.HardFault_HandlerC
                0x00017670       0x8c .pio\build\teensy41\libFrameworkArduino.a(startup.c.o)
                0x00017670                HardFault_HandlerC
 .text._sbrk    0x000176fc       0x30 .pio\build\teensy41\libFrameworkArduino.a(startup.c.o)
                0x000176fc                _sbrk
 .text.__cxa_guard_acquire
                0x0001772c        0xc .pio\build\teensy41\libFrameworkArduino.a(startup.c.o)
                0x0001772c                __cxa_guard_acquire
 .text.__cxa_guard_release
                0x00017738        0x8 .pio\build\teensy41\libFrameworkArduino.a(startup.c.o)
                0x00017738                __cxa_guard_release
 .text.Panic_Temp_isr
                0x00017740       0x24 .pio\build\teensy41\libFrameworkArduino.a(tempmon.c.o)
                0x00017740                Panic_Temp_isr
 .text.schedule_transfer
                0x00017764       0x84 .pio\build\teensy41\libFrameworkArduino.a(usb.c.o)
 .text.run_callbacks
                0x000177e8       0x38 .pio\build\teensy41\libFrameworkArduino.a(usb.c.o)
 .text.endpoint0_transmit.constprop.1
                0x00017820       0xa0 .pio\build\teensy41\libFrameworkArduino.a(usb.c.o)
 .text.isr      0x000178c0      0x680 .pio\build\teensy41\libFrameworkArduino.a(usb.c.o)
 .text.usb_config_rx
                0x00017f40       0x64 .pio\build\teensy41\libFrameworkArduino.a(usb.c.o)
                0x00017f40                usb_config_rx
 .text.usb_config_tx
                0x00017fa4       0x68 .pio\build\teensy41\libFrameworkArduino.a(usb.c.o)
                0x00017fa4                usb_config_tx
 .text.usb_prepare_transfer
                0x0001800c       0x30 .pio\build\teensy41\libFrameworkArduino.a(usb.c.o)
                0x0001800c                usb_prepare_transfer
 .text.usb_transmit
                0x0001803c       0x28 .pio\build\teensy41\libFrameworkArduino.a(usb.c.o)
                0x0001803c                usb_transmit
 .text.usb_receive
                0x00018064       0x24 .pio\build\teensy41\libFrameworkArduino.a(usb.c.o)
                0x00018064                usb_receive
 .text.usb_transfer_status
                0x00018088        0x4 .pio\build\teensy41\libFrameworkArduino.a(usb.c.o)
                0x00018088                usb_transfer_status
 .text.usb_init_serialnumber
                0x0001808c       0x58 .pio\build\teensy41\libFrameworkArduino.a(usb_desc.c.o)
                0x0001808c                usb_init_serialnumber
 .text._ZN16usb_serial_class5clearEv
                0x000180e4        0x4 .pio\build\teensy41\libFrameworkArduino.a(usb_inst.cpp.o)
                0x000180e4                usb_serial_class::clear()
 .text._ZN16usb_serial_class4peekEv
                0x000180e8        0x4 .pio\build\teensy41\libFrameworkArduino.a(usb_inst.cpp.o)
                0x000180e8                usb_serial_class::peek()
 .text._ZN16usb_serial_class4readEv
                0x000180ec        0x4 .pio\build\teensy41\libFrameworkArduino.a(usb_inst.cpp.o)
                0x000180ec                usb_serial_class::read()
 .text._ZN16usb_serial_class9availableEv
                0x000180f0        0x4 .pio\build\teensy41\libFrameworkArduino.a(usb_inst.cpp.o)
                0x000180f0                usb_serial_class::available()
 .text._ZN16usb_serial_class5flushEv
                0x000180f4        0x4 .pio\build\teensy41\libFrameworkArduino.a(usb_inst.cpp.o)
                0x000180f4                usb_serial_class::flush()
 .text._ZN16usb_serial_class17availableForWriteEv
                0x000180f8        0x4 .pio\build\teensy41\libFrameworkArduino.a(usb_inst.cpp.o)
                0x000180f8                usb_serial_class::availableForWrite()
 .text._ZN16usb_serial_class5writeEPKhj
                0x000180fc        0x8 .pio\build\teensy41\libFrameworkArduino.a(usb_inst.cpp.o)
                0x000180fc                usb_serial_class::write(unsigned char const*, unsigned int)
 .text._ZN16usb_serial_class5writeEh
                0x00018104        0x8 .pio\build\teensy41\libFrameworkArduino.a(usb_inst.cpp.o)
                0x00018104                usb_serial_class::write(unsigned char)
 .text.rx_queue_transfer